V/DexLibLoader( 1323): Loaded 4 raw lines of metadata.
V/DexLibLoader( 1323): Secondary program dex metadata: secondary-1.dex.jar.xz 67dacb695fa8d1623302e29e51f9d8d6a6eeec27 secondary.dex01.Canary
V/DexLibLoader( 1323): Secondary program dex metadata: secondary-2.dex.jar.xz 8c2369cab8de72ed296f7b3e7b8884a967ab300e secondary.dex02.Canary
V/DexLibLoader( 1323): Secondary program dex metadata: secondary-3.dex.jar.xz cff192dd14260135270b485064fec9e5dc42e243 secondary.dex03.Canary
V/DexLibLoader( 1323): Secondary program dex metadata: secondary-4.dex.jar.xz 93d535c7ed7ef87cec994f1db3d2734154cd0495 secondary.dex04.Canary
W/DexLibLoader( 1323): Unexpected file in program dex directory: /data/data/com.facebook.katana/app_secondary_program_dex/temp_dex_lock
V/DexLibLoader( 1323): Preparing to extract secondary-1.dex.jar.xz to /data/data/com.facebook.katana/app_secondary_program_dex/program-67dacb695fa8d1623302e29e51f9d8d6a6eeec27eff0492.dex.jar
V/DexLibLoader( 1323): Dex already copied
D/OdexVerifier( 1323): Odex verification is skipped.
V/DexLibLoader( 1323): Creating class loader
V/DexLibLoader( 1323): Finished creating class loader
V/DexLibLoader( 1323): Preparing to extract secondary-2.dex.jar.xz to /data/data/com.facebook.katana/app_secondary_program_dex/program-8c2369cab8de72ed296f7b3e7b8884a967ab300eeff0492.dex.jar
V/DexLibLoader( 1323): Dex already copied
D/OdexVerifier( 1323): Odex verification is skipped.
V/DexLibLoader( 1323): Creating class loader
V/DexLibLoader( 1323): Finished creating class loader
V/DexLibLoader( 1323): Preparing to extract secondary-3.dex.jar.xz to /data/data/com.facebook.katana/app_secondary_program_dex/program-cff192dd14260135270b485064fec9e5dc42e243eff0492.dex.jar
V/DexLibLoader( 1323): Dex already copied
D/OdexVerifier( 1323): Odex verification is skipped.
V/DexLibLoader( 1323): Creating class loader
V/DexLibLoader( 1323): Finished creating class loader
V/DexLibLoader( 1323): Preparing to extract secondary-4.dex.jar.xz to /data/data/com.facebook.katana/app_secondary_program_dex/program-93d535c7ed7ef87cec994f1db3d2734154cd0495eff0492.dex.jar
V/DexLibLoader( 1323): Dex already copied
D/OdexVerifier( 1323): Odex verification is skipped.
V/DexLibLoader( 1323): Creating class loader
V/DexLibLoader( 1323): Finished creating class loader
V/DexLibLoader( 1323): Verifying classes from secondary dexes.
D/DexLibLoader( 1323): DexLibLoader.ensureDexLoaded took 177 ms
D/dalvikvm( 1323): Trying to load lib /data/app-lib/com.facebook.katana-2/libfb_dalvik-internals.so 0x41be6ee8
D/dalvikvm( 1323): Added shared lib /data/app-lib/com.facebook.katana-2/libfb_dalvik-internals.so 0x41be6ee8
D/dalvikvm( 1289): Trying to load lib /data/app-lib/com.facebook.orca-2/libfb_stl_shared.so 0x41be9e88
D/dalvikvm( 1289): Shared lib '/data/app-lib/com.facebook.orca-2/libfb_stl_shared.so' already loaded in same CL 0x41be9e88
D/dalvikvm( 1289): Trying to load lib /data/app-lib/com.facebook.orca-2/libfb.so 0x41be9e88
D/dalvikvm( 1289): Added shared lib /data/app-lib/com.facebook.orca-2/libfb.so 0x41be9e88
D/dalvikvm( 1289): No JNI_OnLoad found in /data/app-lib/com.facebook.orca-2/libfb.so 0x41be9e88, skipping init
D/dalvikvm( 1289): Trying to load lib /data/app-lib/com.facebook.orca-2/libfb_breakpad_client.so 0x41be9e88
D/dalvikvm( 1289): Shared lib '/data/app-lib/com.facebook.orca-2/libfb_breakpad_client.so' already loaded in same CL 0x41be9e88
D/dalvikvm( 1289): Trying to load lib /data/app-lib/com.facebook.orca-2/libfbjni.so 0x41be9e88
D/dalvikvm( 1289): Added shared lib /data/app-lib/com.facebook.orca-2/libfbjni.so 0x41be9e88
D/dalvikvm( 1289): Trying to load lib /data/app-lib/com.facebook.orca-2/libheartbleed.so 0x41be9e88
D/dalvikvm( 1289): Added shared lib /data/app-lib/com.facebook.orca-2/libheartbleed.so 0x41be9e88
I/dalvik-internals( 1323): Successfully looked up JNI_GetCreatedJavaVMs
I/dalvik-internals( 1323): Successfully looked up gDvm
E/dalvik-internals( 1323): Failed to look up ladDumpProfiles
E/dalvik-internals( 1323): Failed to look up ladResetProfiles
E/dalvik-internals( 1323): Failed to look up ladPrintHeaderInfo
I/dalvik-internals( 1323): gDvm has value 0x40a042c0.  Searching for vmList (initial offset in [704,1480]).
I/dalvik-internals( 1323): Beginning search.  Actual offset in [704,1468].
E/dalvik-internals( 1323): Failed to find vmList in gDvm.  Going to brute-force search for LinearAllocHdr.
D/dalvik-internals( 1323): Evaluating LinearAllocHdr candidate at 0x418539c8.
I/dalvik-internals( 1323): Found LinearAllocHdr (with no vmList) at offset 952.
W/BroadcastQueue(  418): Permission Denial: broadcasting Intent { act=android.net.conn.CONNECTIVITY_CHANGE flg=0x8000010 (has extras) } from null (pid=-1, uid=-1) requires com.facebook.permission.prod.FB_APP_COMMUNICATION due to registered receiver BroadcastFilter{42accfa0 u0 ReceiverList{42acd660 1289 com.facebook.orca/10119/u0 remote:42aab7b0}}
W/BroadcastQueue(  418): Permission Denial: broadcasting Intent { act=android.net.conn.CONNECTIVITY_CHANGE flg=0x8000010 (has extras) } from null (pid=-1, uid=-1) requires com.facebook.permission.prod.FB_APP_COMMUNICATION due to registered receiver BroadcastFilter{429a0c30 u0 ReceiverList{41fb2e38 1289 com.facebook.orca/10119/u0 remote:420d7518}}
I/System.out( 1289): ~~~ loading file libphone_data/PhoneNumberMetadataProto_US
W/dalvikvm( 1323): method Lcom/facebook/reflex/view/AbstractListView;.invalidate incorrectly overrides package-private method with same name in Landroid/view/View;
W/dalvikvm( 1323): method Lcom/facebook/reflex/view/GalleryViewAutoReflex;.invalidate incorrectly overrides package-private method with same name in Landroid/view/View;
W/dalvikvm( 1323): method Lcom/facebook/reflex/view/HorizontalScrollViewAutoReflex;.invalidate incorrectly overrides package-private method with same name in Landroid/view/View;
W/dalvikvm( 1323): method Lcom/facebook/reflex/view/ImageViewAutoReflex;.invalidate incorrectly overrides package-private method with same name in Landroid/view/View;
W/dalvikvm( 1323): method Lcom/facebook/reflex/view/ScrollViewAutoReflex;.invalidate incorrectly overrides package-private method with same name in Landroid/view/View;
W/dalvikvm( 1323): method Lcom/facebook/reflex/view/ViewPagerAutoReflex;.invalidate incorrectly overrides package-private method with same name in Landroid/view/View;
W/dalvikvm( 1323): method Lcom/facebook/reflex/view/FrameLayoutAutoReflex;.invalidate incorrectly overrides package-private method with same name in Landroid/view/View;
W/FolderScanner2(  649): Old files/folders deleted from DB=0/0
W/FolderScanner2(  649): Scanned dirs: 152, files: 344 in 679ms, 506.6 files per sec, 223.9 folders per sec
W/LibraryScanner(  649): processFiles in 22ms, files=0
W/fb4a(:dash_service):StaticBindingVerifier( 1323): Verify
I/ActivityManager(  418): Start proc com.android.dialer for broadcast com.android.dialer/.calllog.CallLogReceiver: pid=1364 uid=10018 gids={50018, 3003, 1015, 1028}
W/LibraryScanner(  649): doScan in 714ms
I/EntropyMixer(  418): Writing entropy...
E/NotificationService(  418): Not posting notification with icon==0: Notification(pri=0 contentView=null vibrate=default sound=content://media/internal/audio/media/21 defaults=0xfffffffe flags=0x0 kind=[null])
E/NotificationService(  418): WARNING: In a future release this will crash the app: com.android.systemui
V/MediaPlayer-JNI(  552): native_setup
V/MediaPlayer(  552): constructor
V/MediaPlayer(  552): setListener
V/MediaPlayer-JNI(  552): setAudioStreamType: 5
V/MediaPlayer(  552): MediaPlayer::setAudioStreamType
I/ActivityManager(  418): Start proc com.facebook.katana for content provider com.facebook.katana/.provider.orca.FbSharedPreferencesContentProvider: pid=1396 uid=10100 gids={50100, 1006, 1015, 1028, 3003}
I/HeadsetService(  723): Starting service.
V/MediaPlayer-JNI(  552): setDataSourceFD: fd 50
V/MediaPlayer(  552): setDataSource(50, 0, 576460752303423487)
V/MediaPlayerService(  135): Client(1) constructor
V/MediaPlayerService(  135): Create new client(1) from pid 552, uid 10042, 
V/MediaPlayerService(  135): setDataSource fd=17, offset=0, length=576460752303423487
V/MediaPlayerService(  135): st_dev  = 66306
V/MediaPlayerService(  135): st_mode = 33188
V/MediaPlayerService(  135): st_uid  = 0
V/MediaPlayerService(  135): st_gid  = 0
V/MediaPlayerService(  135): st_size = 7593
V/MediaPlayerService(  135): calculated length = 7593
V/MediaPlayerFactory(  135): MediaPlayerFactory::getPlayerType - Enter
V/MediaPlayerFactory(  135): MediaPlayerFactory::getPlayerType - fd[17] at (0=>7593)
D/MediaPlayerFactory(  135): GET_PLAYER_TYPE_IMPL - 4 registered players
D/MediaPlayerFactory(  135): GET_PLAYER_TYPE_IMPL -     try player #0
V/MediaPlayerFactory(  135): SonivoxPlayerFactory::scoreFactory - Enter
V/MediaPlayerFactory(  135): SonivoxPlayerFactory::scoreFactory - fd[17] at (0=>7593)
V/MediaPlayerFactory(  135): SonivoxPlayerFactory::scoreFactory - curScore = 0.000000
V/MediaPlayerFactory(  135): SonivoxPlayerFactory::scoreFactory - default score 0.8
V/MediaPlayerFactory(  135): SonivoxPlayerFactory::scoreFactory - NO midi device - scored 0.0
D/MediaPlayerFactory(  135): GET_PLAYER_TYPE_IMPL -     player[0]=0.000000
D/MediaPlayerFactory(  135): GET_PLAYER_TYPE_IMPL -     try player #1
V/MediaPlayerFactory(  135): StagefrightPlayerFactory::scoreFactory - Enter
D/MediaPlayerFactory(  135): StagefrightPlayerFactory:scoreFactory - fd[17] at {0=>7593}
D/MediaPlayerFactory(  135): StagefrightPlayerFactory:scoreFactory - cur score = 0.000000
D/MediaPlayerFactory(  135): StagefrightPlayerFactory:scoreFactory - def score = 1.0
V/MediaPlayerFactory(  135): StagefrightPlayerFactory::scoreFactory - Ogg scored 1.0
D/MediaPlayerFactory(  135): GET_PLAYER_TYPE_IMPL -     player[1]=1.000000
D/MediaPlayerFactory(  135): GET_PLAYER_TYPE_IMPL -     new best score for STAGEFRIGHT_Player
D/MediaPlayerFactory(  135): GET_PLAYER_TYPE_IMPL -     try player #2
D/MediaPlayerFactory(  135): GET_PLAYER_TYPE_IMPL -     player[2]=0.000000
D/MediaPlayerFactory(  135): GET_PLAYER_TYPE_IMPL -     try player #3
D/MediaPlayerFactory(  135): GET_PLAYER_TYPE_IMPL -     player[3]=0.000000
D/MediaPlayerFactory(  135): GET_PLAYER_TYPE_IMPL - best score = 1.000000
D/MediaPlayerFactory(  135): GET_PLAYER_TYPE_IMPL - for player[1]=STAGEFRIGHT_Player
V/MediaPlayerService(  135): player type = 3
V/MediaPlayerFactory(  135): MediaPlayerFactory::createPlayer - Enter
D/MediaPlayerFactory(  135): MediaPlayerFactory::createPlayer - playerType = 3
D/MediaPlayerFactory(  135): MediaPlayerFactory::createPlayer - cookie = 0x40dcf980
V/MediaPlayerFactory(  135):  create StagefrightPlayer
V/StagefrightPlayer(  135): StagefrightPlayer
V/StagefrightPlayer(  135): initCheck
D/MediaPlayerFactory(  135): MediaPlayerFactory::createPlayer - playerType = 3 init OK
D/MediaPlayerFactory(  135): MediaPlayerFactory::createPlayer - playerType = 3 created
V/AwesomePlayer(  135): AwesomePlayer running on behalf of uid 10042
V/AudioSink(  135): AudioOutput(13)
V/StagefrightPlayer(  135): setDataSource(17, 0, 7593)
D/AwesomePlayer(  135): Before reset_l
D/AwesomePlayer(  135): printFileName fd(31) -> /system/media/audio/notifications/Aldebaran.ogg
V/MPEG4Extractor(  135): saw chunk type , size 1332176723 @ 0
I/RecoverySystem(  418): No recovery log file
I/ActivityManager(  418): Start proc com.cyanogenmod.account for broadcast com.cyanogenmod.account/.receiver.BootReceiver: pid=1411 uid=10005 gids={50005, 3003, 1028}
V/MediaExtractor(  135): Autodetected media content as 'application/ogg' with confidence 0.20
I/BootReceiver(  418): Copying /proc/last_kmsg to DropBox (SYSTEM_LAST_KMSG)
V/AwesomePlayer(  135): AwesomePlayer::setDataSource_l - drmFlag = 0
V/AwesomePlayer(  135): track of type 'audio/vorbis' does not publish bitrate
V/AwesomePlayer(  135): mBitrate = -1 bits/sec
V/MediaPlayerService(  135):  setDataSource
V/MediaPlayer-JNI(  552): setLooping: 0
V/MediaPlayer(  552): MediaPlayer::setLooping
V/MediaPlayerService(  135): [1] setLooping(0)
V/StagefrightPlayer(  135): setLooping
V/MediaPlayer(  552): setVideoSurfaceTexture
V/MediaPlayerService(  135): [1] setVideoSurfaceTexture(0x0)
V/MediaPlayer(  552): prepare
V/MediaPlayerService(  135): [1] setAudioStreamType(5)
V/MediaPlayerService(  135): [1] prepareAsync
V/OMXCodec(  135): matchComponentName (null) 
V/OMXCodec(  135): matching 'OMX.google.vorbis.decoder' quirks 0x00000000
V/OMXCodec(  135): Attempting to allocate OMX node 'OMX.google.vorbis.decoder'
V/OMXCodec(  135): Successfully allocated OMX node 'OMX.google.vorbis.decoder'
V/OMXCodec(  135): configureCodec protected=0
V/OMXCodec(  135): [OMX.google.vorbis.decoder] OMXCodec::start 
V/OMXCodec(  135): [OMX.google.vorbis.decoder] allocating 4 buffers of size 8192 on input port
V/OMXCodec(  135): [OMX.google.vorbis.decoder] allocated buffer 0x410166c8 on input port
V/OMXCodec(  135): [OMX.google.vorbis.decoder] allocated buffer 0x411e8d90 on input port
V/OMXCodec(  135): [OMX.google.vorbis.decoder] allocated buffer 0x411e8e48 on input port
V/OMXCodec(  135): [OMX.google.vorbis.decoder] allocated buffer 0x411e8f00 on input port
V/OMXCodec(  135): [OMX.google.vorbis.decoder] allocating 4 buffers of size 32768 on output port
V/OMXCodec(  135): [OMX.google.vorbis.decoder] allocated buffer 0x40ddf0b0 on output port
V/OMXCodec(  135): [OMX.google.vorbis.decoder] allocated buffer 0x40ddf2c0 on output port
V/OMXCodec(  135): [OMX.google.vorbis.decoder] allocated buffer 0x40ddf400 on output port
V/OMXCodec(  135): [OMX.google.vorbis.decoder] allocated buffer 0x40ddf528 on output port
V/OMXCodec(  135): [OMX.google.vorbis.decoder] onStateChange 2
V/OMXCodec(  135): [OMX.google.vorbis.decoder] Now Idle.
V/OMXCodec(  135): [OMX.google.vorbis.decoder] onStateChange 3
V/OMXCodec(  135): [OMX.google.vorbis.decoder] Now Executing.
V/MediaPlayerService(  135): [1] notify (0x40dcf980, 5, 0, 0)
V/MediaPlayerService(  135): [1] notify (0x40dcf980, 1, 0, 0)
V/MediaPlayer(  552): message received msg=5, ext1=0, ext2=0
V/MediaPlayer(  552): New video size 0 x 0
V/MediaPlayer(  552): callback application
V/MediaPlayer(  552): back from callback
V/MediaPlayer(  552): message received msg=1, ext1=0, ext2=0
V/MediaPlayer(  552): prepared
V/MediaPlayer(  552): signal application thread
V/MediaPlayer(  552): callback application
V/MediaPlayer(  552): back from callback
V/MediaPlayer(  552): prepare complete - status=0
I/AudioService(  418):  AudioFocus  requestAudioFocus() from android.media.AudioManager@41f15478
V/MediaPlayer-JNI(  552): start
V/MediaPlayer(  552): start
V/MediaPlayerService(  135): [1] setLooping(0)
V/StagefrightPlayer(  135): setLooping
V/MediaPlayerService(  135): [1] setVolume(1.000000, 1.000000)
V/AudioSink(  135): setVolume(1.000000, 1.000000)
V/MediaPlayerService(  135): [1] setAuxEffectSendLevel(0.000000)
V/AudioSink(  135): setAuxEffectSendLevel(0.000000)
V/MediaPlayerService(  135): [1] start
V/StagefrightPlayer(  135): setLooping
V/StagefrightPlayer(  135): start
V/OMXCodec(  135): [OMX.google.vorbis.decoder] calling emptyBuffer with codec specific data
V/OMXCodec(  135): [OMX.google.vorbis.decoder] calling emptyBuffer with codec specific data
V/OMXCodec(  135): [OMX.google.vorbis.decoder] Calling emptyBuffer on buffer 0x411e8e48 (length 65), timestamp 604013 us (0.60 secs)
V/OMXCodec(  135): [OMX.google.vorbis.decoder] Calling emptyBuffer on buffer 0x411e8f00 (length 62), timestamp 604013 us (0.60 secs)
V/OMXCodec(  135): [OMX.google.vorbis.decoder] Calling fillBuffer on buffer 0x40ddf0b0
V/OMXCodec(  135): [OMX.google.vorbis.decoder] Calling fillBuffer on buffer 0x40ddf2c0
V/OMXCodec(  135): [OMX.google.vorbis.decoder] Calling fillBuffer on buffer 0x40ddf400
V/OMXCodec(  135): [OMX.google.vorbis.decoder] Calling fillBuffer on buffer 0x40ddf528
V/OMXCodec(  135): [OMX.google.vorbis.decoder] EMPTY_BUFFER_DONE(buffer: 0x410166c8)
V/OMXCodec(  135): [OMX.google.vorbis.decoder] Calling emptyBuffer on buffer 0x410166c8 (length 56), timestamp 604013 us (0.60 secs)
V/OMXCodec(  135): [OMX.google.vorbis.decoder] OMX_EventPortSettingsChanged(port=1, data2=0x00000000)
V/OMXCodec(  135): [OMX.google.vorbis.decoder] PORT_SETTINGS_CHANGED(1)
V/OMXCodec(  135): [OMX.google.vorbis.decoder] sending OMX_CommandPortDisable(1)
V/OMXCodec(  135): [OMX.google.vorbis.decoder] EMPTY_BUFFER_DONE(buffer: 0x411e8d90)
V/OMXCodec(  135): [OMX.google.vorbis.decoder] Calling emptyBuffer on buffer 0x411e8d90 (length 60), timestamp 604013 us (0.60 secs)
V/OMXCodec(  135): [OMX.google.vorbis.decoder] FILL_BUFFER_DONE(buffer: 0x40ddf0b0, size: 0, flags: 0x00000000, timestamp: 0 us (0.00 secs))
V/OMXCodec(  135): [OMX.google.vorbis.decoder] Port is disabled, freeing buffer 0x40ddf0b0
I/OMXNodeInstance(  135): OMX_FreeBuffer for buffer header 0x40ddf0b0 successful
V/OMXCodec(  135): [OMX.google.vorbis.decoder] FILL_BUFFER_DONE(buffer: 0x40ddf2c0, size: 0, flags: 0x00000000, timestamp: 0 us (0.00 secs))
V/OMXCodec(  135): [OMX.google.vorbis.decoder] Port is disabled, freeing buffer 0x40ddf2c0
I/OMXNodeInstance(  135): OMX_FreeBuffer for buffer header 0x40ddf2c0 successful
V/OMXCodec(  135): [OMX.google.vorbis.decoder] FILL_BUFFER_DONE(buffer: 0x40ddf400, size: 0, flags: 0x00000000, timestamp: 0 us (0.00 secs))
V/OMXCodec(  135): [OMX.google.vorbis.decoder] Port is disabled, freeing buffer 0x40ddf400
I/OMXNodeInstance(  135): OMX_FreeBuffer for buffer header 0x40ddf400 successful
V/OMXCodec(  135): [OMX.google.vorbis.decoder] FILL_BUFFER_DONE(buffer: 0x40ddf528, size: 0, flags: 0x00000000, timestamp: 0 us (0.00 secs))
V/OMXCodec(  135): [OMX.google.vorbis.decoder] Port is disabled, freeing buffer 0x40ddf528
I/OMXNodeInstance(  135): OMX_FreeBuffer for buffer header 0x40ddf528 successful
V/OMXCodec(  135): [OMX.google.vorbis.decoder] PORT_DISABLED(1)
V/OMXCodec(  135): [OMX.google.vorbis.decoder] sending OMX_CommandPortEnable(1)
V/OMXCodec(  135): [OMX.google.vorbis.decoder] allocating 4 buffers of size 32768 on output port
V/OMXCodec(  135): [OMX.google.vorbis.decoder] allocated buffer 0x4007c928 on output port
V/OMXCodec(  135): [OMX.google.vorbis.decoder] allocated buffer 0x4007ca00 on output port
V/OMXCodec(  135): [OMX.google.vorbis.decoder] allocated buffer 0x4007cb08 on output port
V/OMXCodec(  135): [OMX.google.vorbis.decoder] allocated buffer 0x4007cc30 on output port
V/OMXCodec(  135): [OMX.google.vorbis.decoder] PORT_ENABLED(1)
V/OMXCodec(  135): [OMX.google.vorbis.decoder] Calling fillBuffer on buffer 0x4007c928
V/OMXCodec(  135): [OMX.google.vorbis.decoder] Calling fillBuffer on buffer 0x4007ca00
V/OMXCodec(  135): [OMX.google.vorbis.decoder] Calling fillBuffer on buffer 0x4007cb08
V/OMXCodec(  135): [OMX.google.vorbis.decoder] Calling fillBuffer on buffer 0x4007cc30
V/OMXCodec(  135): [OMX.google.vorbis.decoder] EMPTY_BUFFER_DONE(buffer: 0x411e8e48)
V/OMXCodec(  135): [OMX.google.vorbis.decoder] Calling emptyBuffer on buffer 0x411e8e48 (length 183), timestamp 604013 us (0.60 secs)
V/OMXCodec(  135): [OMX.google.vorbis.decoder] FILL_BUFFER_DONE(buffer: 0x4007c928, size: 0, flags: 0x00000000, timestamp: 604013 us (0.60 secs))
V/AudioSink(  135): open(44100, 1, 0x0, 1, 4, 13)
V/OMXCodec(  135): [OMX.google.vorbis.decoder] EMPTY_BUFFER_DONE(buffer: 0x411e8f00)
V/OMXCodec(  135): [OMX.google.vorbis.decoder] Calling emptyBuffer on buffer 0x411e8f00 (length 57), timestamp 604013 us (0.60 secs)
V/OMXCodec(  135): [OMX.google.vorbis.decoder] FILL_BUFFER_DONE(buffer: 0x4007ca00, size: 256, flags: 0x00000000, timestamp: 604013 us (0.60 secs))
V/OMXCodec(  135): [OMX.google.vorbis.decoder] EMPTY_BUFFER_DONE(buffer: 0x410166c8)
V/OMXCodec(  135): [OMX.google.vorbis.decoder] Calling emptyBuffer on buffer 0x410166c8 (length 60), timestamp 604013 us (0.60 secs)
V/OMXCodec(  135): [OMX.google.vorbis.decoder] FILL_BUFFER_DONE(buffer: 0x4007cb08, size: 256, flags: 0x00000000, timestamp: 604013 us (0.60 secs))
V/AudioSink(  135): setVolume
V/AudioSink(  135): start
V/OMXCodec(  135): [OMX.google.vorbis.decoder] EMPTY_BUFFER_DONE(buffer: 0x411e8d90)
V/OMXCodec(  135): [OMX.google.vorbis.decoder] Calling emptyBuffer on buffer 0x411e8d90 (length 61), timestamp 604013 us (0.60 secs)
V/OMXCodec(  135): [OMX.google.vorbis.decoder] FILL_BUFFER_DONE(buffer: 0x4007cc30, size: 256, flags: 0x00000000, timestamp: 604013 us (0.60 secs))
V/OMXCodec(  135): [OMX.google.vorbis.decoder] Calling fillBuffer on buffer 0x4007c928
V/OMXCodec(  135): [OMX.google.vorbis.decoder] Calling fillBuffer on buffer 0x4007ca00
V/OMXCodec(  135): [OMX.google.vorbis.decoder] Calling fillBuffer on buffer 0x4007cb08
V/OMXCodec(  135): [OMX.google.vorbis.decoder] Calling fillBuffer on buffer 0x4007cc30
V/OMXCodec(  135): [OMX.google.vorbis.decoder] EMPTY_BUFFER_DONE(buffer: 0x411e8e48)
V/OMXCodec(  135): [OMX.google.vorbis.decoder] Calling emptyBuffer on buffer 0x411e8e48 (length 61), timestamp 604013 us (0.60 secs)
V/OMXCodec(  135): [OMX.google.vorbis.decoder] FILL_BUFFER_DONE(buffer: 0x4007c928, size: 1152, flags: 0x00000000, timestamp: 604013 us (0.60 secs))
V/OMXCodec(  135): [OMX.google.vorbis.decoder] Calling fillBuffer on buffer 0x4007c928
V/OMXCodec(  135): [OMX.google.vorbis.decoder] EMPTY_BUFFER_DONE(buffer: 0x411e8f00)
V/OMXCodec(  135): [OMX.google.vorbis.decoder] Calling emptyBuffer on buffer 0x411e8f00 (length 194), timestamp 604013 us (0.60 secs)
V/OMXCodec(  135): [OMX.google.vorbis.decoder] FILL_BUFFER_DONE(buffer: 0x4007ca00, size: 1152, flags: 0x00000000, timestamp: 604013 us (0.60 secs))
V/OMXCodec(  135): [OMX.google.vorbis.decoder] Calling fillBuffer on buffer 0x4007ca00
V/OMXCodec(  135): [OMX.google.vorbis.decoder] EMPTY_BUFFER_DONE(buffer: 0x410166c8)
V/OMXCodec(  135): [OMX.google.vorbis.decoder] Calling emptyBuffer on buffer 0x410166c8 (length 57), timestamp 604013 us (0.60 secs)
V/OMXCodec(  135): [OMX.google.vorbis.decoder] FILL_BUFFER_DONE(buffer: 0x4007cb08, size: 256, flags: 0x00000000, timestamp: 604013 us (0.60 secs))
V/OMXCodec(  135): [OMX.google.vorbis.decoder] Calling fillBuffer on buffer 0x4007cb08
V/OMXCodec(  135): [OMX.google.vorbis.decoder] EMPTY_BUFFER_DONE(buffer: 0x411e8d90)
V/OMXCodec(  135): [OMX.google.vorbis.decoder] Calling emptyBuffer on buffer 0x411e8d90 (length 57), timestamp 604013 us (0.60 secs)
V/OMXCodec(  135): [OMX.google.vorbis.decoder] FILL_BUFFER_DONE(buffer: 0x4007cc30, size: 256, flags: 0x00000000, timestamp: 604013 us (0.60 secs))
V/OMXCodec(  135): [OMX.google.vorbis.decoder] Calling fillBuffer on buffer 0x4007cc30
V/OMXCodec(  135): [OMX.google.vorbis.decoder] EMPTY_BUFFER_DONE(buffer: 0x411e8e48)
V/OMXCodec(  135): [OMX.google.vorbis.decoder] Calling emptyBuffer on buffer 0x411e8e48 (length 55), timestamp 604013 us (0.60 secs)
V/OMXCodec(  135): [OMX.google.vorbis.decoder] FILL_BUFFER_DONE(buffer: 0x4007c928, size: 256, flags: 0x00000000, timestamp: 604013 us (0.60 secs))
V/OMXCodec(  135): [OMX.google.vorbis.decoder] Calling fillBuffer on buffer 0x4007c928
V/OMXCodec(  135): [OMX.google.vorbis.decoder] EMPTY_BUFFER_DONE(buffer: 0x411e8f00)
V/OMXCodec(  135): [OMX.google.vorbis.decoder] Calling emptyBuffer on buffer 0x411e8f00 (length 60), timestamp 604013 us (0.60 secs)
V/OMXCodec(  135): [OMX.google.vorbis.decoder] FILL_BUFFER_DONE(buffer: 0x4007ca00, size: 1152, flags: 0x00000000, timestamp: 604013 us (0.60 secs))
V/OMXCodec(  135): [OMX.google.vorbis.decoder] Calling fillBuffer on buffer 0x4007ca00
V/OMXCodec(  135): [OMX.google.vorbis.decoder] EMPTY_BUFFER_DONE(buffer: 0x410166c8)
V/OMXCodec(  135): [OMX.google.vorbis.decoder] Calling emptyBuffer on buffer 0x410166c8 (length 60), timestamp 604013 us (0.60 secs)
V/OMXCodec(  135): [OMX.google.vorbis.decoder] FILL_BUFFER_DONE(buffer: 0x4007cb08, size: 1152, flags: 0x00000000, timestamp: 604013 us (0.60 secs))
V/OMXCodec(  135): [OMX.google.vorbis.decoder] Calling fillBuffer on buffer 0x4007cb08
V/OMXCodec(  135): [OMX.google.vorbis.decoder] EMPTY_BUFFER_DONE(buffer: 0x411e8d90)
V/OMXCodec(  135): [OMX.google.vorbis.decoder] Calling emptyBuffer on buffer 0x411e8d90 (length 178), timestamp 604013 us (0.60 secs)
V/OMXCodec(  135): [OMX.google.vorbis.decoder] FILL_BUFFER_DONE(buffer: 0x4007cc30, size: 256, flags: 0x00000000, timestamp: 604013 us (0.60 secs))
V/OMXCodec(  135): [OMX.google.vorbis.decoder] Calling fillBuffer on buffer 0x4007cc30
V/OMXCodec(  135): [OMX.google.vorbis.decoder] EMPTY_BUFFER_DONE(buffer: 0x411e8e48)
V/OMXCodec(  135): [OMX.google.vorbis.decoder] Calling emptyBuffer on buffer 0x411e8e48 (length 53), timestamp 604013 us (0.60 secs)
V/OMXCodec(  135): [OMX.google.vorbis.decoder] FILL_BUFFER_DONE(buffer: 0x4007c928, size: 256, flags: 0x00000000, timestamp: 604013 us (0.60 secs))
V/OMXCodec(  135): [OMX.google.vorbis.decoder] Calling fillBuffer on buffer 0x4007c928
V/OMXCodec(  135): [OMX.google.vorbis.decoder] EMPTY_BUFFER_DONE(buffer: 0x411e8f00)
V/OMXCodec(  135): [OMX.google.vorbis.decoder] Calling emptyBuffer on buffer 0x411e8f00 (length 60), timestamp 604013 us (0.60 secs)
V/OMXCodec(  135): [OMX.google.vorbis.decoder] FILL_BUFFER_DONE(buffer: 0x4007ca00, size: 256, flags: 0x00000000, timestamp: 604013 us (0.60 secs))
V/OMXCodec(  135): [OMX.google.vorbis.decoder] EMPTY_BUFFER_DONE(buffer: 0x410166c8)
V/OMXCodec(  135): [OMX.google.vorbis.decoder] Calling emptyBuffer on buffer 0x410166c8 (length 62), timestamp 604013 us (0.60 secs)
V/OMXCodec(  135): [OMX.google.vorbis.decoder] FILL_BUFFER_DONE(buffer: 0x4007cb08, size: 256, flags: 0x00000000, timestamp: 604013 us (0.60 secs))
V/OMXCodec(  135): [OMX.google.vorbis.decoder] Calling fillBuffer on buffer 0x4007ca00
V/OMXCodec(  135): [OMX.google.vorbis.decoder] Calling fillBuffer on buffer 0x4007cb08
V/OMXCodec(  135): [OMX.google.vorbis.decoder] EMPTY_BUFFER_DONE(buffer: 0x411e8d90)
V/OMXCodec(  135): [OMX.google.vorbis.decoder] Calling emptyBuffer on buffer 0x411e8d90 (length 56), timestamp 604013 us (0.60 secs)
V/OMXCodec(  135): [OMX.google.vorbis.decoder] FILL_BUFFER_DONE(buffer: 0x4007cc30, size: 1152, flags: 0x00000000, timestamp: 604013 us (0.60 secs))
V/OMXCodec(  135): [OMX.google.vorbis.decoder] Calling fillBuffer on buffer 0x4007cc30
V/OMXCodec(  135): [OMX.google.vorbis.decoder] EMPTY_BUFFER_DONE(buffer: 0x411e8e48)
V/OMXCodec(  135): [OMX.google.vorbis.decoder] Calling emptyBuffer on buffer 0x411e8e48 (length 59), timestamp 604013 us (0.60 secs)
V/OMXCodec(  135): [OMX.google.vorbis.decoder] FILL_BUFFER_DONE(buffer: 0x4007c928, size: 1152, flags: 0x00000000, timestamp: 604013 us (0.60 secs))
V/OMXCodec(  135): [OMX.google.vorbis.decoder] EMPTY_BUFFER_DONE(buffer: 0x411e8f00)
V/OMXCodec(  135): [OMX.google.vorbis.decoder] Calling emptyBuffer on buffer 0x411e8f00 (length 226), timestamp 604013 us (0.60 secs)
V/OMXCodec(  135): [OMX.google.vorbis.decoder] FILL_BUFFER_DONE(buffer: 0x4007ca00, size: 256, flags: 0x00000000, timestamp: 604013 us (0.60 secs))
V/OMXCodec(  135): [OMX.google.vorbis.decoder] EMPTY_BUFFER_DONE(buffer: 0x410166c8)
V/OMXCodec(  135): [OMX.google.vorbis.decoder] Calling emptyBuffer on buffer 0x410166c8 (length 56), timestamp 604013 us (0.60 secs)
V/OMXCodec(  135): [OMX.google.vorbis.decoder] FILL_BUFFER_DONE(buffer: 0x4007cb08, size: 256, flags: 0x00000000, timestamp: 604013 us (0.60 secs))
V/OMXCodec(  135): [OMX.google.vorbis.decoder] EMPTY_BUFFER_DONE(buffer: 0x411e8d90)
V/OMXCodec(  135): [OMX.google.vorbis.decoder] Calling emptyBuffer on buffer 0x411e8d90 (length 55), timestamp 604013 us (0.60 secs)
V/OMXCodec(  135): [OMX.google.vorbis.decoder] FILL_BUFFER_DONE(buffer: 0x4007cc30, size: 256, flags: 0x00000000, timestamp: 604013 us (0.60 secs))
V/OMXCodec(  135): [OMX.google.vorbis.decoder] Calling fillBuffer on buffer 0x4007c928
V/OMXCodec(  135): [OMX.google.vorbis.decoder] Calling fillBuffer on buffer 0x4007ca00
V/OMXCodec(  135): [OMX.google.vorbis.decoder] Calling fillBuffer on buffer 0x4007cb08
V/OMXCodec(  135): [OMX.google.vorbis.decoder] Calling fillBuffer on buffer 0x4007cc30
V/OMXCodec(  135): [OMX.google.vorbis.decoder] EMPTY_BUFFER_DONE(buffer: 0x411e8e48)
V/OMXCodec(  135): [OMX.google.vorbis.decoder] Calling emptyBuffer on buffer 0x411e8e48 (length 56), timestamp 604013 us (0.60 secs)
V/OMXCodec(  135): [OMX.google.vorbis.decoder] FILL_BUFFER_DONE(buffer: 0x4007c928, size: 256, flags: 0x00000000, timestamp: 604013 us (0.60 secs))
V/OMXCodec(  135): [OMX.google.vorbis.decoder] EMPTY_BUFFER_DONE(buffer: 0x411e8f00)
V/OMXCodec(  135): [OMX.google.vorbis.decoder] Calling emptyBuffer on buffer 0x411e8f00 (length 62), timestamp 604013 us (0.60 secs)
V/OMXCodec(  135): [OMX.google.vorbis.decoder] FILL_BUFFER_DONE(buffer: 0x4007ca00, size: 1152, flags: 0x00000000, timestamp: 604013 us (0.60 secs))
V/OMXCodec(  135): [OMX.google.vorbis.decoder] EMPTY_BUFFER_DONE(buffer: 0x410166c8)
V/OMXCodec(  135): [OMX.google.vorbis.decoder] Calling emptyBuffer on buffer 0x410166c8 (length 65), timestamp 604013 us (0.60 secs)
V/OMXCodec(  135): [OMX.google.vorbis.decoder] FILL_BUFFER_DONE(buffer: 0x4007cb08, size: 1152, flags: 0x00000000, timestamp: 604013 us (0.60 secs))
V/OMXCodec(  135): [OMX.google.vorbis.decoder] EMPTY_BUFFER_DONE(buffer: 0x411e8d90)
V/OMXCodec(  135): [OMX.google.vorbis.decoder] Calling emptyBuffer on buffer 0x411e8d90 (length 230), timestamp 604013 us (0.60 secs)
V/OMXCodec(  135): [OMX.google.vorbis.decoder] FILL_BUFFER_DONE(buffer: 0x4007cc30, size: 256, flags: 0x00000000, timestamp: 604013 us (0.60 secs))
I/BootReceiver(  418): Copying audit failures to DropBox
V/OMXCodec(  135): [OMX.google.vorbis.decoder] Calling fillBuffer on buffer 0x4007c928
V/OMXCodec(  135): [OMX.google.vorbis.decoder] Calling fillBuffer on buffer 0x4007ca00
V/OMXCodec(  135): [OMX.google.vorbis.decoder] EMPTY_BUFFER_DONE(buffer: 0x411e8e48)
V/OMXCodec(  135): [OMX.google.vorbis.decoder] Calling emptyBuffer on buffer 0x411e8e48 (length 57), timestamp 604013 us (0.60 secs)
V/OMXCodec(  135): [OMX.google.vorbis.decoder] FILL_BUFFER_DONE(buffer: 0x4007c928, size: 256, flags: 0x00000000, timestamp: 604013 us (0.60 secs))
V/OMXCodec(  135): [OMX.google.vorbis.decoder] EMPTY_BUFFER_DONE(buffer: 0x411e8f00)
V/OMXCodec(  135): [OMX.google.vorbis.decoder] Calling emptyBuffer on buffer 0x411e8f00 (length 57), timestamp 604013 us (0.60 secs)
V/OMXCodec(  135): [OMX.google.vorbis.decoder] FILL_BUFFER_DONE(buffer: 0x4007ca00, size: 256, flags: 0x00000000, timestamp: 604013 us (0.60 secs))
V/OMXCodec(  135): [OMX.google.vorbis.decoder] Calling fillBuffer on buffer 0x4007cb08
V/OMXCodec(  135): [OMX.google.vorbis.decoder] Calling fillBuffer on buffer 0x4007cc30
V/OMXCodec(  135): [OMX.google.vorbis.decoder] Calling fillBuffer on buffer 0x4007c928
V/OMXCodec(  135): [OMX.google.vorbis.decoder] Calling fillBuffer on buffer 0x4007ca00
V/OMXCodec(  135): [OMX.google.vorbis.decoder] EMPTY_BUFFER_DONE(buffer: 0x410166c8)
V/OMXCodec(  135): [OMX.google.vorbis.decoder] Calling emptyBuffer on buffer 0x410166c8 (length 59), timestamp 604013 us (0.60 secs)
V/OMXCodec(  135): [OMX.google.vorbis.decoder] FILL_BUFFER_DONE(buffer: 0x4007cb08, size: 256, flags: 0x00000000, timestamp: 604013 us (0.60 secs))
V/OMXCodec(  135): [OMX.google.vorbis.decoder] EMPTY_BUFFER_DONE(buffer: 0x411e8d90)
V/OMXCodec(  135): [OMX.google.vorbis.decoder] Calling emptyBuffer on buffer 0x411e8d90 (length 61), timestamp 604013 us (0.60 secs)
V/OMXCodec(  135): [OMX.google.vorbis.decoder] FILL_BUFFER_DONE(buffer: 0x4007cc30, size: 1152, flags: 0x00000000, timestamp: 604013 us (0.60 secs))
V/OMXCodec(  135): [OMX.google.vorbis.decoder] EMPTY_BUFFER_DONE(buffer: 0x411e8e48)
V/OMXCodec(  135): [OMX.google.vorbis.decoder] Calling emptyBuffer on buffer 0x411e8e48 (length 203), timestamp 604013 us (0.60 secs)
V/OMXCodec(  135): [OMX.google.vorbis.decoder] FILL_BUFFER_DONE(buffer: 0x4007c928, size: 1152, flags: 0x00000000, timestamp: 604013 us (0.60 secs))
V/OMXCodec(  135): [OMX.google.vorbis.decoder] EMPTY_BUFFER_DONE(buffer: 0x411e8f00)
V/OMXCodec(  135): [OMX.google.vorbis.decoder] Calling emptyBuffer on buffer 0x411e8f00 (length 124), timestamp 604013 us (0.60 secs)
V/OMXCodec(  135): [OMX.google.vorbis.decoder] FILL_BUFFER_DONE(buffer: 0x4007ca00, size: 256, flags: 0x00000000, timestamp: 604013 us (0.60 secs))
V/OMXCodec(  135): [OMX.google.vorbis.decoder] Calling fillBuffer on buffer 0x4007cb08
V/OMXCodec(  135): [OMX.google.vorbis.decoder] Calling fillBuffer on buffer 0x4007cc30
V/OMXCodec(  135): [OMX.google.vorbis.decoder] EMPTY_BUFFER_DONE(buffer: 0x410166c8)
V/OMXCodec(  135): [OMX.google.vorbis.decoder] Calling emptyBuffer on buffer 0x410166c8 (length 182), timestamp 604013 us (0.60 secs)
V/OMXCodec(  135): [OMX.google.vorbis.decoder] FILL_BUFFER_DONE(buffer: 0x4007cb08, size: 256, flags: 0x00000000, timestamp: 604013 us (0.60 secs))
V/OMXCodec(  135): [OMX.google.vorbis.decoder] EMPTY_BUFFER_DONE(buffer: 0x411e8d90)
V/OMXCodec(  135): [OMX.google.vorbis.decoder] Calling emptyBuffer on buffer 0x411e8d90 (length 214), timestamp 604013 us (0.60 secs)
V/OMXCodec(  135): [OMX.google.vorbis.decoder] FILL_BUFFER_DONE(buffer: 0x4007cc30, size: 256, flags: 0x00000000, timestamp: 604013 us (0.60 secs))
V/OMXCodec(  135): [OMX.google.vorbis.decoder] Calling fillBuffer on buffer 0x4007c928
V/OMXCodec(  135): [OMX.google.vorbis.decoder] Calling fillBuffer on buffer 0x4007ca00
V/OMXCodec(  135): [OMX.google.vorbis.decoder] Calling fillBuffer on buffer 0x4007cb08
V/OMXCodec(  135): [OMX.google.vorbis.decoder] Calling fillBuffer on buffer 0x4007cc30
V/OMXCodec(  135): [OMX.google.vorbis.decoder] EMPTY_BUFFER_DONE(buffer: 0x411e8e48)
V/OMXCodec(  135): [OMX.google.vorbis.decoder] Calling emptyBuffer on buffer 0x411e8e48 (length 202), timestamp 604013 us (0.60 secs)
V/OMXCodec(  135): [OMX.google.vorbis.decoder] FILL_BUFFER_DONE(buffer: 0x4007c928, size: 1152, flags: 0x00000000, timestamp: 604013 us (0.60 secs))
V/OMXCodec(  135): [OMX.google.vorbis.decoder] EMPTY_BUFFER_DONE(buffer: 0x411e8f00)
V/OMXCodec(  135): [OMX.google.vorbis.decoder] Calling emptyBuffer on buffer 0x411e8f00 (length 135), timestamp 604013 us (0.60 secs)
V/OMXCodec(  135): [OMX.google.vorbis.decoder] FILL_BUFFER_DONE(buffer: 0x4007ca00, size: 2048, flags: 0x00000000, timestamp: 604013 us (0.60 secs))
V/OMXCodec(  135): [OMX.google.vorbis.decoder] EMPTY_BUFFER_DONE(buffer: 0x410166c8)
V/OMXCodec(  135): [OMX.google.vorbis.decoder] Calling emptyBuffer on buffer 0x410166c8 (length 5), timestamp 604013 us (0.60 secs)
V/OMXCodec(  135): [OMX.google.vorbis.decoder] FILL_BUFFER_DONE(buffer: 0x4007cb08, size: 2048, flags: 0x00000000, timestamp: 604013 us (0.60 secs))
V/OMXCodec(  135): [OMX.google.vorbis.decoder] EMPTY_BUFFER_DONE(buffer: 0x411e8d90)
V/OMXCodec(  135): [OMX.google.vorbis.decoder] Calling emptyBuffer on buffer 0x411e8d90 (length 5), timestamp 604013 us (0.60 secs)
V/OMXCodec(  135): [OMX.google.vorbis.decoder] FILL_BUFFER_DONE(buffer: 0x4007cc30, size: 2048, flags: 0x00000000, timestamp: 604013 us (0.60 secs))
I/CheckinService(  953): Disabling old GoogleServicesFramework version
V/OMXCodec(  135): [OMX.google.vorbis.decoder] Calling fillBuffer on buffer 0x4007c928
V/OMXCodec(  135): [OMX.google.vorbis.decoder] EMPTY_BUFFER_DONE(buffer: 0x411e8e48)
V/OMXCodec(  135): [OMX.google.vorbis.decoder] Calling emptyBuffer on buffer 0x411e8e48 (length 5), timestamp 604013 us (0.60 secs)
V/OMXCodec(  135): [OMX.google.vorbis.decoder] FILL_BUFFER_DONE(buffer: 0x4007c928, size: 2048, flags: 0x00000000, timestamp: 604013 us (0.60 secs))
I/BootReceiver(  418): Copied 431 worth of audits to DropBox
V/OMXCodec(  135): [OMX.google.vorbis.decoder] Calling fillBuffer on buffer 0x4007ca00
V/OMXCodec(  135): [OMX.google.vorbis.decoder] EMPTY_BUFFER_DONE(buffer: 0x411e8f00)
V/OMXCodec(  135): [OMX.google.vorbis.decoder] Calling emptyBuffer on buffer 0x411e8f00 (length 5), timestamp 604013 us (0.60 secs)
V/OMXCodec(  135): [OMX.google.vorbis.decoder] FILL_BUFFER_DONE(buffer: 0x4007ca00, size: 2048, flags: 0x00000000, timestamp: 604013 us (0.60 secs))
V/OMXCodec(  135): [OMX.google.vorbis.decoder] Calling fillBuffer on buffer 0x4007cb08
V/OMXCodec(  135): [OMX.google.vorbis.decoder] EMPTY_BUFFER_DONE(buffer: 0x410166c8)
V/OMXCodec(  135): [OMX.google.vorbis.decoder] Calling emptyBuffer on buffer 0x410166c8 (length 5), timestamp 604013 us (0.60 secs)
V/OMXCodec(  135): [OMX.google.vorbis.decoder] FILL_BUFFER_DONE(buffer: 0x4007cb08, size: 2048, flags: 0x00000000, timestamp: 604013 us (0.60 secs))
V/OMXCodec(  135): [OMX.google.vorbis.decoder] Calling fillBuffer on buffer 0x4007cc30
V/OMXCodec(  135): [OMX.google.vorbis.decoder] EMPTY_BUFFER_DONE(buffer: 0x411e8d90)
V/OMXCodec(  135): [OMX.google.vorbis.decoder] Calling emptyBuffer on buffer 0x411e8d90 (length 5), timestamp 604013 us (0.60 secs)
V/OMXCodec(  135): [OMX.google.vorbis.decoder] FILL_BUFFER_DONE(buffer: 0x4007cc30, size: 2048, flags: 0x00000000, timestamp: 604013 us (0.60 secs))
V/OMXCodec(  135): [OMX.google.vorbis.decoder] Calling fillBuffer on buffer 0x4007c928
V/OMXCodec(  135): [OMX.google.vorbis.decoder] EMPTY_BUFFER_DONE(buffer: 0x411e8e48)
V/OMXCodec(  135): [OMX.google.vorbis.decoder] Calling emptyBuffer on buffer 0x411e8e48 (length 5), timestamp 604013 us (0.60 secs)
V/OMXCodec(  135): [OMX.google.vorbis.decoder] FILL_BUFFER_DONE(buffer: 0x4007c928, size: 2048, flags: 0x00000000, timestamp: 604013 us (0.60 secs))
V/OMXCodec(  135): [OMX.google.vorbis.decoder] Calling fillBuffer on buffer 0x4007ca00
V/OMXCodec(  135): [OMX.google.vorbis.decoder] EMPTY_BUFFER_DONE(buffer: 0x411e8f00)
V/OMXCodec(  135): [OMX.google.vorbis.decoder] Calling emptyBuffer on buffer 0x411e8f00 (length 5), timestamp 604013 us (0.60 secs)
V/OMXCodec(  135): [OMX.google.vorbis.decoder] FILL_BUFFER_DONE(buffer: 0x4007ca00, size: 2048, flags: 0x00000000, timestamp: 604013 us (0.60 secs))
V/OMXCodec(  135): [OMX.google.vorbis.decoder] Calling fillBuffer on buffer 0x4007cb08
V/OMXCodec(  135): [OMX.google.vorbis.decoder] EMPTY_BUFFER_DONE(buffer: 0x410166c8)
V/OMXCodec(  135): [OMX.google.vorbis.decoder] Calling emptyBuffer on buffer 0x410166c8 (length 5), timestamp 604013 us (0.60 secs)
V/OMXCodec(  135): [OMX.google.vorbis.decoder] FILL_BUFFER_DONE(buffer: 0x4007cb08, size: 2048, flags: 0x00000000, timestamp: 604013 us (0.60 secs))
V/OMXCodec(  135): [OMX.google.vorbis.decoder] Calling fillBuffer on buffer 0x4007cc30
V/OMXCodec(  135): [OMX.google.vorbis.decoder] EMPTY_BUFFER_DONE(buffer: 0x411e8d90)
V/OMXCodec(  135): [OMX.google.vorbis.decoder] Calling emptyBuffer on buffer 0x411e8d90 (length 5), timestamp 604013 us (0.60 secs)
V/OMXCodec(  135): [OMX.google.vorbis.decoder] FILL_BUFFER_DONE(buffer: 0x4007cc30, size: 2048, flags: 0x00000000, timestamp: 604013 us (0.60 secs))
V/OMXCodec(  135): [OMX.google.vorbis.decoder] Calling fillBuffer on buffer 0x4007c928
V/OMXCodec(  135): [OMX.google.vorbis.decoder] EMPTY_BUFFER_DONE(buffer: 0x411e8e48)
V/OMXCodec(  135): [OMX.google.vorbis.decoder] Calling emptyBuffer on buffer 0x411e8e48 (length 5), timestamp 604013 us (0.60 secs)
V/OMXCodec(  135): [OMX.google.vorbis.decoder] FILL_BUFFER_DONE(buffer: 0x4007c928, size: 2048, flags: 0x00000000, timestamp: 604013 us (0.60 secs))
V/OMXCodec(  135): [OMX.google.vorbis.decoder] Calling fillBuffer on buffer 0x4007ca00
V/OMXCodec(  135): [OMX.google.vorbis.decoder] EMPTY_BUFFER_DONE(buffer: 0x411e8f00)
V/OMXCodec(  135): [OMX.google.vorbis.decoder] Calling emptyBuffer on buffer 0x411e8f00 (length 5), timestamp 604013 us (0.60 secs)
V/OMXCodec(  135): [OMX.google.vorbis.decoder] FILL_BUFFER_DONE(buffer: 0x4007ca00, size: 2048, flags: 0x00000000, timestamp: 604013 us (0.60 secs))
D/CatchMeIfYouCan( 1396): Process (<default>) ca: '/data/user/0/com.facebook.katana/app_cmiyc/A1657CCD543F12E66E587EE52ED9D802E22AAC4701'
D/CatchMeIfYouCan( 1396): Process (<default>) fc: '/data/user/0/com.facebook.katana/app_cmiyc/A1657CCD543F12E66E587EE52ED9D802E22AAC4702'
D/CatchMeIfYouCan( 1396): Process (<default>) cp: '('default', 3, 120000, silent [true], restart [false], logout [false])'
V/OMXCodec(  135): [OMX.google.vorbis.decoder] Calling fillBuffer on buffer 0x4007cb08
V/OMXCodec(  135): [OMX.google.vorbis.decoder] EMPTY_BUFFER_DONE(buffer: 0x410166c8)
V/OMXCodec(  135): [OMX.google.vorbis.decoder] Calling emptyBuffer on buffer 0x410166c8 (length 5), timestamp 604013 us (0.60 secs)
V/OMXCodec(  135): [OMX.google.vorbis.decoder] FILL_BUFFER_DONE(buffer: 0x4007cb08, size: 2048, flags: 0x00000000, timestamp: 604013 us (0.60 secs))
I/dalvikvm( 1396): Could not find method android.app.ActivityManager.isLowRamDevice, referenced from method org.acra.ErrorReporter.getConstantDeviceData
W/dalvikvm( 1396): VFY: unable to resolve virtual method 80: Landroid/app/ActivityManager;.isLowRamDevice ()Z
D/dalvikvm( 1396): VFY: replacing opcode 0x6e at 0x00c1
V/OMXCodec(  135): [OMX.google.vorbis.decoder] Calling fillBuffer on buffer 0x4007cc30
V/OMXCodec(  135): [OMX.google.vorbis.decoder] EMPTY_BUFFER_DONE(buffer: 0x411e8d90)
V/OMXCodec(  135): [OMX.google.vorbis.decoder] Calling emptyBuffer on buffer 0x411e8d90 (length 0), timestamp 0 us (0.00 secs)
V/OMXCodec(  135): [OMX.google.vorbis.decoder] FILL_BUFFER_DONE(buffer: 0x4007cc30, size: 2048, flags: 0x00000000, timestamp: 604013 us (0.60 secs))
D/ACRA    ( 1396): ACRA is enabled for com.facebook.katana, intializing...
D/ACRA    ( 1396): Looking for error files in /data/user/0/com.facebook.katana/app_acra-reports
D/ACRA    ( 1396): Looking for error files in /data/user/0/com.facebook.katana/app_minidumps
V/OMXCodec(  135): [OMX.google.vorbis.decoder] Calling fillBuffer on buffer 0x4007c928
V/OMXCodec(  135): [OMX.google.vorbis.decoder] EMPTY_BUFFER_DONE(buffer: 0x411e8e48)
V/OMXCodec(  135): [OMX.google.vorbis.decoder] FILL_BUFFER_DONE(buffer: 0x4007c928, size: 2048, flags: 0x00000000, timestamp: 604013 us (0.60 secs))
D/dalvikvm( 1396): Trying to load lib /data/app-lib/com.facebook.katana-2/libfb_stl_shared.so 0x41bf4ce8
D/dalvikvm( 1396): Added shared lib /data/app-lib/com.facebook.katana-2/libfb_stl_shared.so 0x41bf4ce8
D/dalvikvm( 1396): No JNI_OnLoad found in /data/app-lib/com.facebook.katana-2/libfb_stl_shared.so 0x41bf4ce8, skipping init
D/dalvikvm( 1396): Trying to load lib /data/app-lib/com.facebook.katana-2/libfb_breakpad_client.so 0x41bf4ce8
D/dalvikvm( 1396): Added shared lib /data/app-lib/com.facebook.katana-2/libfb_breakpad_client.so 0x41bf4ce8
V/OMXCodec(  135): [OMX.google.vorbis.decoder] Calling fillBuffer on buffer 0x4007ca00
V/OMXCodec(  135): [OMX.google.vorbis.decoder] EMPTY_BUFFER_DONE(buffer: 0x411e8f00)
V/OMXCodec(  135): [OMX.google.vorbis.decoder] FILL_BUFFER_DONE(buffer: 0x4007ca00, size: 2048, flags: 0x00000000, timestamp: 604013 us (0.60 secs))
I/ActivityManager(  418): Start proc com.cyanogenmod.updater for broadcast com.cyanogenmod.updater/.receiver.UpdateCheckReceiver: pid=1437 uid=10007 gids={50007, 3003, 1015, 2001, 1028}
V/OMXCodec(  135): [OMX.google.vorbis.decoder] Calling fillBuffer on buffer 0x4007cb08
V/OMXCodec(  135): [OMX.google.vorbis.decoder] EMPTY_BUFFER_DONE(buffer: 0x410166c8)
V/OMXCodec(  135): [OMX.google.vorbis.decoder] FILL_BUFFER_DONE(buffer: 0x4007cb08, size: 410, flags: 0x00000000, timestamp: 604013 us (0.60 secs))
D/SystemClassLoaderAdder( 1396): Marked as initialized entry corresponding to path /data/app/com.facebook.katana-2.apk
V/DexLibLoader( 1396): Preparing secondary program dexes from null
V/DexLibLoader( 1396): Loaded 4 raw lines of metadata.
V/DexLibLoader( 1396): Secondary program dex metadata: secondary-1.dex.jar.xz 67dacb695fa8d1623302e29e51f9d8d6a6eeec27 secondary.dex01.Canary
V/DexLibLoader( 1396): Secondary program dex metadata: secondary-2.dex.jar.xz 8c2369cab8de72ed296f7b3e7b8884a967ab300e secondary.dex02.Canary
V/DexLibLoader( 1396): Secondary program dex metadata: secondary-3.dex.jar.xz cff192dd14260135270b485064fec9e5dc42e243 secondary.dex03.Canary
V/DexLibLoader( 1396): Secondary program dex metadata: secondary-4.dex.jar.xz 93d535c7ed7ef87cec994f1db3d2734154cd0495 secondary.dex04.Canary
W/DexLibLoader( 1396): Unexpected file in program dex directory: /data/user/0/com.facebook.katana/app_secondary_program_dex/temp_dex_lock
V/DexLibLoader( 1396): Preparing to extract secondary-1.dex.jar.xz to /data/user/0/com.facebook.katana/app_secondary_program_dex/program-67dacb695fa8d1623302e29e51f9d8d6a6eeec27eff0492.dex.jar
V/DexLibLoader( 1396): Dex already copied
D/OdexVerifier( 1396): Odex verification is skipped.
V/DexLibLoader( 1396): Creating class loader
V/OMXCodec(  135): [OMX.google.vorbis.decoder] Calling fillBuffer on buffer 0x4007cc30
V/OMXCodec(  135): [OMX.google.vorbis.decoder] EMPTY_BUFFER_DONE(buffer: 0x411e8d90)
V/OMXCodec(  135): [OMX.google.vorbis.decoder] FILL_BUFFER_DONE(buffer: 0x4007cc30, size: 0, flags: 0x00000001, timestamp: 604013 us (0.60 secs))
V/OMXCodec(  135): [OMX.google.vorbis.decoder] No more output data.
V/DexLibLoader( 1396): Finished creating class loader
V/DexLibLoader( 1396): Preparing to extract secondary-2.dex.jar.xz to /data/user/0/com.facebook.katana/app_secondary_program_dex/program-8c2369cab8de72ed296f7b3e7b8884a967ab300eeff0492.dex.jar
V/DexLibLoader( 1396): Dex already copied
D/OdexVerifier( 1396): Odex verification is skipped.
V/DexLibLoader( 1396): Creating class loader
V/DexLibLoader( 1396): Finished creating class loader
V/DexLibLoader( 1396): Preparing to extract secondary-3.dex.jar.xz to /data/user/0/com.facebook.katana/app_secondary_program_dex/program-cff192dd14260135270b485064fec9e5dc42e243eff0492.dex.jar
V/DexLibLoader( 1396): Dex already copied
D/OdexVerifier( 1396): Odex verification is skipped.
V/DexLibLoader( 1396): Creating class loader
V/DexLibLoader( 1396): Finished creating class loader
V/DexLibLoader( 1396): Preparing to extract secondary-4.dex.jar.xz to /data/user/0/com.facebook.katana/app_secondary_program_dex/program-93d535c7ed7ef87cec994f1db3d2734154cd0495eff0492.dex.jar
V/DexLibLoader( 1396): Dex already copied
D/OdexVerifier( 1396): Odex verification is skipped.
V/DexLibLoader( 1396): Creating class loader
V/DexLibLoader( 1396): Finished creating class loader
V/DexLibLoader( 1396): Verifying classes from secondary dexes.
V/OMXCodec(  135): [OMX.google.vorbis.decoder] There is no more output data available, not calling fillOutputBuffer
D/DexLibLoader( 1396): DexLibLoader.ensureDexLoaded took 39 ms
D/dalvikvm( 1396): Trying to load lib /data/app-lib/com.facebook.katana-2/libfb_dalvik-internals.so 0x41bf4ce8
D/dalvikvm( 1396): Added shared lib /data/app-lib/com.facebook.katana-2/libfb_dalvik-internals.so 0x41bf4ce8
I/UpdateCheckReceiver( 1437): Scheduling future, repeating update checks.
I/CheckinService(  953): Done disabling old GoogleServicesFramework version
V/OMXCodec(  135): [OMX.google.vorbis.decoder] There is no more output data available, not calling fillOutputBuffer
V/OMXCodec(  135): [OMX.google.vorbis.decoder] There is no more output data available, not calling fillOutputBuffer
V/OMXCodec(  135): [OMX.google.vorbis.decoder] There is no more output data available, not calling fillOutputBuffer
I/ActivityManager(  418): Start proc com.android.calendar for broadcast com.android.calendar/.alerts.AlertReceiver: pid=1452 uid=10010 gids={50010, 3003, 1028}
I/dalvik-internals( 1396): Successfully looked up JNI_GetCreatedJavaVMs
I/dalvik-internals( 1396): Successfully looked up gDvm
E/dalvik-internals( 1396): Failed to look up ladDumpProfiles
E/dalvik-internals( 1396): Failed to look up ladResetProfiles
E/dalvik-internals( 1396): Failed to look up ladPrintHeaderInfo
I/dalvik-internals( 1396): gDvm has value 0x40a042c0.  Searching for vmList (initial offset in [704,1480]).
I/dalvik-internals( 1396): Beginning search.  Actual offset in [704,1468].
E/dalvik-internals( 1396): Failed to find vmList in gDvm.  Going to brute-force search for LinearAllocHdr.
D/dalvik-internals( 1396): Evaluating LinearAllocHdr candidate at 0x418539c8.
I/dalvik-internals( 1396): Found LinearAllocHdr (with no vmList) at offset 952.
D/ExtensionsFactory( 1452): No custom extensions.
D/AlertReceiver( 1452): onReceive: a=android.intent.action.BOOT_COMPLETED Intent { act=android.intent.action.BOOT_COMPLETED flg=0x10 cmp=com.android.calendar/.alerts.AlertReceiver (has extras) }
I/ActivityManager(  418): Start proc com.android.providers.calendar for broadcast com.android.providers.calendar/.CalendarReceiver: pid=1471 uid=10011 gids={50011, 3003, 1015, 1028}
V/AwesomePlayer(  135): MEDIA_PLAYBACK_COMPLETE
V/MediaPlayerService(  135): [1] notify (0x40dcf980, 2, 0, 0)
V/AudioSink(  135): stop
V/MediaPlayer(  552): message received msg=2, ext1=0, ext2=0
V/MediaPlayer(  552): playback complete
V/MediaPlayer(  552): callback application
V/MediaPlayer(  552): back from callback
V/AwesomePlayer(  135): updateConcurrencyInfoParam  = 1
I/AudioService(  418):  AudioFocus  abandonAudioFocus() from android.media.AudioManager@41f15478
W/bt-btif ( 1031): bta_dm_rm_cback:0, status:1
W/bt-btif ( 1031): bta_dm_act no entry for connected service cbs
W/bt-btif ( 1031): BTA_AV_OPEN_EVT::FAILED status: 3
I/BluetoothA2dpServiceJni( 1031): bta2dp_connection_state_callback
E/bt-btif ( 1031): warning : no command pending, ignore ack
D/A2dpStateMachine( 1031): Pending process message: 101
D/A2dpStateMachine( 1031): Enter Disconnected: 101
D/A2dpStateMachine( 1031): Connection state 00:1A:7D:60:36:DA: 1->0
D/BluetoothAdapterService( 1031): getAdapterService(): returning com.android.bluetooth.btservice.AdapterService@41bf3ea8
D/BluetoothAdapterService(1103052456)( 1031): Message: 20
D/BluetoothAdapterService(1103052456)( 1031): MESSAGE_PROFILE_CONNECTION_STATE_CHANGED
D/BluetoothAdapterService(1103052456)( 1031): getState(): mAdapterProperties: com.android.bluetooth.btservice.AdapterProperties@41bf5f30
I/LocalBluetoothProfileManager(  888): Failed to connect A2DP device
D/CachedBluetoothDevice(  888): onProfileStateChanged: profile A2DP newProfileState 0
D/BluetoothAdapterService(1103052456)( 1031): getState(): mAdapterProperties: com.android.bluetooth.btservice.AdapterProperties@41bf5f30
