D/YahooWeatherProvider( 2099): Weather updated: WeatherInfo for Lausanne (12890585) @ Thu Jul 31 03:11:58 CEST 2014: Partiellement nuageux(29), temperature 17°C, low 14°, high 18°, humidity 97%, wind 5km/h at N, forecasts: day 1: high 18°, low 14°, Partly Cloudy(29); day 2: high 24°, low 14°, Partly Cloudy(30); day 3: high 25°, low 15°, Mostly Sunny(34); day 4: high 24°, low 16°, PM Thunderstorms(38); day 5: high 22°, low 13°, Scattered Thunderstorms(38)
D/PicasaUploaderSync( 2208): sync account database
V/MediaScanner(  612): found .nomedia, setting noMedia flag
D/Email   ( 1526): *** synchronizeMailboxGeneric ***
I/ActivityManager(  418): No longer want com.google.android.configupdater (pid 1705): empty #17
D/PicasaUploaderSync( 2208): accounts in DB=1
D/PicasaUploaderSyncManager( 2208): active network: NetworkInfo: type: WIFI[], state: CONNECTED/CONNECTED, reason: (unspecified), extra: "Thom_D0049262", roaming: false, failover: false, isAvailable: true, isConnectedToProvisioningNetwork: false
D/PicasaUploaderSyncManager( 2208): background data: true
D/Volley  ( 1818): [172] BasicNetwork.logSlowRequests: HTTP response for request=<[ ] https://android.clients.google.com/fdfe/promo?c=3 0xe8d195d1 NORMAL 2> [lifetime=3489], [size=14729], [rc=200], [retryCount=0]
D/PicasaUploaderSyncManager( 2208): battery info: true
D/dalvikvm( 2226): Trying to load lib /data/app-lib/com.google.android.apps.plus-1/libcrashreporter.so 0x41bee9d0
D/dalvikvm( 2226): Added shared lib /data/app-lib/com.google.android.apps.plus-1/libcrashreporter.so 0x41bee9d0
I/ActivityManager(  418): No longer want com.android.email (pid 1526): empty #17
I/ActivityManager(  418): No longer want com.google.android.onetimeinitializer (pid 1755): empty #17
D/Volley  ( 1818): [1] Request.finish: 3800 ms: [ ] https://android.clients.google.com/fdfe/promo?c=3 0xe8d195d1 NORMAL 2
D/GCM     (  799): GcmService start Intent { act=android.net.conn.CONNECTIVITY_CHANGE flg=0x8000010 cmp=com.google.android.gms/.gcm.GcmService (has extras) } android.net.conn.CONNECTIVITY_CHANGE
I/ActivityManager(  418): Start proc com.adobe.air for broadcast com.adobe.air/.wand.ConnectionChangeReceiver: pid=2266 uid=10087 gids={50087, 3003, 1028}
D/Volley  ( 1818): [1] Request.finish: 4188 ms: [ ] https://android.clients.google.com/fdfe/promo?c=3 0xe8d195d1 NORMAL 3
E/ADBMobile( 2266): ADBMobile Error : Config - No Application Context (Application context must be set prior to calling any library functions.)
E/ADBMobile( 2266): ADBMobile Error : Analytics - ADBMobile is not configured correctly to use Analytics.
I/ActivityManager(  418): Start proc com.chrome.beta for broadcast com.chrome.beta/com.google.android.apps.chrome.precache.PrecacheServiceLauncher: pid=2281 uid=10116 gids={50116, 1006, 3003, 1015, 1028}
I/ActivityManager(  418): No longer want com.google.android.apps.genie.geniewidget (pid 1736): empty #17
I/dalvikvm( 2281): Could not find method android.app.ActivityManager.isLowRamDevice, referenced from method com.google.android.apps.chrome.icing.IcingProvider.isSvelteDeviceV19
W/dalvikvm( 2281): VFY: unable to resolve virtual method 136: Landroid/app/ActivityManager;.isLowRamDevice ()Z
D/dalvikvm( 2281): VFY: replacing opcode 0x6e at 0x0009
I/ActivityManager(  418): Start proc com.facebook.katana for broadcast com.facebook.katana/com.facebook.vault.service.VaultConnectivityChangeReceiver: pid=2295 uid=10100 gids={50100, 1006, 1015, 1028, 3003}
I/ActivityManager(  418): No longer want com.google.android.gm (pid 1856): empty #17
D/dalvikvm( 2295): Debugger has detached; object registry had 1 entries
D/CatchMeIfYouCan( 2295): Process (<default>) ca: '/data/data/com.facebook.katana/app_cmiyc/A1657CCD543F12E66E587EE52ED9D802E22AAC4701'
D/CatchMeIfYouCan( 2295): Process (<default>) fc: '/data/data/com.facebook.katana/app_cmiyc/A1657CCD543F12E66E587EE52ED9D802E22AAC4702'
D/CatchMeIfYouCan( 2295): Process (<default>) cp: '('default', 3, 120000, silent [true], restart [false], logout [false])'
I/dalvikvm( 2295): Could not find method android.app.ActivityManager.isLowRamDevice, referenced from method org.acra.ErrorReporter.getConstantDeviceData
W/dalvikvm( 2295): VFY: unable to resolve virtual method 80: Landroid/app/ActivityManager;.isLowRamDevice ()Z
D/dalvikvm( 2295): VFY: replacing opcode 0x6e at 0x00c1
D/ACRA    ( 2295): ACRA is enabled for com.facebook.katana, intializing...
D/ACRA    ( 2295): Looking for error files in /data/data/com.facebook.katana/app_acra-reports
D/ACRA    ( 2295): Looking for error files in /data/data/com.facebook.katana/app_minidumps
D/dalvikvm( 2295): Trying to load lib /data/app-lib/com.facebook.katana-2/libfb_stl_shared.so 0x41bf0008
D/dalvikvm( 2295): Added shared lib /data/app-lib/com.facebook.katana-2/libfb_stl_shared.so 0x41bf0008
D/dalvikvm( 2295): No JNI_OnLoad found in /data/app-lib/com.facebook.katana-2/libfb_stl_shared.so 0x41bf0008, skipping init
D/dalvikvm( 2295): Trying to load lib /data/app-lib/com.facebook.katana-2/libfb_breakpad_client.so 0x41bf0008
D/dalvikvm( 2295): Added shared lib /data/app-lib/com.facebook.katana-2/libfb_breakpad_client.so 0x41bf0008
D/SystemClassLoaderAdder( 2295): Marked as initialized entry corresponding to path /data/app/com.facebook.katana-2.apk
V/DexLibLoader( 2295): Preparing secondary program dexes from null
V/DexLibLoader( 2295): Loaded 4 raw lines of metadata.
V/DexLibLoader( 2295): Secondary program dex metadata: secondary-1.dex.jar.xz 67dacb695fa8d1623302e29e51f9d8d6a6eeec27 secondary.dex01.Canary
V/DexLibLoader( 2295): Secondary program dex metadata: secondary-2.dex.jar.xz 8c2369cab8de72ed296f7b3e7b8884a967ab300e secondary.dex02.Canary
V/DexLibLoader( 2295): Secondary program dex metadata: secondary-3.dex.jar.xz cff192dd14260135270b485064fec9e5dc42e243 secondary.dex03.Canary
V/DexLibLoader( 2295): Secondary program dex metadata: secondary-4.dex.jar.xz 93d535c7ed7ef87cec994f1db3d2734154cd0495 secondary.dex04.Canary
W/DexLibLoader( 2295): Unexpected file in program dex directory: /data/data/com.facebook.katana/app_secondary_program_dex/temp_dex_lock
V/DexLibLoader( 2295): Preparing to extract secondary-1.dex.jar.xz to /data/data/com.facebook.katana/app_secondary_program_dex/program-67dacb695fa8d1623302e29e51f9d8d6a6eeec27eff0492.dex.jar
V/DexLibLoader( 2295): Dex already copied
I/OdexVerifier( 2295): Odex verified in HeadersOnly mode. Took 8 ms.
V/DexLibLoader( 2295): Creating class loader
V/DexLibLoader( 2295): Finished creating class loader
V/DexLibLoader( 2295): Preparing to extract secondary-2.dex.jar.xz to /data/data/com.facebook.katana/app_secondary_program_dex/program-8c2369cab8de72ed296f7b3e7b8884a967ab300eeff0492.dex.jar
V/DexLibLoader( 2295): Dex already copied
I/OdexVerifier( 2295): Odex verified in HeadersOnly mode. Took 0 ms.
V/DexLibLoader( 2295): Creating class loader
V/DexLibLoader( 2295): Finished creating class loader
V/DexLibLoader( 2295): Preparing to extract secondary-3.dex.jar.xz to /data/data/com.facebook.katana/app_secondary_program_dex/program-cff192dd14260135270b485064fec9e5dc42e243eff0492.dex.jar
V/DexLibLoader( 2295): Dex already copied
I/OdexVerifier( 2295): Odex verified in HeadersOnly mode. Took 0 ms.
V/DexLibLoader( 2295): Creating class loader
V/DexLibLoader( 2295): Finished creating class loader
V/DexLibLoader( 2295): Preparing to extract secondary-4.dex.jar.xz to /data/data/com.facebook.katana/app_secondary_program_dex/program-93d535c7ed7ef87cec994f1db3d2734154cd0495eff0492.dex.jar
V/DexLibLoader( 2295): Dex already copied
I/OdexVerifier( 2295): Odex verified in HeadersOnly mode. Took 0 ms.
V/DexLibLoader( 2295): Creating class loader
V/DexLibLoader( 2295): Finished creating class loader
V/DexLibLoader( 2295): Verifying classes from secondary dexes.
D/DexLibLoader( 2295): DexLibLoader.ensureDexLoaded took 35 ms
D/dalvikvm( 2295): Trying to load lib /data/app-lib/com.facebook.katana-2/libfb_dalvik-internals.so 0x41bf0008
D/dalvikvm( 2295): Added shared lib /data/app-lib/com.facebook.katana-2/libfb_dalvik-internals.so 0x41bf0008
I/dalvik-internals( 2295): Successfully looked up JNI_GetCreatedJavaVMs
I/dalvik-internals( 2295): Successfully looked up gDvm
E/dalvik-internals( 2295): Failed to look up ladDumpProfiles
E/dalvik-internals( 2295): Failed to look up ladResetProfiles
E/dalvik-internals( 2295): Failed to look up ladPrintHeaderInfo
I/dalvik-internals( 2295): gDvm has value 0x40a042c0.  Searching for vmList (initial offset in [704,1480]).
I/dalvik-internals( 2295): Beginning search.  Actual offset in [704,1468].
E/dalvik-internals( 2295): Failed to find vmList in gDvm.  Going to brute-force search for LinearAllocHdr.
D/dalvik-internals( 2295): Evaluating LinearAllocHdr candidate at 0x418539c8.
I/dalvik-internals( 2295): Found LinearAllocHdr (with no vmList) at offset 952.
D/ConnectivityService(  418): handleInetConditionHoldEnd: net=1, condition=100, published condition=100
D/StatusBar.NetworkController(  552): updateConnectivity: intent=Intent { act=android.net.conn.INET_CONDITION_ACTION flg=0x8000010 (has extras) }
D/StatusBar.NetworkController(  552): updateConnectivity: networkInfo=NetworkInfo: type: WIFI[], state: CONNECTED/CONNECTED, reason: (unspecified), extra: "Thom_D0049262", roaming: false, failover: false, isAvailable: true, isConnectedToProvisioningNetwork: false
D/StatusBar.NetworkController(  552): updateConnectivity: connectionStatus=100
D/StatusBar.NetworkController(  552): updateConnectivity: intent=Intent { act=android.net.conn.INET_CONDITION_ACTION flg=0x8000010 (has extras) }
D/StatusBar.NetworkController(  552): updateConnectivity: networkInfo=NetworkInfo: type: WIFI[], state: CONNECTED/CONNECTED, reason: (unspecified), extra: "Thom_D0049262", roaming: false, failover: false, isAvailable: true, isConnectedToProvisioningNetwork: false
D/StatusBar.NetworkController(  552): updateConnectivity: connectionStatus=100
W/dalvikvm( 2295): method Lcom/facebook/reflex/view/AbstractListView;.invalidate incorrectly overrides package-private method with same name in Landroid/view/View;
W/dalvikvm( 2295): method Lcom/facebook/reflex/view/GalleryViewAutoReflex;.invalidate incorrectly overrides package-private method with same name in Landroid/view/View;
W/dalvikvm( 2295): method Lcom/facebook/reflex/view/HorizontalScrollViewAutoReflex;.invalidate incorrectly overrides package-private method with same name in Landroid/view/View;
W/dalvikvm( 2295): method Lcom/facebook/reflex/view/ImageViewAutoReflex;.invalidate incorrectly overrides package-private method with same name in Landroid/view/View;
W/dalvikvm( 2295): method Lcom/facebook/reflex/view/ScrollViewAutoReflex;.invalidate incorrectly overrides package-private method with same name in Landroid/view/View;
W/audioplayer.Application(  649): skipping changed runnable - media not mounted or system media scan is in progresss
W/dalvikvm( 2295): method Lcom/facebook/reflex/view/ViewPagerAutoReflex;.invalidate incorrectly overrides package-private method with same name in Landroid/view/View;
W/dalvikvm( 2295): method Lcom/facebook/reflex/view/FrameLayoutAutoReflex;.invalidate incorrectly overrides package-private method with same name in Landroid/view/View;
D/YouTube ( 2011): apps.youtube.common.e.j.e:170 Scheduling task com.google.android.apps.youtube.datalib.offline.o with ScheduledExecutorService for repeating execution.
D/YouTube ( 2011): apps.youtube.common.e.j.e:170 Scheduling task com.google.android.apps.youtube.datalib.offline.q with ScheduledExecutorService for repeating execution.
I/GAV2    ( 2226): Thread[GAThread,5,main]: No campaign data found.
W/dalvikvm( 2295): method Lcom/facebook/feed/reflex/ZoomableImageViewAutoReflex;.invalidate incorrectly overrides package-private method with same name in Landroid/view/View;
W/dalvikvm( 2295): method Lcom/facebook/messaging/reflex/SwipableOverlayLayoutAutoReflex;.invalidate incorrectly overrides package-private method with same name in Landroid/view/View;
W/fb4a(:<default>):StaticBindingVerifier( 2295): Verify
I/dalvikvm( 2295): Could not find method android.app.AlarmManager.setExact, referenced from method com.facebook.common.alarm.FbAlarmManagerImpl.a
W/dalvikvm( 2295): VFY: unable to resolve virtual method 83: Landroid/app/AlarmManager;.setExact (IJLandroid/app/PendingIntent;)V
D/dalvikvm( 2295): VFY: replacing opcode 0x6e at 0x0003
V/MediaScanner(  612): found .nomedia, setting noMedia flag
W/fb4a(:<default>):BaseAnalyticsConfig( 2295): willEventBeLogged() called before shared prefs were initialized! Defaulting to true.
I/ActivityManager(  418): No longer want android.process.acore (pid 1770): empty #17
W/System.err( 2068): log4j:WARN No appenders could be found for logger (ConnectivityReceiver).
W/System.err( 2068): log4j:WARN Please initialize the log4j system properly.
W/System.err( 2068): log4j:WARN See http://logging.apache.org/log4j/1.2/faq.html#noconfig for more info.
V/AlarmClock( 2085): No next alarm
V/AlarmClock( 2085): Setting next alarm string in system to null
V/AlarmClock( 2085): AlarmInitReceiver finished
W/ContextImpl( 2119): Calling a method in the system process without a qualified user: android.app.ContextImpl.startService:1456 android.content.ContextWrapper.startService:473 android.content.ContextWrapper.startService:473 com.android.settings.bluetooth.DockEventReceiver.beginStartingService:134 com.android.settings.bluetooth.DockEventReceiver.onReceive:115 
D/DockEventReceiver( 2119): finishStartingService: stopping service
D/BluetoothAdapterService(1103052456)( 1031): getState(): mAdapterProperties: com.android.bluetooth.btservice.AdapterProperties@41bf5f30
D/BluetoothPbap( 2119): Proxy object connected
D/PbapServerProfile( 2119): Bluetooth service connected
D/BluetoothPbapService( 1031): action: android.bluetooth.adapter.action.STATE_CHANGED
D/BluetoothPbapService( 1031): Handler(): got msg=1
D/BluetoothManagerService(  418): checkIfCallerIsForegroundUser: valid=true callingUser=0 foregroundUser=0
W/BluetoothAdapter( 1031): getBluetoothService() called with no BluetoothManagerCallback
E/BluetoothServiceJni( 1031): SOCK FLAG = 1 ***********************
I/BluetoothAdapterProperties( 1031): adapterPropertyChangedCallback with type:7 len:4
D/BluetoothAdapterProperties( 1031): Scan Mode:21
V/BluetoothMasReceiver( 1031): BluetoothMasReceiver onReceive :android.bluetooth.adapter.action.STATE_CHANGED
D/BluetoothMasReceiver( 1031): Bluetooth STATE CHANGED to 12
D/BluetoothManagerService(  418): checkIfCallerIsForegroundUser: valid=true callingUser=0 foregroundUser=0
W/BluetoothAdapter( 1031): getBluetoothService() called with no BluetoothManagerCallback
E/BluetoothServiceJni( 1031): SOCK FLAG = 0 ***********************
I/BtOppRfcommListener( 1031): Accept thread started.
V/BluetoothMasService( 1031):  CheckEmailEnabled: Loading from conf
D/dalvikvm( 2295): Trying to load lib /data/app-lib/com.facebook.katana-2/libfb_stl_shared.so 0x41bf0008
D/dalvikvm( 2295): Shared lib '/data/app-lib/com.facebook.katana-2/libfb_stl_shared.so' already loaded in same CL 0x41bf0008
D/dalvikvm( 2295): Trying to load lib /data/app-lib/com.facebook.katana-2/libfb.so 0x41bf0008
E/BluetoothMasService( 1031): Main.conf File Not found
E/BluetoothMasService( 1031): BluetoothMasObexConnectionManager: mIsEmailEnabled: true
D/dalvikvm( 2295): Added shared lib /data/app-lib/com.facebook.katana-2/libfb.so 0x41bf0008
D/dalvikvm( 2295): No JNI_OnLoad found in /data/app-lib/com.facebook.katana-2/libfb.so 0x41bf0008, skipping init
D/dalvikvm( 2295): Trying to load lib /data/app-lib/com.facebook.katana-2/libfb_breakpad_client.so 0x41bf0008
D/dalvikvm( 2295): Shared lib '/data/app-lib/com.facebook.katana-2/libfb_breakpad_client.so' already loaded in same CL 0x41bf0008
D/dalvikvm( 2295): Trying to load lib /data/app-lib/com.facebook.katana-2/libfbjni.so 0x41bf0008
D/dalvikvm( 2295): Added shared lib /data/app-lib/com.facebook.katana-2/libfbjni.so 0x41bf0008
D/dalvikvm( 2295): Trying to load lib /data/app-lib/com.facebook.katana-2/libheartbleed.so 0x41bf0008
D/dalvikvm( 2295): Added shared lib /data/app-lib/com.facebook.katana-2/libheartbleed.so 0x41bf0008
V/BluetoothMasService( 1031): BluetoothMasService: mIsEmailEnabled: true
V/BluetoothMasService( 1031): Map Service onCreate
V/BluetoothMasService( 1031): Starting MAS instances
D/BluetoothAdapterService(1103052456)( 1031): getState(): mAdapterProperties: com.android.bluetooth.btservice.AdapterProperties@41bf5f30
V/BluetoothMasService( 1031): onCreate: mIsEmailEnabled: true
V/BluetoothMasService( 1031): Map Service onStartCommand
V/BluetoothMasService( 1031): action: android.bluetooth.adapter.action.STATE_CHANGED
V/BluetoothMasService( 1031): parseIntent 1: mIsEmailEnabled: true
V/BluetoothMasService( 1031): updateEmailAccount()
V/EmailUtils( 1031): getEmailAccountIdList()
I/ActivityManager(  418): Start proc com.android.email for content provider com.android.email/.provider.EmailProvider: pid=2346 uid=10020 gids={50020, 3003, 1015, 1028}
I/ActivityManager(  418): Start proc com.android.exchange for service com.android.exchange/.ExchangeService: pid=2364 uid=10021 gids={50021, 3003, 1015, 1028}
E/SQLiteLog( 2346): (1) no such table: Account
W/EmailProvider( 2346): Exception cleaning EmailProvider.dbandroid.database.sqlite.SQLiteException: no such table: Account (code 1): , while compiling: delete from Account WHERE displayName ISNULL;
D/Eas Debug( 2364): Logging: 
I/ActivityManager(  418): No longer want com.google.android.partnersetup (pid 1781): empty #17
D/ExchangeService( 2364): !!! EAS ExchangeService, onCreate
D/ExchangeService( 2364): !!! EAS ExchangeService, onStartCommand, startingUp = false, running = false
V/EmailUtils( 1031): id = 1
D/ExchangeService( 2364): !!! EAS ExchangeService, onCreate
D/ExchangeService( 2364): !!! EAS ExchangeService, onStartCommand, startingUp = true, running = false
D/ExchangeService( 2364): !!! EAS ExchangeService, onStartCommand, startingUp = true, running = false
D/ExchangeService( 2364): Received deviceId from Email app: androidc1112952686
D/ExchangeService( 2364): Reconciling accounts...
V/BluetoothFtpReceiver( 1031): BluetoothFtpReceiver onReceive :android.bluetooth.adapter.action.STATE_CHANGED
V/BluetoothFtpReceiver( 1031): BluetoothFtpReceiver Start Service
V/BluetoothMasService( 1031): Handler(): got msg=1
V/BluetoothMasService( 1031): handleMessage: mIsEmailEnabledtrue
V/BtMns   ( 1031): BluetoothMns: isEmailEnabled: true
D/Eas Debug( 2364): Logging: 
V/BluetoothMasService( 1031): Map Service startRfcommSocketListener
V/BluetoothMasService( 1031): Map Service initSocket
D/BluetoothManagerService(  418): checkIfCallerIsForegroundUser: valid=true callingUser=0 foregroundUser=0
W/BluetoothAdapter( 1031): getBluetoothService() called with no BluetoothManagerCallback
E/BluetoothServiceJni( 1031): SOCK FLAG = 3 ***********************
V/BluetoothMasService( 1031): Succeed to create listening socket on channel 16
V/BluetoothMasService( 1031): Map Service startRfcommSocketListener
V/BluetoothMasService( 1031): Map Service initSocket
W/BroadcastQueue(  418): Permission Denial: broadcasting Intent { act=android.net.conn.INET_CONDITION_ACTION flg=0x8000010 (has extras) } from null (pid=-1, uid=-1) requires com.facebook.permission.prod.FB_APP_COMMUNICATION due to registered receiver BroadcastFilter{42b66668 u0 ReceiverList{42b66570 2295 com.facebook.katana/10100/u0 remote:42abc820}}
W/BroadcastQueue(  418): Permission Denial: broadcasting Intent { act=android.net.conn.CONNECTIVITY_CHANGE flg=0x8000010 (has extras) } from null (pid=-1, uid=-1) requires com.facebook.permission.prod.FB_APP_COMMUNICATION due to registered receiver BroadcastFilter{42b66668 u0 ReceiverList{42b66570 2295 com.facebook.katana/10100/u0 remote:42abc820}}
D/BluetoothManagerService(  418): checkIfCallerIsForegroundUser: valid=true callingUser=0 foregroundUser=0
I/Email   ( 2346): ReconcilePopImapAccountsSync: start
W/BluetoothAdapter( 1031): getBluetoothService() called with no BluetoothManagerCallback
E/BluetoothServiceJni( 1031): SOCK FLAG = 3 ***********************
V/BluetoothMasService( 1031): Succeed to create listening socket on channel 17
V/BluetoothFtpService( 1031): Ftp Service onCreate
I/BluetoothFtpService( 1031): FFFFFtp Service onCreate
V/BluetoothFtpService( 1031): Starting FTP service
D/BluetoothAdapterService(1103052456)( 1031): getState(): mAdapterProperties: com.android.bluetooth.btservice.AdapterProperties@41bf5f30
V/BluetoothFtpService( 1031): Ftp Service onStartCommand
V/BluetoothFtpService( 1031): action: android.bluetooth.adapter.action.STATE_CHANGED
V/BluetoothFtpService( 1031): Handler(): got msg=1
V/BluetoothFtpService( 1031): Ftp Service startRfcommSocketListener
V/BluetoothFtpService( 1031): Ftp Service initSocket
D/BluetoothManagerService(  418): checkIfCallerIsForegroundUser: valid=true callingUser=0 foregroundUser=0
W/BluetoothAdapter( 1031): getBluetoothService() called with no BluetoothManagerCallback
E/BluetoothServiceJni( 1031): SOCK FLAG = 3 ***********************
V/BluetoothFtpService( 1031): Succeed to create listening socket on channel 20
V/BluetoothFtpService:RfcommSocketAcceptThread( 1031): Run Accept thread
D/AttachmentService( 2346): Count: 0
D/BluetoothAdapterService(1103052456)( 1031): getState(): mAdapterProperties: com.android.bluetooth.btservice.AdapterProperties@41bf5f30
I/Email   ( 2346): ReconcilePopImapAccountsSync: already running
V/BluetoothMasService( 1031): updateEmailAccount()
V/EmailUtils( 1031): getEmailAccountIdList()
I/Email   ( 2346): ReconcilePopImapAccountsSync: already running
I/GCoreUlr(  704): Starting service, intent=Intent { act=com.google.android.location.reporting.ACTION_UPDATE_WORLD cmp=com.google.android.gms/com.google.android.location.reporting.service.DispatchingService (has extras) }, extras=Bundle[{receiverAction=com.google.android.location.internal.server.ACTION_RESTARTED}]
I/Email   ( 2346): ReconcilePopImapAccountsSync: done
I/GCoreUlr(  704): Starting service, intent=Intent { act=com.google.android.location.reporting.ACTION_UPDATE_WORLD cmp=com.google.android.gms/com.google.android.location.reporting.service.DispatchingService (has extras) }, extras=Bundle[{receiverAction=com.google.android.location.internal.server.ACTION_RESTARTED}]
D/GCM     (  799): GcmService start Intent { act=com.google.android.gms.INITIALIZE flg=0x10 pkg=com.google.android.gms cmp=com.google.android.gms/.gcm.GcmService } com.google.android.gms.INITIALIZE
I/GCoreUlr(  704): WorldUpdater received intent Intent { act=com.google.android.location.reporting.ACTION_UPDATE_WORLD cmp=com.google.android.gms/com.google.android.location.reporting.service.DispatchingService (has extras) } with receiverAction com.google.android.location.internal.server.ACTION_RESTARTED
W/SSLCertificateSocketFactory( 2346): Bypassing SSL security checks at caller's request
I/AdsMeasurementBroadcastReceiver(  953): Reporting settings might have changed, alerting AdsMeasurementService
D/AdsMeasurementBroadcastReceiver(  953): Unauthorized to start the main service
I/AdsMeasurementBroadcastReceiver(  953): Reporting settings might have changed, alerting AdsMeasurementService
D/AdsMeasurementBroadcastReceiver(  953): Unauthorized to start the main service
D/GCM     (  799): GcmService start Intent { act=com.google.android.gms.INITIALIZE flg=0x10 pkg=com.google.android.gms cmp=com.google.android.gms/.gcm.GcmService } com.google.android.gms.INITIALIZE
D/GCoreFlp(  704): Unknown pending intent to remove.
I/GCoreUlr(  704): Ensuring that reporting is active for [account#-19#]
I/GCoreUlr(  704): Starting service, intent=Intent { act=com.google.android.location.reporting.ACTION_LOCATION_STATUS cmp=com.google.android.gms/com.google.android.location.reporting.service.DispatchingService (has extras) }, extras=Bundle[{status=LocationStatus[cell status: STATUS_UNKNOWN, wifi status: STATUS_UNKNOWN, elapsed realtime ns: 0]}]
I/GCoreUlr(  704): WorldUpdater received intent Intent { act=com.google.android.location.reporting.ACTION_UPDATE_WORLD cmp=com.google.android.gms/com.google.android.location.reporting.service.DispatchingService (has extras) } with receiverAction com.google.android.location.internal.server.ACTION_RESTARTED
V/EmailUtils( 1031): id = 1
D/AttachmentService( 2346): *** All done; shutting down service
V/BluetoothMasService( 1031): updateEmailAccount()
V/EmailUtils( 1031): getEmailAccountIdList()
V/EmailUtils( 1031): id = 1
W/BroadcastQueue(  418): Permission Denial: broadcasting Intent { act=android.net.conn.CONNECTIVITY_CHANGE flg=0x8000010 (has extras) } from null (pid=-1, uid=-1) requires com.facebook.permission.prod.FB_APP_COMMUNICATION due to registered receiver BroadcastFilter{42a5ed10 u0 ReceiverList{42a5ec90 2295 com.facebook.katana/10100/u0 remote:42ae9dc8}}
V/BluetoothMasService( 1031): updateEmailAccount()
V/EmailUtils( 1031): getEmailAccountIdList()
I/Email   ( 2346): ReconcilePopImapAccountsSync: start
V/EmailUtils( 1031): id = 1
V/BluetoothMasService( 1031): updateEmailAccount()
V/EmailUtils( 1031): getEmailAccountIdList()
V/EmailUtils( 1031): id = 1
V/BluetoothMasService( 1031): updateEmailAccount()
V/EmailUtils( 1031): getEmailAccountIdList()
V/EmailUtils( 1031): id = 1
D/Finsky  ( 1818): [1] BaseWidgetProvider.onReceive: Received ACTION_APPWIDGET_UPDATE, updating 1 widgets.
V/BluetoothMasService( 1031): updateEmailAccount()
V/EmailUtils( 1031): getEmailAccountIdList()
V/EmailUtils( 1031): id = 1
I/GCoreUlr(  704): Ensuring that reporting is active for [account#-19#]
D/Finsky  ( 1818): [1] BaseWidgetProvider.onReceive: Received ACTION_APPWIDGET_UPDATE, updating 1 widgets.
V/BluetoothMasService( 1031): updateEmailAccount()
V/EmailUtils( 1031): getEmailAccountIdList()
V/EmailUtils( 1031): id = 1
I/GCoreUlr(  704): Starting service, intent=Intent { act=com.google.android.location.reporting.ACTION_LOCATION_STATUS cmp=com.google.android.gms/com.google.android.location.reporting.service.DispatchingService (has extras) }, extras=Bundle[{status=LocationStatus[cell status: STATUS_UNKNOWN, wifi status: STATUS_UNKNOWN, elapsed realtime ns: 0]}]
V/BluetoothMasService( 1031): updateEmailAccount()
V/EmailUtils( 1031): getEmailAccountIdList()
V/EmailUtils( 1031): id = 1
V/BluetoothMasService( 1031): updateEmailAccount()
V/EmailUtils( 1031): getEmailAccountIdList()
D/Finsky  ( 1818): [1] BaseWidgetProvider.onReceive: Received ACTION_APPWIDGET_UPDATE, updating 1 widgets.
I/Email   ( 2346): ReconcilePopImapAccountsSync: done
V/EmailUtils( 1031): id = 1
W/fb4a(:<default>):FbObjectMapper( 2295): Falling back to Jackson for [simple type, class com.facebook.contacts.graphql.contactprofiletype.ContactProfileType]
V/BluetoothMasService( 1031): updateEmailAccount()
V/EmailUtils( 1031): getEmailAccountIdList()
V/EmailUtils( 1031): id = 1
V/BluetoothMasService( 1031): updateEmailAccount()
V/EmailUtils( 1031): getEmailAccountIdList()
V/EmailUtils( 1031): id = 1
D/BluetoothAdapterService(1103052456)( 1031): getState(): mAdapterProperties: com.android.bluetooth.btservice.AdapterProperties@41bf5f30
V/BluetoothMasService( 1031): updateEmailAccount()
V/EmailUtils( 1031): getEmailAccountIdList()
V/EmailUtils( 1031): id = 1
W/fb4a(:<default>):FbObjectMapper( 2295): Falling back to Jackson for [simple type, class com.facebook.common.util.TriState]
V/BluetoothMasService( 1031): updateEmailAccount()
V/EmailUtils( 1031): getEmailAccountIdList()
V/EmailUtils( 1031): id = 1
V/BluetoothMasService( 1031): updateEmailAccount()
V/EmailUtils( 1031): getEmailAccountIdList()
V/EmailUtils( 1031): id = 1
V/BluetoothMasService( 1031): updateEmailAccount()
V/EmailUtils( 1031): getEmailAccountIdList()
V/EmailUtils( 1031): id = 1
V/BluetoothMasService( 1031): updateEmailAccount()
V/EmailUtils( 1031): getEmailAccountIdList()
V/EmailUtils( 1031): id = 1
V/BluetoothMasService( 1031): updateEmailAccount()
V/EmailUtils( 1031): getEmailAccountIdList()
V/EmailUtils( 1031): id = 1
V/BluetoothMasService( 1031): updateEmailAccount()
V/EmailUtils( 1031): getEmailAccountIdList()
D/PicasaUploaderSyncManager( 2208): battery info: true
V/EmailUtils( 1031): id = 1
V/BluetoothMasService( 1031): updateEmailAccount()
V/EmailUtils( 1031): getEmailAccountIdList()
V/EmailUtils( 1031): id = 1
V/BluetoothMasService( 1031): updateEmailAccount()
V/EmailUtils( 1031): getEmailAccountIdList()
V/EmailUtils( 1031): id = 1
V/BluetoothMasService( 1031): updateEmailAccount()
V/EmailUtils( 1031): getEmailAccountIdList()
V/EmailUtils( 1031): id = 1
V/BluetoothMasService( 1031): updateEmailAccount()
V/EmailUtils( 1031): getEmailAccountIdList()
V/EmailUtils( 1031): id = 1
V/BluetoothMasService( 1031): updateEmailAccount()
V/EmailUtils( 1031): getEmailAccountIdList()
V/EmailUtils( 1031): id = 1
V/BluetoothMasService( 1031): updateEmailAccount()
V/EmailUtils( 1031): getEmailAccountIdList()
V/EmailUtils( 1031): id = 1
V/BluetoothMasService( 1031): updateEmailAccount()
V/EmailUtils( 1031): getEmailAccountIdList()
V/EmailUtils( 1031): id = 1
D/MtpService(  612): updating state; isCurrentUser=true, mMtpLocked=false
I/ActivityManager(  418): Start proc com.cyanogenmod.account for broadcast com.cyanogenmod.account/.CMAccount$CMAccountAdminReceiver: pid=2428 uid=10005 gids={50005, 3003, 1028}
D/GCM     (  799): GcmService start Intent { act=com.google.android.checkin.CHECKIN_COMPLETE flg=0x10 cmp=com.google.android.gms/.gcm.GcmService (has extras) } com.google.android.checkin.CHECKIN_COMPLETE
D/AlertReceiver( 1452): onReceive: a=android.intent.action.PROVIDER_CHANGED Intent { act=android.intent.action.PROVIDER_CHANGED dat=content://com.android.calendar flg=0x10 cmp=com.android.calendar/.alerts.AlertReceiver }
D/AlertService( 1452): 0 Action = android.intent.action.PROVIDER_CHANGED
V/SmsReceiverService( 2174): onStart: #1 mResultCode: -1 = Activity.RESULT_OK
I/ActivityManager(  418): Start proc com.google.android.gm for broadcast com.google.android.gm/.MailIntentReceiver: pid=2455 uid=10057 gids={50057, 3003, 1015, 1028}
D/InitAlarmsService( 1452): Clearing and rescheduling alarms.
D/dalvikvm( 2455): Debugger has detached; object registry had 1 entries
I/dalvikvm( 2455): Could not find method android.app.ActivityManager.isLowRamDevice, referenced from method com.android.mail.utils.Y.F
W/dalvikvm( 2455): VFY: unable to resolve virtual method 139: Landroid/app/ActivityManager;.isLowRamDevice ()Z
D/dalvikvm( 2455): VFY: replacing opcode 0x6e at 0x0011
D/ActivityThread( 2455): Loading provider com.android.gmail.ui: com.google.android.gm.provider.GmailProvider
I/dalvikvm( 2455): Could not find method com.android.mail.browse.E.getNotificationUri, referenced from method com.android.mail.browse.t.getNotificationUri
W/dalvikvm( 2455): VFY: unable to resolve virtual method 6615: Lcom/android/mail/browse/E;.getNotificationUri ()Landroid/net/Uri;
D/dalvikvm( 2455): VFY: replacing opcode 0x6e at 0x0008
W/GAV2    ( 2455): Thread[main,5,main]: Need to call initialize() and be in fallback mode to start dispatch.
W/CursorWrapperInner(  612): Cursor finalized without prior close()
W/CursorWrapperInner(  612): Cursor finalized without prior close()
I/ActivityManager(  418): No longer want com.google.android.talk (pid 1962): empty #17
D/Volley  ( 1818): [1] Request.finish: 3025 ms: [ ] https://android.clients.google.com/fdfe/promo?c=3 0xe8d195d1 NORMAL 9
D/Email   ( 2346): *** synchronizeMailboxGeneric ***
I/dalvikvm( 2295): Jit: resizing JitTable from 4096 to 8192
I/dalvikvm( 2295): Could not find method com.android.internal.widget.ILockSettings$Stub.a, referenced from method com.facebook.keyguardtype.LockSettingsServiceKeyguardTypeResolver.b
W/dalvikvm( 2295): VFY: unable to resolve static method 4693: Lcom/android/internal/widget/ILockSettings$Stub;.a (Landroid/os/IBinder;)Lcom/android/internal/widget/ILockSettings;
D/dalvikvm( 2295): VFY: replacing opcode 0x71 at 0x0023
I/AdsMeasurementBroadcastReceiver(  953): Reporting settings might have changed, alerting AdsMeasurementService
D/AdsMeasurementBroadcastReceiver(  953): Unauthorized to start the main service
I/ActivityManager(  418): Start proc com.google.android.talk for broadcast com.google.android.talk/com.google.android.apps.babel.realtimechat.RealTimeChatService$AlarmReceiver: pid=2504 uid=10081 gids={50081, 3003, 1015, 1006, 3002, 1028}
I/dalvikvm( 2504): Could not find method android.app.ActivityManager.isLowRamDevice, referenced from method com.google.android.apps.babel.phone.EsApplication.onCreate
W/dalvikvm( 2504): VFY: unable to resolve virtual method 1216: Landroid/app/ActivityManager;.isLowRamDevice ()Z
D/dalvikvm( 2504): VFY: replacing opcode 0x6e at 0x012f
I/dalvikvm( 2504): Could not find method android.provider.Telephony$Sms.getDefaultSmsPackage, referenced from method com.google.android.apps.babel.realtimechat.d.xp
W/dalvikvm( 2504): VFY: unable to resolve static method 2613: Landroid/provider/Telephony$Sms;.getDefaultSmsPackage (Landroid/content/Context;)Ljava/lang/String;
D/dalvikvm( 2504): VFY: replacing opcode 0x71 at 0x0057
I/dalvikvm( 2504): Could not find method android.telephony.TelephonyManager.getMmsUserAgent, referenced from method cr.e
W/dalvikvm( 2504): VFY: unable to resolve virtual method 8647: Landroid/telephony/TelephonyManager;.getMmsUserAgent ()Ljava/lang/String;
D/dalvikvm( 2504): VFY: replacing opcode 0x6e at 0x0021
I/Babel   ( 2504): MmsConfig: mnc/mcc: 208/10
I/Babel   ( 2504): MmsConfig.loadMmsSettings
I/Babel   ( 2504): MmsConfig.loadFromDatabase
I/NotifUtils( 2455): Validating Notification, mapSize: 0 getAttention: true ignoreUnobtrusive: false
I/Babel   ( 2504): ApnsOta: OTA version -1
W/Settings( 2504): Setting airplane_mode_on has moved from android.provider.Settings.System to android.provider.Settings.Global, returning read-only value.
E/SQLiteLog( 2504): (1) no such table: mmsconfig
I/Gmail   ( 2455): calculateUnknownSyncRationalesAndPurgeInBackground: queueing
I/Babel   ( 2504): MmsConfig: no mmsconfig table android.database.sqlite.SQLiteException: no such table: mmsconfig (code 1): , while compiling: SELECT key, value, type FROM mmsconfig WHERE numeric=?
I/Babel   ( 2504): MmsConfig.loadFromResources
I/NotifUtils( 2455): validateNotifications - cancelling account -1462260319 / folder 3019
E/Babel   ( 2504): canonicalizeMccMnc: invalid mccmnc nullnull
W/Babel   ( 2504): MmsConfig: invalid key=userAgent or type=string
W/Babel   ( 2504): MmsConfig: invalid key=uaProfUrl or type=string
I/Babel   ( 2504): MmsConfig.loadMmsSettings: mUserAgent=Hangouts/2.1.311, mUaProfUrl=http://www.gstatic.com/android/hangouts/hangouts_mms_ua_profile.xml
I/Gmail   ( 2455): calculateUnknownSyncRationalesAndPurgeInBackground: queueing
I/Gmail   ( 2455): calculateUnknownSyncRationalesAndPurgeInBackground: running
I/Babel   ( 2504): shouldNotify for sms: true
D/AlertReceiver( 1452): onReceive: a=android.intent.action.PROVIDER_CHANGED Intent { act=android.intent.action.PROVIDER_CHANGED dat=content://com.android.calendar flg=0x10 cmp=com.android.calendar/.alerts.AlertReceiver }
W/ResponseProcessCookies( 2295): Invalid cookie header: "Set-Cookie: Expires=deleted; expires=Thu, 01-Jan-1970 00:00:01 GMT; Max-Age=-1406769136; path=/; domain=.facebook.com; httponly". Negative max-age attribute: -1406769136
W/ResponseProcessCookies( 2295): Invalid cookie header: "Set-Cookie: Domain=deleted; expires=Thu, 01-Jan-1970 00:00:01 GMT; Max-Age=-1406769136; path=/; domain=.facebook.com; httponly". Negative max-age attribute: -1406769136
W/ResponseProcessCookies( 2295): Invalid cookie header: "Set-Cookie: Path=deleted; expires=Thu, 01-Jan-1970 00:00:01 GMT; Max-Age=-1406769136; path=/; domain=.facebook.com; httponly". Negative max-age attribute: -1406769136
W/ResponseProcessCookies( 2295): Invalid cookie header: "Set-Cookie: secure=deleted; expires=Thu, 01-Jan-1970 00:00:01 GMT; Max-Age=-1406769136; path=/; domain=.facebook.com; httponly". Negative max-age attribute: -1406769136
I/Gmail   ( 2455): calculateUnknownSyncRationalesAndPurgeInBackground: running
D/Volley  ( 2428): [226] BasicNetwork.logSlowRequests: HTTP response for request=<[ ] https://account.cyanogenmod.org/api/v1/ping/get_minimum_app_version 0x6eba5d93 NORMAL 1> [lifetime=4346], [size=15], [rc=200], [retryCount=0]
I/ActivityManager(  418): Start proc android.process.acore for broadcast com.android.providers.contacts/.PackageIntentReceiver: pid=2548 uid=10001 gids={50001, 3003, 1015, 1028}
D/Volley  ( 2428): [1] Request.finish: 4475 ms: [ ] https://account.cyanogenmod.org/api/v1/ping/get_minimum_app_version 0x6eba5d93 NORMAL 1
I/ActivityManager(  418): Start proc com.google.android.gms:snet for service com.google.android.gms/.security.snet.SnetLaunchService: pid=2564 uid=10054 gids={50054, 3003, 1007, 1028, 1015, 1006, 3002, 3001, 2001, 3006}
I/ActivityManager(  418): Start proc com.android.gallery3d for broadcast com.android.gallery3d/.app.PackagesMonitor: pid=2581 uid=10023 gids={50023, 1006, 3003, 1015, 1028}
I/ActivityManager(  418): No longer want com.google.android.youtube (pid 2011): empty #17
D/SnetService(  953): snet destroyed
D/dalvikvm( 2581): Debugger has detached; object registry had 1 entries
I/MultiDex( 2564): install
I/MultiDex( 2564): MultiDexExtractor.load(/data/app/com.google.android.gms-2.apk, false)
I/MultiDex( 2564): loading existing secondary dex files
I/MultiDex( 2564): load found 1 secondary dex files
I/MultiDex( 2564): install done
I/ProviderInstaller( 2564): Insert disabled by gate 'gms:security:enable_conscrypt_in_gms_application'
D/com.google.android.snet.Snet( 2564): Hello Snet!
I/ActivityManager(  418): Start proc com.android.voicedialer for broadcast com.android.voicedialer/.VoiceDialerReceiver: pid=2602 uid=10049 gids={50049, 3002, 1028}
D/AlertService( 1452): Beginning updateAlertNotification
D/AlertService( 1452): No fired or scheduled alerts
I/ActivityManager(  418): Start proc org.cyanogenmod.voiceplus for broadcast org.cyanogenmod.voiceplus/.PackageChangeReceiver: pid=2618 uid=10050 gids={50050, 3003, 1028}
I/ActivityManager(  418): No longer want com.cyanogenmod.updater (pid 2146): empty #17
I/ActivityManager(  418): No longer want com.adobe.air (pid 2266): empty #17
D/AlertService( 1452): Scheduling next alarm with AlarmScheduler. sEventReminderReceived: null
D/AlarmScheduler( 1452): No events found starting within 1 week.
D/AlertService( 1452): 0 Action = android.intent.action.PROVIDER_CHANGED
D/PackageBroadcastService(  953): Received broadcast action=android.intent.action.PACKAGE_CHANGED and uri=com.android.stk
I/ActivityManager(  418): No longer want com.android.exchange (pid 2364): empty #17
I/IcingCorporaProvider( 1914): Updating corpora: APPS=com.android.stk, CONTACTS=MAYBE
I/ActivityManager(  418): Start proc com.maxmpz.audioplayer.widgetpack1 for broadcast com.maxmpz.audioplayer.widgetpack1/com.maxmpz.audioplayer.widgetpackcommon.WidgetPAPIReceiver: pid=2636 uid=10094 gids={50094, 1028}
V/SmsReceiverService( 2174): onStart: #1 mResultCode: -1 = Activity.RESULT_OK
D/GCM     (  799): GcmService start Intent { act=com.google.android.talk.MCS_CONNECTION_SERVICE_STARTED flg=0x10 cmp=com.google.android.gms/.gcm.GcmService } com.google.android.talk.MCS_CONNECTION_SERVICE_STARTED
I/GAV2    ( 2455): Thread[GAThread,5,main]: No campaign data found.
I/PeopleContactsSync(  953): CP2 sync disabled
D/GCM     (  799): GcmService start Intent { act=com.google.android.checkin.CHECKIN_COMPLETE flg=0x10 cmp=com.google.android.gms/.gcm.GcmService (has extras) } com.google.android.checkin.CHECKIN_COMPLETE
I/dalvikvm( 2295): Could not find method android.provider.DocumentsContract.isDocumentUri, referenced from method com.facebook.common.tempfile.BackingFileResolver.c
W/dalvikvm( 2295): VFY: unable to resolve static method 1217: Landroid/provider/DocumentsContract;.isDocumentUri (Landroid/content/Context;Landroid/net/Uri;)Z
D/dalvikvm( 2295): VFY: replacing opcode 0x71 at 0x0002
I/dalvikvm( 2295): Could not find method android.provider.DocumentsContract.getDocumentId, referenced from method com.facebook.common.tempfile.BackingFileResolver.d
W/dalvikvm( 2295): VFY: unable to resolve static method 1216: Landroid/provider/DocumentsContract;.getDocumentId (Landroid/net/Uri;)Ljava/lang/String;
D/dalvikvm( 2295): VFY: replacing opcode 0x71 at 0x0002
V/MediaScanner(  612): found .nomedia, setting noMedia flag
D/Email   ( 2346): *** synchronizeMailboxGeneric ***
D/GCM     (  799): GcmService start Intent { act=com.google.android.checkin.CHECKIN_COMPLETE flg=0x10 cmp=com.google.android.gms/.gcm.GcmService (has extras) } com.google.android.checkin.CHECKIN_COMPLETE
I/AdsMeasurementBroadcastReceiver(  953): Reporting settings might have changed, alerting AdsMeasurementService
D/AdsMeasurementBroadcastReceiver(  953): Unauthorized to start the main service
W/ActivityThread( 2564): ClassLoader.loadClass: The class loader returned by Thread.getContextClassLoader() may fail for processes that host multiple applications. You should explicitly specify a context class loader. For example: Thread.setContextClassLoader(getClass().getClassLoader());
I/AdsMeasurementBroadcastReceiver(  953): Reporting settings might have changed, alerting AdsMeasurementService
D/AdsMeasurementBroadcastReceiver(  953): Unauthorized to start the main service
D/GCM     (  799): GcmService start Intent { act=com.google.android.gms.INITIALIZE flg=0x10 pkg=com.google.android.gms cmp=com.google.android.gms/.gcm.GcmService } com.google.android.gms.INITIALIZE
V/MediaScanner(  612): found .nomedia, setting noMedia flag
I/qtaguid ( 1818): Failed write_ctrl(u 57) res=-1 errno=22
I/qtaguid ( 1818): Untagging socket 57 failed errno=-22
W/NetworkManagementSocketTagger( 1818): untagSocket(57) failed with errno -22
D/Finsky  ( 1818): [1] SelfUpdateScheduler.checkForSelfUpdate: Skipping DFE self-update. Local Version [80280020] >= Server Version [-1]
I/ContactLocale( 2548): AddressBook Labels [fr_FR]: [, A, B, C, D, E, F, G, H, I, J, K, L, M, N, O, P, Q, R, S, T, U, V, W, X, Y, Z, Α, Β, Γ, Δ, Ε, Ζ, Η, Θ, Ι, Κ, Λ, Μ, Ν, Ξ, Ο, Π, Ρ, Σ, Τ, Υ, Φ, Χ, Ψ, Ω, , А, Б, В, Г, Д, Е, Є, Ж, З, И, І, Ї, Й, К, Л, М, Н, О, П, Р, С, Т, У, Ф, Х, Ц, Ч, Ш, Щ, Ю, Я, , א, ב, ג, ד, ה, ו, ז, ח, ט, י, כ, ל, מ, נ, ס, ע, פ, צ, ק, ר, ש, ת, , ا, ب, ت, ث, ج, ح, خ, د, ذ, ر, ز, س, ش, ص, ض, ط, ظ, ع, غ, ف, ق, ك, ل, م, ن, ه, و, ي, , ก, ข, ฃ, ค, ฅ, ฆ, ง, จ, ฉ, ช, ซ, ฌ, ญ, ฎ, ฏ, ฐ, ฑ, ฒ, ณ, ด, ต, ถ, ท, ธ, น, บ, ป, ผ, ฝ, พ, ฟ, ภ, ม, ย, ร, ฤ, ล, ฦ, ว, ศ, ษ, ส, ห, ฬ, อ, ฮ, , ㄱ, ㄴ, ㄷ, ㄹ, ㅁ, ㅂ, ㅅ, ㅇ, ㅈ, ㅊ, ㅋ, ㅌ, ㅍ, ㅎ, , あ, か, さ, た, な, は, ま, や, ら, わ, #, ]
I/ActivityManager(  418): No longer want com.android.settings (pid 2119): empty #17
I/qtaguid ( 1818): Failed write_ctrl(u 57) res=-1 errno=22
I/qtaguid ( 1818): Untagging socket 57 failed errno=-22
W/NetworkManagementSocketTagger( 1818): untagSocket(57) failed with errno -22
I/InputReader(  418): Reconfiguring input devices.  changes=0x00000010
D/PackageBroadcastService(  953): Received broadcast action=android.intent.action.PACKAGE_CHANGED and uri=com.android.stk
I/PeopleContactsSync(  953): CP2 sync disabled
I/GAV4    ( 2504): Thread[GAThread,5,main]: No campaign data found.
I/IcingCorporaProvider( 1914): UpdateCorporaTask done [took 4485 ms] updated apps [took 4485 ms] 
I/IcingCorporaProvider( 1914): Updating corpora: APPS=com.android.stk, CONTACTS=MAYBE
I/IcingCorporaProvider( 1914): UpdateCorporaTask done [took 92 ms] updated apps [took 92 ms] 
D/AlertService( 1452): Beginning updateAlertNotification
D/AlertService( 1452): No fired or scheduled alerts
I/ActivityManager(  418): No longer want com.android.deskclock (pid 2085): empty #17
D/AlertService( 1452): Scheduling next alarm with AlarmScheduler. sEventReminderReceived: null
D/AlarmScheduler( 1452): No events found starting within 1 week.
I/ActivityManager(  418): No longer want com.google.android.apps.uploader (pid 2208): empty #17
I/AudioService(  418):  AudioFocus  abandonAudioFocus() from android.media.AudioManager@41c4d8b8com.maxmpz.audioplayer.player.PlayerService$20@41c4e488
W/AudioFlinger(  135): removeEffect_l() 0x40d0f008 cannot promote chain for effect 0x40de75b8
W/AudioPolicyManagerBase(  135): unregisterEffect() unknown effect ID 15
W/PlayerService(  649): Poweramp Player Service leaves the scene
E/MtpServerJNI(  612): server is null in send_object_added
E/MtpServerJNI(  612): server is null in send_object_added
D/Volley  ( 1818): [1] Request.finish: 4920 ms: [ ] https://android.clients.google.com/fdfe/replicateLibrary 0xe8d195d1 NORMAL 11
D/Finsky  ( 1818): [1] CheckWifiAndAutoUpdate.cancelCheck: Cancelling auto-update wifi check.
I/qtaguid ( 1818): Failed write_ctrl(u 57) res=-1 errno=22
I/qtaguid ( 1818): Untagging socket 57 failed errno=-22
W/NetworkManagementSocketTagger( 1818): untagSocket(57) failed with errno -22
D/Finsky  ( 1818): [1] MultiWayUpdateController.captureVariesByAccount: Change varies-by-account for com.facebook.katana to true
D/Finsky  ( 1818): [1] InstallerImpl.requestInstall: Request install of com.facebook.katana v=3344688 for auto_update
D/Finsky  ( 1818): [1] InstallerImpl.kick: Installer kick com.facebook.katana - starting com.facebook.katana
D/Finsky  ( 1818): [1] DailyHygiene.flushEventLogsAndContinue: Flushing event logs for [ycZNSC56-oi708iNTuW1gGn5j1I]
I/ActivityManager(  418): No longer want com.chrome.beta (pid 2281): empty #17
I/qtaguid ( 1818): Failed write_ctrl(u 57) res=-1 errno=22
I/qtaguid ( 1818): Untagging socket 57 failed errno=-22
W/NetworkManagementSocketTagger( 1818): untagSocket(57) failed with errno -22
D/Finsky  ( 1818): [1] DownloadImpl.setState: com.facebook.katana from null to UNQUEUED.
D/Finsky  ( 1818): [1] DownloadQueueImpl.add: Download com.facebook.katana added to DownloadQueue
D/Finsky  ( 1818): [1] DownloadImpl.setState: com.facebook.katana from UNQUEUED to QUEUED.
I/installd(  136): free_cache(16696430) avail 4260745216
D/Finsky  ( 1818): [1] DownloadQueueImpl.startDownload: Download com.facebook.katana starting
D/Finsky  ( 1818): [181] 7.run: Enqueued com.facebook.katana as content://downloads/my_downloads/291
D/Finsky  ( 1818): [1] DownloadImpl.setState: com.facebook.katana from QUEUED to DOWNLOADING.
D/Finsky  ( 1818): [1] DownloadQueueImpl.onStart: com.facebook.katana: onStart
D/Finsky  ( 1818): [1] DownloadQueueImpl.notifyProgress: com.facebook.katana: onProgress 0/-1 Status: 190.
D/Finsky  ( 1818): [1] DownloadQueueImpl.notifyProgress: com.facebook.katana: onProgress 0/-1 Status: 192.
I/DownloadManager(  612): Download 291 starting
D/MobileDataStateTracker(  418): default: setPolicyDataEnable(enabled=true)
D/MobileDataStateTracker(  418): default: setPolicyDataEnable(enabled=true)
D/MobileDataStateTracker(  418): default: setPolicyDataEnable(enabled=true)
D/MobileDataStateTracker(  418): default: setPolicyDataEnable(enabled=true)
D/MobileDataStateTracker(  418): default: setPolicyDataEnable(enabled=true)
I/ActivityManager(  418): No longer want com.android.email (pid 2346): empty #17
D/MobileDataStateTracker(  418): default: setPolicyDataEnable(enabled=true)
D/MobileDataStateTracker(  418): default: setPolicyDataEnable(enabled=true)
I/DownloadManager(  612): Download 291 finished with status SUCCESS
D/Finsky  ( 1818): [1] DownloadBroadcastReceiver.onReceive: Intent received at DownloadBroadcastReceiver
D/Finsky  ( 1818): [1] DownloadQueueImpl.notifyProgress: com.facebook.katana: onProgress 16696430/16696430 Status: 200.
D/Finsky  ( 1818): [1] DownloadImpl.setState: com.facebook.katana from DOWNLOADING to SUCCESS.
D/Finsky  ( 1818): [1] DownloadQueueImpl.onComplete: com.facebook.katana: onComplete
D/Finsky  ( 1818): [1] DownloadQueueImpl.remove: Download com.facebook.katana removed from DownloadQueue
I/installd(  136): free_cache(0) avail 4244041728
E/RestStorages(  649): using folders=/storage/emulated/0
W/RestStorages(  649): Detected mount point=/storage/emulated/0
W/RestStorages(  649): Detected mount point=/factory
W/RestStorages(  649): Detected mount point=/storage/emulated/legacy
W/RestStorages(  649): Available mounts=[/storage/emulated/0, /factory, /storage/emulated/legacy]
W/RestStorages(  649): unmountedStorages=[]
W/FolderScanner2(  649): Starting scan=/storage/emulated/0 fastScan=true
W/FolderScanner2(  649): Scanned dirs: 152, files: 29 in 416ms, 69.7 files per sec, 365.4 folders per sec
W/LibraryScanner(  649): processFiles in 11ms, files=0
W/LibraryScanner(  649): doScan in 120ms
D/Finsky  ( 1818): [1] 5.onFinished: Installation state replication succeeded.
I/ActivityManager(  418): No longer want com.facebook.orca (pid 1289): empty #17
D/Finsky  ( 1818): [1] 6.onPostExecute: Successfully applied patch to update com.facebook.katana
I/ActivityManager(  418): Start proc com.android.defcontainer for service com.android.defcontainer/.DefaultContainerService: pid=2710 uid=10015 gids={50015, 1015, 1023, 2001, 1028}
W/ActivityManager(  418): No content provider found for permission revoke: file:///data/data/com.android.vending/cache/patches/com.facebook.katana-1612847207.apk
D/Finsky  ( 1818): [1] PackageVerificationReceiver.checkPrerequisites: Skipping verification because own installation
D/Finsky  ( 1818): [1] PackageVerificationReceiver.onReceive: Verification requested, id = 0
W/ActivityManager(  418): No content provider found for permission revoke: file:///data/data/com.android.vending/cache/patches/com.facebook.katana-1612847207.apk
I/PackageManager(  418): Copying native libraries to /data/app-lib/vmdl-1612847207
D/AndroidRuntime( 2727): 
D/AndroidRuntime( 2727): >>>>>> AndroidRuntime START com.android.internal.os.RuntimeInit <<<<<<
D/AndroidRuntime( 2727): CheckJNI is OFF
D/dalvikvm( 2727): Trying to load lib libjavacore.so 0x0
D/dalvikvm( 2727): Added shared lib libjavacore.so 0x0
D/dalvikvm( 2727): Trying to load lib libnativehelper.so 0x0
D/dalvikvm( 2727): Added shared lib libnativehelper.so 0x0
D/AndroidRuntime( 2727): Calling main entry com.android.commands.pm.Pm
D/dalvikvm(  418): JIT code cache reset in 7 ms (1048500 bytes 1/0)
W/NativeHelper(  418): Could not delete native binary: /data/app-lib/com.facebook.katana-1/libfb_breakpad_client.so
