W/ContextImpl(  888): Calling a method in the system process without a qualified user: android.app.ContextImpl.bindService:1510 android.content.ContextWrapper.bindService:496 android.bluetooth.BluetoothPan$1.onBluetoothStateChange:173 android.bluetooth.IBluetoothStateChangeCallback$Stub.onTransact:55 android.os.Binder.execTransact:388 
I/BluetoothAdapterState( 1031): Entering On State
D/BluetoothPan(  888): BluetoothPan(), bindService called
D/BluetoothAdapterService(1103052456)( 1031): getState(): mAdapterProperties: com.android.bluetooth.btservice.AdapterProperties@41bf5f30
D/BluetoothAdapterService(1103052456)( 1031): Quiet mode Enabled = false
D/BluetoothAdapterService(1103052456)( 1031): Initiate auto connection on BT on...
D/BluetoothAdapterService(1103052456)( 1031): Get Bonded Devices being called
D/BluetoothAdapterProperties( 1031): getBondedDevices: length=1
E/bt_h4   ( 1031): vendor lib postload completed
D/BluetoothHeadset(  719): onBluetoothStateChange: up=true
D/BluetoothPan(  418): onBluetoothStateChange(on) call bindService
D/BluetoothAdapterService( 1031): Auto Connecting Headset Profile with device 00:1A:7D:60:36:DA
D/BluetoothAdapterService( 1031): getAdapterService(): returning com.android.bluetooth.btservice.AdapterService@41bf3ea8
D/BluetoothAdapterService(1103052456)( 1031): Message: 20
D/BluetoothAdapterService(1103052456)( 1031): MESSAGE_PROFILE_CONNECTION_STATE_CHANGED
D/BluetoothPan(  418): BluetoothPan(), bindService called
D/BluetoothAdapterService(1103052456)( 1031): getState(): mAdapterProperties: com.android.bluetooth.btservice.AdapterProperties@41bf5f30
D/BluetoothPbap(  888): onBluetoothStateChange: up=true
D/PhoneApp(  719): mReceiver: HEADSET_STATE_CHANGED_ACTION
D/PhoneApp(  719): ==> new state: 1
W/ContextImpl(  418): Calling a method in the system process without a qualified user: android.app.ContextImpl.bindService:1510 android.bluetooth.BluetoothPan$1.onBluetoothStateChange:173 com.android.server.BluetoothManagerService.sendBluetoothStateCallback:504 com.android.server.BluetoothManagerService.bluetoothStateChangeHandler:1144 com.android.server.BluetoothManagerService.access$2900:49 
W/ContextImpl(  888): Calling a method in the system process without a qualified user: android.app.ContextImpl.bindService:1510 android.content.ContextWrapper.bindService:496 android.bluetooth.BluetoothPbap$1.onBluetoothStateChange:132 android.bluetooth.IBluetoothStateChangeCallback$Stub.onTransact:55 android.os.Binder.execTransact:388 
I/BluetoothHeadsetServiceJni( 1031): connectHfpNative: sBluetoothHfpInterface: 0x5ed3f2a0
D/BluetoothPhoneService(  719): queryPhoneState
D/BluetoothAdapterService(1103052456)( 1031): Get Bonded Devices being called
D/BluetoothHeadset(  418): onBluetoothStateChange: up=true
D/BluetoothInputDevice(  888): onBluetoothStateChange: up=true
D/BluetoothA2dp(  418): onBluetoothStateChange: up=true
D/BluetoothHeadset(  719): onBluetoothStateChange: up=true
D/PhoneApp(  719): - updating in-call notification for BT state change...
D/PhoneApp(  719): updateProximitySensorMode: state = IDLE
D/BluetoothAdapterProperties( 1031): CONNECTION_STATE_CHANGE: 00:1A:7D:60:36:DA: 0 -> 1
D/PhoneUtils(  719): Call is not active
D/PhoneApp(  719): updateProximitySensorMode: lock already released.
D/BluetoothPhoneService(  719): handleMessage: 5
D/BluetoothManagerService(  418): Bluetooth State Change Intent: 11 -> 12
D/BluetoothAdapterService(1103052456)( 1031): getState(): mAdapterProperties: com.android.bluetooth.btservice.AdapterProperties@41bf5f30
D/BluetoothAdapterProperties( 1031): getBondedDevices: length=1
D/BluetoothAdapterService( 1031): Auto Connecting A2DP Profile with device 00:1A:7D:60:36:DA
D/BluetoothAdapterService(1103052456)( 1031): getState(): mAdapterProperties: com.android.bluetooth.btservice.AdapterProperties@41bf5f30
D/BluetoothAdapterService(1103052456)( 1031): Get Bonded Devices being called
D/BluetoothAdapterProperties( 1031): getBondedDevices: length=1
D/BluetoothAdapterService(1103052456)( 1031): getState(): mAdapterProperties: com.android.bluetooth.btservice.AdapterProperties@41bf5f30
E/HeadsetStateMachine( 1031): terminateScoUsingVirtualVoiceCall:No present call to terminate
W/bt-btif ( 1031): BTHF: phone_state_change: SLC connection not up. state=BTHF_CONNECTION_STATE_CONNECTING
E/BluetoothHeadsetServiceJni( 1031): Failed report phone state change, status: 2
D/PhoneApp(  719): - updating in-call notification from handler...
D/NotificationMgr(  719): updateInCallNotification(allowFullScreenIntent = false)...
D/NotificationMgr(  719): cancelInCall()...
D/LocalBluetoothProfileManager(  888): Adding local A2DP profile
D/A2dpStateMachine( 1031): Disconnected process message: 1
I/BluetoothA2dpServiceJni( 1031): connectA2dpNative: sBluetoothA2dpInterface: 0x5ed3f330
D/A2dpStateMachine( 1031): Exit Disconnected: 1
D/A2dpStateMachine( 1031): Enter Pending: 1
D/BluetoothManagerService(  418): Message: 30
D/A2dpStateMachine( 1031): Connection state 00:1A:7D:60:36:DA: 0->1
D/BluetoothAdapterService( 1031): getAdapterService(): returning com.android.bluetooth.btservice.AdapterService@41bf3ea8
V/HeadsetService( 1031): HeadsetService -  Received BluetoothA2dp Conn State changed
D/BluetoothAdapterService(1103052456)( 1031): Message: 20
D/BluetoothAdapterService(1103052456)( 1031): MESSAGE_PROFILE_CONNECTION_STATE_CHANGED
D/BluetoothAdapterService(1103052456)( 1031): getState(): mAdapterProperties: com.android.bluetooth.btservice.AdapterProperties@41bf5f30
D/LocalBluetoothProfileManager(  888): Adding local HEADSET profile
D/BluetoothManagerService(  418): Message: 30
W/ContextImpl(  888): Calling a method in the system process without a qualified user: android.app.ContextImpl.bindService:1510 android.content.ContextWrapper.bindService:496 android.bluetooth.BluetoothA2dp.<init>:160 android.bluetooth.BluetoothAdapter.getProfileProxy:1176 com.android.settings.bluetooth.LocalBluetoothAdapter.getProfileProxy:94 
D/BluetoothAdapterService(1103052456)( 1031): getState(): mAdapterProperties: com.android.bluetooth.btservice.AdapterProperties@41bf5f30
D/BluetoothAdapterService(1103052456)( 1031): Get Bonded Devices being called
D/BluetoothAdapterProperties( 1031): getBondedDevices: length=1
W/ContextImpl(  888): Calling a method in the system process without a qualified user: android.app.ContextImpl.bindService:1510 android.content.ContextWrapper.bindService:496 android.bluetooth.BluetoothHeadset.<init>:273 android.bluetooth.BluetoothAdapter.getProfileProxy:1173 com.android.settings.bluetooth.LocalBluetoothAdapter.getProfileProxy:94 
D/BluetoothAdapterService(1103052456)( 1031): getState(): mAdapterProperties: com.android.bluetooth.btservice.AdapterProperties@41bf5f30
D/BluetoothAdapterService(1103052456)( 1031): Get Bonded Devices being called
D/BluetoothAdapterProperties( 1031): getBondedDevices: length=1
D/BluetoothManagerService(  418): BluetoothServiceConnection: com.android.bluetooth.gatt.GattService
D/BluetoothManagerService(  418): Message: 40
D/BluetoothManagerService(  418): MESSAGE_BLUETOOTH_SERVICE_CONNECTED: 2
D/BluetoothAdapterService(1103052456)( 1031): getState(): mAdapterProperties: com.android.bluetooth.btservice.AdapterProperties@41bf5f30
D/BluetoothA2dp(  888): Proxy object connected
D/A2dpProfile(  888): Bluetooth service connected
D/BluetoothAdapterService(1103052456)( 1031): getState(): mAdapterProperties: com.android.bluetooth.btservice.AdapterProperties@41bf5f30
D/BluetoothHeadset(  888): Proxy object connected
D/HeadsetProfile(  888): Bluetooth service connected
D/BluetoothAdapterService(1103052456)( 1031): getState(): mAdapterProperties: com.android.bluetooth.btservice.AdapterProperties@41bf5f30
D/dalvikvm(  649): Trying to load lib /data/data/com.maxmpz.audioplayer/files/libpampffmpeg.so 0x41be4140
D/dalvikvm(  649): Added shared lib /data/data/com.maxmpz.audioplayer/files/libpampffmpeg.so 0x41be4140
D/dalvikvm(  649): No JNI_OnLoad found in /data/data/com.maxmpz.audioplayer/files/libpampffmpeg.so 0x41be4140, skipping init
D/dalvikvm(  649): Trying to load lib /data/data/com.maxmpz.audioplayer/files/libaudioplayer_native.so 0x41be4140
D/dalvikvm(  649): Added shared lib /data/data/com.maxmpz.audioplayer/files/libaudioplayer_native.so 0x41be4140
D/KeyguardUpdateMonitor(  418): Received SPN update on sub :0
D/AlarmManagerService(  418): Kernel timezone updated to -120 minutes west of GMT
D/MobileDataStateTracker(  418): default: Broadcast received: android.intent.action.ANY_DATA_STATE apnType=default
D/MobileDataStateTracker(  418): default: default setting isAvailable to true
D/MobileDataStateTracker(  418): default: Received state=DISCONNECTED, old=DISCONNECTED, reason=(unspecified)
D/GpsLocationProvider(  418): NTP server returned: 1406769084510 (Thu Jul 31 03:11:24 CEST 2014) reference: 41385 certainty: 10 system time offset: -4058
I/nativeutils.c(  649): open of /dev/cpuctl/tasks failed: Permission denied
D/BluetoothManagerService(  418): Message: 20
D/BluetoothManagerService(  418): Added callback: android.bluetooth.IBluetoothManagerCallback$Stub$Proxy@42a7b6b0:true
E/TelephonyProvider(  719): Failed setting numeric 'null' to the current operator
D/MobileDataStateTracker(  418): dun: Broadcast received: android.intent.action.ANY_DATA_STATE apnType=dun
D/MobileDataStateTracker(  418): dun: dun setting isAvailable to true
D/MobileDataStateTracker(  418): dun: Received state=DISCONNECTED, old=DISCONNECTED, reason=nwTypeChanged
D/MobileDataStateTracker(  418): supl: Broadcast received: android.intent.action.ANY_DATA_STATE apnType=supl
D/MobileDataStateTracker(  418): supl: supl setting isAvailable to true
D/MobileDataStateTracker(  418): supl: Received state=DISCONNECTED, old=DISCONNECTED, reason=nwTypeChanged
D/MobileDataStateTracker(  418): hipri: Broadcast received: android.intent.action.ANY_DATA_STATE apnType=hipri
D/MobileDataStateTracker(  418): hipri: hipri setting isAvailable to true
D/MobileDataStateTracker(  418): hipri: Received state=DISCONNECTED, old=DISCONNECTED, reason=nwTypeChanged
D/MobileDataStateTracker(  418): default: Broadcast received: android.intent.action.ANY_DATA_STATE apnType=default
D/MobileDataStateTracker(  418): default: default setting isAvailable to true
D/MobileDataStateTracker(  418): default: Received state=DISCONNECTED, old=DISCONNECTED, reason=nwTypeChanged
D/MobileDataStateTracker(  418): mms: Broadcast received: android.intent.action.ANY_DATA_STATE apnType=mms
D/MobileDataStateTracker(  418): mms: mms setting isAvailable to true
D/MobileDataStateTracker(  418): mms: Received state=DISCONNECTED, old=DISCONNECTED, reason=nwTypeChanged
D/MobileDataStateTracker(  418): dun: Broadcast received: android.intent.action.ANY_DATA_STATE apnType=dun
D/MobileDataStateTracker(  418): dun: dun setting isAvailable to true
D/MobileDataStateTracker(  418): dun: Received state=DISCONNECTED, old=DISCONNECTED, reason=nwTypeChanged
D/MobileDataStateTracker(  418): supl: Broadcast received: android.intent.action.ANY_DATA_STATE apnType=supl
D/MobileDataStateTracker(  418): supl: supl setting isAvailable to true
D/MobileDataStateTracker(  418): supl: Received state=DISCONNECTED, old=DISCONNECTED, reason=nwTypeChanged
D/MobileDataStateTracker(  418): hipri: Broadcast received: android.intent.action.ANY_DATA_STATE apnType=hipri
D/BluetoothPhoneService(  719): handleMessage: 1
D/NotificationMgr(  719): updateNetworkSelection()...state = 1 new network Swisscom
D/PhoneApp(  719): mReceiver: ACTION_ANY_DATA_CONNECTION_STATE_CHANGED
D/PhoneApp(  719): - state: DISCONNECTED
D/PhoneApp(  719): - reason: null
D/PhoneApp(  719): mReceiver: ACTION_ANY_DATA_CONNECTION_STATE_CHANGED
D/PhoneApp(  719): - state: DISCONNECTED
D/PhoneApp(  719): - reason: nwTypeChanged
D/PhoneApp(  719): mReceiver: ACTION_ANY_DATA_CONNECTION_STATE_CHANGED
D/PhoneApp(  719): - state: DISCONNECTED
D/PhoneApp(  719): - reason: nwTypeChanged
D/PhoneApp(  719): mReceiver: ACTION_ANY_DATA_CONNECTION_STATE_CHANGED
D/PhoneApp(  719): - state: DISCONNECTED
D/PhoneApp(  719): - reason: nwTypeChanged
D/PhoneApp(  719): mReceiver: ACTION_ANY_DATA_CONNECTION_STATE_CHANGED
D/PhoneApp(  719): - state: DISCONNECTED
D/PhoneApp(  719): - reason: nwTypeChanged
D/PhoneApp(  719): mReceiver: ACTION_ANY_DATA_CONNECTION_STATE_CHANGED
D/PhoneApp(  719): - state: DISCONNECTED
D/PhoneApp(  719): - reason: nwTypeChanged
D/PhoneApp(  719): mReceiver: ACTION_ANY_DATA_CONNECTION_STATE_CHANGED
D/PhoneApp(  719): - state: DISCONNECTED
D/PhoneApp(  719): - reason: nwTypeChanged
D/PhoneApp(  719): mReceiver: ACTION_ANY_DATA_CONNECTION_STATE_CHANGED
D/PhoneApp(  719): - state: DISCONNECTED
D/PhoneApp(  719): - reason: nwTypeChanged
D/PhoneApp(  719): mReceiver: ACTION_ANY_DATA_CONNECTION_STATE_CHANGED
D/PhoneApp(  719): - state: DISCONNECTED
D/PhoneApp(  719): - reason: nwTypeChanged
D/PhoneApp(  719): mReceiver: ACTION_ANY_DATA_CONNECTION_STATE_CHANGED
D/PhoneApp(  719): - state: DISCONNECTED
D/PhoneApp(  719): - reason: nwTypeChanged
D/NotificationMgr(  719): hideDataDisconnectedRoaming()...
D/NotificationMgr(  719): hideDataDisconnectedRoaming()...
D/NotificationMgr(  719): hideDataDisconnectedRoaming()...
D/NotificationMgr(  719): hideDataDisconnectedRoaming()...
D/MobileDataStateTracker(  418): hipri: hipri setting isAvailable to true
D/MobileDataStateTracker(  418): hipri: Received state=DISCONNECTED, old=DISCONNECTED, reason=nwTypeChanged
D/MobileDataStateTracker(  418): mms: Broadcast received: android.intent.action.ANY_DATA_STATE apnType=mms
D/MobileDataStateTracker(  418): mms: mms setting isAvailable to true
D/MobileDataStateTracker(  418): mms: Received state=DISCONNECTED, old=DISCONNECTED, reason=nwTypeChanged
D/NotificationMgr(  719): hideDataDisconnectedRoaming()...
D/NotificationMgr(  719): hideDataDisconnectedRoaming()...
D/NotificationMgr(  719): hideDataDisconnectedRoaming()...
D/NotificationMgr(  719): hideDataDisconnectedRoaming()...
D/NotificationMgr(  719): hideDataDisconnectedRoaming()...
D/NotificationMgr(  719): hideDataDisconnectedRoaming()...
I/gmmInternalNlpService(  704): internal NLP onStart(com.google.android.location.internal.ANDROID_NLP) com.google.android.location
D/NetworkLocationClient(  704): onServiceConnected to ComponentInfo{com.google.android.location/com.google.android.location.internal.server.NetworkLocationService}
V/RenderScript(  765): 0x644e00e0 Launching thread(s), CPUs 2
W/Settings(  704): Setting airplane_mode_on has moved from android.provider.Settings.System to android.provider.Settings.Global, returning read-only value.
W/Settings(  704): Setting airplane_mode_on has moved from android.provider.Settings.System to android.provider.Settings.Global, returning read-only value.
I/GCoreUlr(  704): Starting service, intent=Intent { act=com.google.android.location.reporting.ACTION_UPDATE_WORLD cmp=com.google.android.gms/com.google.android.location.reporting.service.DispatchingService (has extras) }, extras=Bundle[{receiverAction=android.location.PROVIDERS_CHANGED}]
I/GCoreUlr(  704): DispatchingService.onCreate()
I/dalvikvm(  704): Could not find method android.app.AlarmManager.setExact, referenced from method kzg.a
W/dalvikvm(  704): VFY: unable to resolve virtual method 598: Landroid/app/AlarmManager;.setExact (IJLandroid/app/PendingIntent;)V
D/dalvikvm(  704): VFY: replacing opcode 0x6e at 0x0043
I/ActivityManager(  418): Start proc com.google.android.gms.wearable for service com.google.android.gms/.wearable.service.WearableService: pid=1129 uid=10054 gids={50054, 3003, 1007, 1028, 1015, 1006, 3002, 3001, 2001, 3006}
I/ActivityManager(  418): Start proc com.google.android.apps.uploader for broadcast com.google.android.apps.uploader/com.google.android.picasasync.BatteryReceiver: pid=1142 uid=10066 gids={50066, 3003, 1015, 1028}
I/MultiDex( 1129): install
I/MultiDex( 1129): MultiDexExtractor.load(/data/app/com.google.android.gms-2.apk, false)
I/MultiDex( 1129): loading existing secondary dex files
I/MultiDex( 1129): load found 1 secondary dex files
I/MultiDex( 1129): install done
I/AudioMixer(  135): found effect "Multichannel Downmix To Stereo" from The Android Open Source Project
I/ProviderInstaller( 1129): Insert disabled by gate 'gms:security:enable_conscrypt_in_gms_application'
I/dalvikvm(  704): Could not find method android.app.AppOpsManager.checkPackage, referenced from method cbf.a
W/dalvikvm(  704): VFY: unable to resolve virtual method 1279: Landroid/app/AppOpsManager;.checkPackage (ILjava/lang/String;)V
D/dalvikvm(  704): VFY: replacing opcode 0x6e at 0x0010
D/GeofencerStateMachine(  704): Creating GeofencerStateMachine
I/GCoreUlr(  704): WorldUpdater received intent Intent { act=com.google.android.location.reporting.ACTION_UPDATE_WORLD cmp=com.google.android.gms/com.google.android.location.reporting.service.DispatchingService (has extras) } with receiverAction android.location.PROVIDERS_CHANGED
I/ActivityManager(  418): Start proc com.google.android.apps.plus for broadcast com.google.android.apps.plus/com.google.android.apps.photos.autobackup.AutoBackupEnvironment$BatteryReceiver: pid=1163 uid=10063 gids={50063, 3003, 3002, 1015, 1006, 1028}
D/PicasaUploader( 1142):    wifiOnlyPhoto changed to true
D/PicasaUploader( 1142):    wifiOnlyVideo changed to true
D/PicasaUploader( 1142):    syncOnBattery changed to true
D/PicasaUploaderSync( 1142): sync account database
D/dalvikvm(  704): DexOpt: --- BEGIN 'ads1756887224.jar' (bootstrap=0) ---
D/PicasaUploaderSync( 1142): accounts in DB=1
D/PicasaUploaderSyncManager( 1142): active network: NetworkInfo: type: WIFI[], state: CONNECTED/CONNECTED, reason: (unspecified), extra: "Thom_D0049262", roaming: false, failover: false, isAvailable: true, isConnectedToProvisioningNetwork: false
D/PicasaUploaderSyncManager( 1142): background data: true
D/PicasaUploaderSyncManager( 1142): battery info: false
D/dalvikvm( 1163): Trying to load lib /data/app-lib/com.google.android.apps.plus-1/libcrashreporter.so 0x41be66e8
D/dalvikvm( 1163): Added shared lib /data/app-lib/com.google.android.apps.plus-1/libcrashreporter.so 0x41be66e8
D/dalvikvm( 1187): DexOpt: load 9ms, verify+opt 34ms, 156820 bytes
D/dalvikvm(  704): DexOpt: --- END 'ads1756887224.jar' (success) ---
D/dalvikvm(  704): DEX prep '/data/data/com.google.android.gms/cache/ads1756887224.jar': unzip in 4ms, rewrite 552ms
I/GCoreUlr(  704): Ensuring that reporting is active for [account#-19#]
I/dalvikvm( 1129): Could not find method android.app.AppOpsManager.checkPackage, referenced from method cbf.a
W/dalvikvm( 1129): VFY: unable to resolve virtual method 1279: Landroid/app/AppOpsManager;.checkPackage (ILjava/lang/String;)V
D/dalvikvm( 1129): VFY: replacing opcode 0x6e at 0x0010
I/ActivityManager(  418): Start proc com.chrome.beta for broadcast com.chrome.beta/com.google.android.apps.chrome.precache.PrecacheServiceLauncher: pid=1203 uid=10116 gids={50116, 1006, 3003, 1015, 1028}
D/WearableClient(  704): WearableClientImpl.onPostInitHandler: done
V/GeofencerHelper(  704): Initializing geofence's system cache.
D/gps_sirf(  418): GSD4t Firmware Upload Done
I/GCoreUlr(  704): Starting service, intent=Intent { act=com.google.android.location.reporting.ACTION_LOCATION_STATUS cmp=com.google.android.gms/com.google.android.location.reporting.service.DispatchingService (has extras) }, extras=Bundle[{status=LocationStatus[cell status: STATUS_UNKNOWN, wifi status: STATUS_UNKNOWN, elapsed realtime ns: 0]}]
D/GeofenceStateCache(  704): Recovered 0 geofences.
I/dalvikvm( 1203): Could not find method android.app.ActivityManager.isLowRamDevice, referenced from method com.google.android.apps.chrome.icing.IcingProvider.isSvelteDeviceV19
W/dalvikvm( 1203): VFY: unable to resolve virtual method 136: Landroid/app/ActivityManager;.isLowRamDevice ()Z
D/dalvikvm( 1203): VFY: replacing opcode 0x6e at 0x0009
I/ActivityManager(  418): Start proc com.genie9.gcloudbackup for broadcast com.genie9.gcloudbackup/com.genie9.GService.PowerDisconnectedReceiver: pid=1221 uid=10103 gids={50103, 3003, 1015, 1028}
D/PhoneInterfaceManager(  719): wait for done
D/PhoneInterfaceManager(  719): SUPPLY_PIN_COMPLETE
D/PhoneInterfaceManager(  719): done
D/PhoneStatusBar(  552): disable: < expand icons alerts ticker system_info back* home* RECENT clock search >
W/RestStorages(  649): Detected mount point=/storage/emulated/0
W/RestStorages(  649): Detected mount point=/factory
D/KeyguardUpdateMonitor(  418): handleSimStateChange: intentValue = READY state resolved to READY subscription =0
W/RestStorages(  649): Detected mount point=/storage/emulated/legacy
D/KeyguardUpdateMonitor(  418): ACTION_SIM_STATE_CHANGED intent received on sub = 0
D/PhoneStatusBarPolicy(  552): updateSimState for subscription :0
D/StatusBar.NetworkController(  552): In updateSimIcon simState= READY
D/StatusBar.NetworkController(  552): In updateSimIcon simState= READY
W/RestStorages(  649): Available mounts=[/storage/emulated/0, /factory, /storage/emulated/legacy]
E/RestStorages(  649): using folders=/storage/emulated/0
D/KeyguardUpdateMonitor(  418): handleSimStateChange: intentValue = READY state resolved to READY subscription =0
D/PhoneStatusBar(  552): disable: < expand icons alerts ticker system_info BACK* HOME* recent* clock search >
D/KeyguardUpdateMonitor(  418): ACTION_SIM_STATE_CHANGED intent received on sub = 0
D/PhoneStatusBarPolicy(  552): updateSimState for subscription :0
D/StatusBar.NetworkController(  552): In updateSimIcon simState= UNKNOWN
D/StatusBar.NetworkController(  552): In updateSimIcon simState= UNKNOWN
D/KeyguardUpdateMonitor(  418): handleSimStateChange: intentValue = READY state resolved to READY subscription =0
I/GCoreUlr(  704): GMS FLP location and AR updates requested: {"timestampMs":1406769091251,"description":"stationary","samplePeriodMs":1080000,"sampleSource":"internal","sampleReason":"stationary"}
D/NfcService(  742): NFC-C ON
D/PhoneStatusBar(  552): disable: < expand icons alerts ticker system_info back* home* recent clock search >
I/dalvikvm( 1221): Could not find method android.provider.Telephony$Sms.getDefaultSmsPackage, referenced from method com.genie9.Utility.GSUtilities.ReturnDefaultSMSApp
W/dalvikvm( 1221): VFY: unable to resolve static method 1400: Landroid/provider/Telephony$Sms;.getDefaultSmsPackage (Landroid/content/Context;)Ljava/lang/String;
D/dalvikvm( 1221): VFY: replacing opcode 0x71 at 0x0006
D/KeyguardUpdateMonitor(  418): Received SPN update on sub :0
D/AlarmManagerService(  418): Kernel timezone updated to -120 minutes west of GMT
D/BluetoothPhoneService(  719): handleMessage: 1
D/BluetoothAdapterService(1103052456)( 1031): getState(): mAdapterProperties: com.android.bluetooth.btservice.AdapterProperties@41bf5f30
D/HeadsetPhoneState( 1031): sendDeviceStateChanged. mService=0 mSignal=5 mRoam=1 mBatteryCharge=4
D/NotificationMgr(  719): updateNetworkSelection()...state = 0 new network Swisscom
D/NotificationMgr(  719): cancelNetworkSelection()...
D/MobileDataStateTracker(  418): dun: Broadcast received: android.intent.action.ANY_DATA_STATE apnType=dun
D/MobileDataStateTracker(  418): dun: dun setting isAvailable to true
D/MobileDataStateTracker(  418): dun: Received state=DISCONNECTED, old=DISCONNECTED, reason=roamingOn
D/MobileDataStateTracker(  418): supl: Broadcast received: android.intent.action.ANY_DATA_STATE apnType=supl
D/MobileDataStateTracker(  418): supl: supl setting isAvailable to true
D/MobileDataStateTracker(  418): supl: Received state=DISCONNECTED, old=DISCONNECTED, reason=roamingOn
D/MobileDataStateTracker(  418): hipri: Broadcast received: android.intent.action.ANY_DATA_STATE apnType=hipri
D/MobileDataStateTracker(  418): hipri: hipri setting isAvailable to true
D/MobileDataStateTracker(  418): hipri: Received state=DISCONNECTED, old=DISCONNECTED, reason=roamingOn
D/PhoneApp(  719): mReceiver: ACTION_ANY_DATA_CONNECTION_STATE_CHANGED
D/PhoneApp(  719): - state: DISCONNECTED
D/PhoneApp(  719): - reason: roamingOn
D/PhoneApp(  719): mReceiver: ACTION_ANY_DATA_CONNECTION_STATE_CHANGED
D/PhoneApp(  719): - state: DISCONNECTED
D/PhoneApp(  719): - reason: roamingOn
D/PhoneApp(  719): mReceiver: ACTION_ANY_DATA_CONNECTION_STATE_CHANGED
D/PhoneApp(  719): - state: DISCONNECTED
D/PhoneApp(  719): - reason: roamingOn
D/MobileDataStateTracker(  418): mms: Broadcast received: android.intent.action.ANY_DATA_STATE apnType=mms
D/MobileDataStateTracker(  418): mms: mms setting isAvailable to true
D/MobileDataStateTracker(  418): mms: Received state=DISCONNECTED, old=DISCONNECTED, reason=roamingOn
D/PhoneApp(  719): mReceiver: ACTION_ANY_DATA_CONNECTION_STATE_CHANGED
D/PhoneApp(  719): - state: DISCONNECTED
D/PhoneApp(  719): - reason: roamingOn
D/NotificationMgr(  719): showDataDisconnectedRoaming()...
D/NotificationMgr(  719): showDataDisconnectedRoaming()...
V/TAG     (  418): bug 7643792: fitSystemWindows([0,50][0,0])
D/NotificationMgr(  719): showDataDisconnectedRoaming()...
D/NotificationMgr(  719): showDataDisconnectedRoaming()...
W/System.err( 1221): log4j:WARN No appenders could be found for logger (PowerConnectedReceiver).
W/System.err( 1221): log4j:WARN Please initialize the log4j system properly.
W/System.err( 1221): log4j:WARN See http://logging.apache.org/log4j/1.2/faq.html#noconfig for more info.
D/BluetoothAdapterService(1103052456)( 1031): getState(): mAdapterProperties: com.android.bluetooth.btservice.AdapterProperties@41bf5f30
I/GCoreUlr(  704): Starting service, intent=Intent { act=com.google.android.location.reporting.ACTION_UPDATE_WORLD cmp=com.google.android.gms/com.google.android.location.reporting.service.DispatchingService (has extras) }, extras=Bundle[{receiverAction=android.location.PROVIDERS_CHANGED}]
I/ActivityManager(  418): Start proc com.google.android.googlequicksearchbox for broadcast com.google.android.googlequicksearchbox/com.android.launcher3.WallpaperChangedReceiver: pid=1253 uid=10068 gids={50068, 3003, 3001, 1028, 3002, 1015, 1006}
I/dalvikvm( 1253): Could not find method android.app.ActivityManager.isLowRamDevice, referenced from method dke.al
W/dalvikvm( 1253): VFY: unable to resolve virtual method 1949: Landroid/app/ActivityManager;.isLowRamDevice ()Z
D/dalvikvm( 1253): VFY: replacing opcode 0x6e at 0x000f
W/bt-sdp  ( 1031): SDP - Rcvd conn cnf with error: 0x4  CID 0x40
I/BluetoothHeadsetServiceJni( 1031): connection_state_callback
I/BluetoothA2dpServiceJni( 1031): bta2dp_connection_state_callback
E/bt-btif ( 1031): reset flags
D/BluetoothAdapterService( 1031): getAdapterService(): returning com.android.bluetooth.btservice.AdapterService@41bf3ea8
D/BluetoothAdapterService(1103052456)( 1031): Message: 20
D/BluetoothAdapterService(1103052456)( 1031): MESSAGE_PROFILE_CONNECTION_STATE_CHANGED
D/BluetoothAdapterService(1103052456)( 1031): getState(): mAdapterProperties: com.android.bluetooth.btservice.AdapterProperties@41bf5f30
D/A2dpStateMachine( 1031): Pending process message: 101
D/A2dpStateMachine( 1031): Stack and target device are connecting
D/PhoneApp(  719): mReceiver: HEADSET_STATE_CHANGED_ACTION
D/PhoneApp(  719): ==> new state: 0
D/PhoneApp(  719): - updating in-call notification for BT state change...
D/PhoneApp(  719): updateProximitySensorMode: state = IDLE
D/PhoneUtils(  719): Call is not active
D/PhoneApp(  719): updateProximitySensorMode: lock already released.
D/PhoneApp(  719): - updating in-call notification from handler...
D/NotificationMgr(  719): updateInCallNotification(allowFullScreenIntent = false)...
D/NotificationMgr(  719): cancelInCall()...
I/LocalBluetoothProfileManager(  888): Failed to connect HEADSET device
D/CachedBluetoothDevice(  888): onProfileStateChanged: profile HEADSET newProfileState 0
D/BluetoothAdapterService(1103052456)( 1031): getState(): mAdapterProperties: com.android.bluetooth.btservice.AdapterProperties@41bf5f30
W/RestStorages(  649): Detected mount point=/storage/emulated/0
W/RestStorages(  649): Detected mount point=/factory
W/RestStorages(  649): Detected mount point=/storage/emulated/legacy
W/RestStorages(  649): Available mounts=[/storage/emulated/0, /factory, /storage/emulated/legacy]
E/RestStorages(  649): No standard vold config, looking for fstabs...
W/RestStorages(  649): readVold=[]
W/RestStorages(  649): unmountedStorages=[]
W/FolderScanner2(  649): Starting scan=/storage/emulated/0 fastScan=false
I/GCoreUlr(  704): WorldUpdater received intent Intent { act=com.google.android.location.reporting.ACTION_UPDATE_WORLD cmp=com.google.android.gms/com.google.android.location.reporting.service.DispatchingService (has extras) } with receiverAction android.location.PROVIDERS_CHANGED
I/MultiDex(  799): install
I/MultiDex(  799): MultiDexExtractor.load(/data/app/com.google.android.gms-2.apk, false)
I/GCoreUlr(  704): Ensuring that reporting is active for [account#-19#]
I/GCoreUlr(  704): Starting service, intent=Intent { act=com.google.android.location.reporting.ACTION_LOCATION_STATUS cmp=com.google.android.gms/com.google.android.location.reporting.service.DispatchingService (has extras) }, extras=Bundle[{status=LocationStatus[cell status: STATUS_UNKNOWN, wifi status: STATUS_UNKNOWN, elapsed realtime ns: 0]}]
I/MultiDex(  799): loading existing secondary dex files
I/MultiDex(  799): load found 1 secondary dex files
I/MultiDex(  799): install done
I/ProviderInstaller(  799): Insert disabled by gate 'gms:security:enable_conscrypt_in_gms_application'
D/GCM     (  799): COMPAT: Multi user not supported
I/dalvikvm(  953): Could not find method android.app.AppOpsManager.checkPackage, referenced from method cbf.a
W/dalvikvm(  953): VFY: unable to resolve virtual method 1279: Landroid/app/AppOpsManager;.checkPackage (ILjava/lang/String;)V
D/dalvikvm(  953): VFY: replacing opcode 0x6e at 0x0010
I/dalvikvm(  799): Could not find method android.app.AlarmManager.setExact, referenced from method fvn.handleMessage
W/dalvikvm(  799): VFY: unable to resolve virtual method 598: Landroid/app/AlarmManager;.setExact (IJLandroid/app/PendingIntent;)V
D/dalvikvm(  799): VFY: replacing opcode 0x6e at 0x0105
W/GCM     (  799): Using fallback http
I/GoogleHttpClient(  799): Falling back to old SSLCertificateSocketFactory
I/GoogleHttpClient(  799): Using GMS GoogleHttpClient
I/WifiService(  418): WifiService trying to set country code to fr with persist set to true
I/ActivityManager(  418): Config changes=3 {1.0 208mcc10mnc fr_FR ldltr sw360dp w360dp h567dp 320dpi nrml port finger -keyb/v/h -nav/h s.5 themeResource=null}
D/PermissionCache(  132): checking android.permission.READ_FRAME_BUFFER for uid=1000 => granted (366 us)
D/PhoneApp(  719): updateProximitySensorMode: state = IDLE
D/MobileDataStateTracker(  418): default: Broadcast received: android.intent.action.ANY_DATA_STATE apnType=default
D/MobileDataStateTracker(  418): default: default setting isAvailable to true
D/MobileDataStateTracker(  418): default: Received state=DISCONNECTED, old=DISCONNECTED, reason=(unspecified)
D/PhoneUtils(  719): Call is not active
D/PhoneApp(  719): updateProximitySensorMode: lock already released.
D/MobileDataStateTracker(  418): dun: Broadcast received: android.intent.action.ANY_DATA_STATE apnType=dun
D/MobileDataStateTracker(  418): dun: dun setting isAvailable to true
D/MobileDataStateTracker(  418): dun: Received state=DISCONNECTED, old=DISCONNECTED, reason=dataAttached
D/MobileDataStateTracker(  418): supl: Broadcast received: android.intent.action.ANY_DATA_STATE apnType=supl
D/MobileDataStateTracker(  418): supl: supl setting isAvailable to true
D/MobileDataStateTracker(  418): supl: Received state=DISCONNECTED, old=DISCONNECTED, reason=dataAttached
D/MobileDataStateTracker(  418): hipri: Broadcast received: android.intent.action.ANY_DATA_STATE apnType=hipri
D/MobileDataStateTracker(  418): hipri: hipri setting isAvailable to true
D/MobileDataStateTracker(  418): hipri: Received state=DISCONNECTED, old=DISCONNECTED, reason=dataAttached
D/MobileDataStateTracker(  418): mms: Broadcast received: android.intent.action.ANY_DATA_STATE apnType=mms
D/MobileDataStateTracker(  418): mms: mms setting isAvailable to true
D/MobileDataStateTracker(  418): mms: Received state=DISCONNECTED, old=DISCONNECTED, reason=dataAttached
D/MobileDataStateTracker(  418): dun: Broadcast received: android.intent.action.ANY_DATA_STATE apnType=dun
D/MobileDataStateTracker(  418): dun: dun setting isAvailable to true
D/MobileDataStateTracker(  418): dun: Received state=DISCONNECTED, old=DISCONNECTED, reason=dataAttached
D/MobileDataStateTracker(  418): supl: Broadcast received: android.intent.action.ANY_DATA_STATE apnType=supl
D/MobileDataStateTracker(  418): supl: supl setting isAvailable to true
D/MobileDataStateTracker(  418): supl: Received state=DISCONNECTED, old=DISCONNECTED, reason=dataAttached
D/MobileDataStateTracker(  418): hipri: Broadcast received: android.intent.action.ANY_DATA_STATE apnType=hipri
D/MobileDataStateTracker(  418): hipri: hipri setting isAvailable to true
D/MobileDataStateTracker(  418): hipri: Received state=DISCONNECTED, old=DISCONNECTED, reason=dataAttached
D/MobileDataStateTracker(  418): mms: Broadcast received: android.intent.action.ANY_DATA_STATE apnType=mms
D/MobileDataStateTracker(  418): mms: mms setting isAvailable to true
D/MobileDataStateTracker(  418): mms: Received state=DISCONNECTED, old=DISCONNECTED, reason=dataAttached
D/PhoneStatusBar(  552): mSettingsPanelGravity = 55
W/Settings(  552): Setting bugreport_in_power_menu has moved from android.provider.Settings.Secure to android.provider.Settings.Global.
I/ActivityManager(  418): Config changes=480 {1.0 208mcc10mnc fr_FR ldltr sw360dp w598dp h335dp 320dpi nrml land finger -keyb/v/h -nav/h s.6 themeResource=null}
D/TelephonyProvider(  719): Column apn id key is 'apn_id'
I/GCM     (  799): GCM config loaded
D/CallNotifier(  719): onMwiChanged(): false
D/NotificationMgr(  719): updateMwi(): false
D/KeyguardUpdateMonitor(  418): ACTION_SIM_STATE_CHANGED intent received on sub = 0
D/KeyguardUpdateMonitor(  418): handleSimStateChange: intentValue = READY state resolved to READY subscription =0
D/PhoneApp(  719): mReceiver: ACTION_ANY_DATA_CONNECTION_STATE_CHANGED
D/PhoneApp(  719): - state: DISCONNECTED
D/PhoneApp(  719): - reason: simLoaded
D/PhoneApp(  719): mReceiver: ACTION_ANY_DATA_CONNECTION_STATE_CHANGED
D/PhoneApp(  719): - state: DISCONNECTED
D/PhoneApp(  719): - reason: simLoaded
D/PhoneApp(  719): mReceiver: ACTION_ANY_DATA_CONNECTION_STATE_CHANGED
D/PhoneApp(  719): - state: DISCONNECTED
D/PhoneApp(  719): - reason: simLoaded
D/PhoneApp(  719): mReceiver: ACTION_ANY_DATA_CONNECTION_STATE_CHANGED
D/PhoneApp(  719): - state: DISCONNECTED
D/PhoneApp(  719): - reason: simLoaded
D/PhoneApp(  719): mReceiver: ACTION_ANY_DATA_CONNECTION_STATE_CHANGED
D/PhoneApp(  719): - state: DISCONNECTED
D/PhoneApp(  719): - reason: simLoaded
D/PhoneApp(  719): mReceiver: ACTION_ANY_DATA_CONNECTION_STATE_CHANGED
D/PhoneApp(  719): - state: DISCONNECTED
D/PhoneApp(  719): - reason: simLoaded
D/PhoneApp(  719): mReceiver: ACTION_ANY_DATA_CONNECTION_STATE_CHANGED
D/PhoneApp(  719): - state: DISCONNECTED
D/PhoneApp(  719): - reason: simLoaded
D/PhoneApp(  719): mReceiver: ACTION_ANY_DATA_CONNECTION_STATE_CHANGED
D/PhoneApp(  719): - state: DISCONNECTED
D/PhoneApp(  719): - reason: simLoaded
D/NotificationMgr(  719): hideDataDisconnectedRoaming()...
D/NotificationMgr(  719): hideDataDisconnectedRoaming()...
D/NotificationMgr(  719): hideDataDisconnectedRoaming()...
D/NotificationMgr(  719): hideDataDisconnectedRoaming()...
D/NotificationMgr(  719): hideDataDisconnectedRoaming()...
D/NotificationMgr(  719): hideDataDisconnectedRoaming()...
D/NotificationMgr(  719): hideDataDisconnectedRoaming()...
D/MobileDataStateTracker(  418): dun: Broadcast received: android.intent.action.ANY_DATA_STATE apnType=dun
D/MobileDataStateTracker(  418): dun: dun setting isAvailable to true
D/MobileDataStateTracker(  418): dun: Received state=DISCONNECTED, old=DISCONNECTED, reason=simLoaded
D/MobileDataStateTracker(  418): supl: Broadcast received: android.intent.action.ANY_DATA_STATE apnType=supl
D/MobileDataStateTracker(  418): supl: supl setting isAvailable to true
D/MobileDataStateTracker(  418): supl: Received state=DISCONNECTED, old=DISCONNECTED, reason=simLoaded
D/MobileDataStateTracker(  418): hipri: Broadcast received: android.intent.action.ANY_DATA_STATE apnType=hipri
D/NotificationMgr(  719): hideDataDisconnectedRoaming()...
D/MobileDataStateTracker(  418): hipri: hipri setting isAvailable to true
D/MobileDataStateTracker(  418): hipri: Received state=DISCONNECTED, old=DISCONNECTED, reason=simLoaded
D/MobileDataStateTracker(  418): mms: Broadcast received: android.intent.action.ANY_DATA_STATE apnType=mms
D/MobileDataStateTracker(  418): mms: mms setting isAvailable to true
D/MobileDataStateTracker(  418): mms: Received state=DISCONNECTED, old=DISCONNECTED, reason=simLoaded
D/MobileDataStateTracker(  418): dun: Broadcast received: android.intent.action.ANY_DATA_STATE apnType=dun
D/MobileDataStateTracker(  418): dun: dun setting isAvailable to true
D/MobileDataStateTracker(  418): dun: Received state=DISCONNECTED, old=DISCONNECTED, reason=simLoaded
D/MobileDataStateTracker(  418): supl: Broadcast received: android.intent.action.ANY_DATA_STATE apnType=supl
D/MobileDataStateTracker(  418): supl: supl setting isAvailable to true
D/MobileDataStateTracker(  418): supl: Received state=DISCONNECTED, old=DISCONNECTED, reason=simLoaded
D/MobileDataStateTracker(  418): hipri: Broadcast received: android.intent.action.ANY_DATA_STATE apnType=hipri
D/MobileDataStateTracker(  418): hipri: hipri setting isAvailable to true
D/MobileDataStateTracker(  418): hipri: Received state=DISCONNECTED, old=DISCONNECTED, reason=simLoaded
D/MobileDataStateTracker(  418): mms: Broadcast received: android.intent.action.ANY_DATA_STATE apnType=mms
D/MobileDataStateTracker(  418): mms: mms setting isAvailable to true
D/MobileDataStateTracker(  418): mms: Received state=DISCONNECTED, old=DISCONNECTED, reason=simLoaded
I/WindowManager(  418): Screen frozen for +725ms due to Window{429a4cc0 u0 com.cyanogenmod.trebuchet/com.cyanogenmod.trebuchet.Launcher}
D/Trebuchet.LauncherModel(  765): Reload apps on config change. curr_mcc:208 prevmcc:0
I/Choreographer(  765): Skipped 43 frames!  The application may be doing too much work on its main thread.
D/GCM     (  799): GcmService start Intent { act=com.google.android.gms.INITIALIZE flg=0x10 pkg=com.google.android.gms cmp=com.google.android.gms/.gcm.GcmService } com.google.android.gms.INITIALIZE
D/GCM     (  799): GcmService start Intent { act=com.google.android.gms.INITIALIZE flg=0x10 pkg=com.google.android.gms cmp=com.google.android.gms/.gcm.GcmService } com.google.android.gms.INITIALIZE
I/ActivityManager(  418): Start proc com.facebook.orca for broadcast com.facebook.orca/.chatheads.service.ChatHeadsBooter: pid=1289 uid=10119 gids={50119, 3003, 1015, 1006, 1028}
I/Choreographer(  552): Skipped 52 frames!  The application may be doing too much work on its main thread.
I/WindowManager(  418): Screen frozen for +1s84ms due to Window{427c27b0 u0 com.cyanogenmod.trebuchet/com.cyanogenmod.trebuchet.Launcher}
D/PhoneStatusBarPolicy(  552): updateSimState for subscription :0
D/StatusBar.NetworkController(  552): In updateSimIcon simState= UNKNOWN
D/StatusBar.NetworkController(  552): In updateSimIcon simState= UNKNOWN
D/AlarmManagerService(  418): Kernel timezone updated to -120 minutes west of GMT
D/AlarmManagerService(  418): Kernel timezone updated to -120 minutes west of GMT
D/BluetoothPhoneService(  719): handleMessage: 1
D/NotificationMgr(  719): updateNetworkSelection()...state = 0 new network Swisscom
D/PhoneApp(  719): mReceiver: ACTION_ANY_DATA_CONNECTION_STATE_CHANGED
D/PhoneApp(  719): - state: DISCONNECTED
D/PhoneApp(  719): - reason: null
D/PhoneApp(  719): mReceiver: ACTION_ANY_DATA_CONNECTION_STATE_CHANGED
D/PhoneApp(  719): - state: DISCONNECTED
D/PhoneApp(  719): - reason: dataAttached
D/PhoneApp(  719): mReceiver: ACTION_ANY_DATA_CONNECTION_STATE_CHANGED
D/PhoneApp(  719): - state: DISCONNECTED
D/PhoneApp(  719): - reason: dataAttached
D/PhoneApp(  719): mReceiver: ACTION_ANY_DATA_CONNECTION_STATE_CHANGED
D/PhoneApp(  719): - state: DISCONNECTED
D/PhoneApp(  719): - reason: dataAttached
D/PhoneApp(  719): mReceiver: ACTION_ANY_DATA_CONNECTION_STATE_CHANGED
D/PhoneApp(  719): - state: DISCONNECTED
D/PhoneApp(  719): - reason: dataAttached
D/PhoneApp(  719): mReceiver: ACTION_ANY_DATA_CONNECTION_STATE_CHANGED
D/PhoneApp(  719): - state: DISCONNECTED
D/PhoneApp(  719): - reason: dataAttached
D/PhoneApp(  719): mReceiver: ACTION_ANY_DATA_CONNECTION_STATE_CHANGED
D/PhoneApp(  719): - state: DISCONNECTED
D/PhoneApp(  719): - reason: dataAttached
D/PhoneApp(  719): mReceiver: ACTION_ANY_DATA_CONNECTION_STATE_CHANGED
D/PhoneApp(  719): - state: DISCONNECTED
D/PhoneApp(  719): - reason: dataAttached
D/PhoneApp(  719): mReceiver: ACTION_ANY_DATA_CONNECTION_STATE_CHANGED
D/PhoneApp(  719): - state: DISCONNECTED
D/PhoneApp(  719): - reason: dataAttached
D/NotificationMgr(  719): hideDataDisconnectedRoaming()...
D/NotificationMgr(  719): hideDataDisconnectedRoaming()...
D/NotificationMgr(  719): hideDataDisconnectedRoaming()...
D/NotificationMgr(  719): hideDataDisconnectedRoaming()...
D/NotificationMgr(  719): hideDataDisconnectedRoaming()...
D/NotificationMgr(  719): hideDataDisconnectedRoaming()...
D/NotificationMgr(  719): hideDataDisconnectedRoaming()...
D/NotificationMgr(  719): hideDataDisconnectedRoaming()...
D/NotificationMgr(  719): hideDataDisconnectedRoaming()...
I/InputReader(  418): Reconfiguring input devices.  changes=0x00000004
I/InputReader(  418): Device reconfigured: id=6, name='Melfas MMSxxx Touchscreen', size 720x1280, orientation 1, mode 1, display id 0
I/InputReader(  418): Reconfiguring input devices.  changes=0x00000004
I/InputReader(  418): Device reconfigured: id=6, name='Melfas MMSxxx Touchscreen', size 720x1280, orientation 1, mode 1, display id 0
D/PhoneApp(  719): updateProximitySensorMode: state = IDLE
D/PhoneUtils(  719): Call is not active
D/PhoneApp(  719): updateProximitySensorMode: lock already released.
I/dalvikvm( 1289): Could not find method android.app.ActivityManager.isLowRamDevice, referenced from method org.acra.ErrorReporter.getConstantDeviceData
W/dalvikvm( 1289): VFY: unable to resolve virtual method 98: Landroid/app/ActivityManager;.isLowRamDevice ()Z
D/dalvikvm( 1289): VFY: replacing opcode 0x6e at 0x00c1
D/ACRA    ( 1289): ACRA is enabled for com.facebook.orca, intializing...
D/ACRA    ( 1289): Looking for error files in /data/data/com.facebook.orca/app_acra-reports
D/ACRA    ( 1289): Looking for error files in /data/data/com.facebook.orca/app_minidumps
W/View    (  552): requestLayout() improperly called by com.android.systemui.statusbar.policy.KeyButtonView{41e110f8 V.ED..C. ......ID 0,0-0,0 #7f080017 app:id/one} during layout: running second layout pass
W/View    (  552): requestLayout() improperly called by com.android.systemui.statusbar.policy.KeyButtonView{41e308c0 V.ED..C. ......ID 0,0-0,0 #7f080019 app:id/two} during layout: running second layout pass
W/View    (  552): requestLayout() improperly called by com.android.systemui.statusbar.policy.KeyButtonView{41e30e10 V.ED..C. ......ID 0,0-0,0 #7f08001a app:id/three} during layout: running second layout pass
W/View    (  552): requestLayout() improperly called by com.android.systemui.statusbar.policy.KeyButtonView{41e31320 V.ED..C. ......ID 0,0-0,0 #7f08001b app:id/four} during layout: running second layout pass
W/View    (  552): requestLayout() improperly called by com.android.systemui.statusbar.policy.KeyButtonView{41e31830 V.ED..C. ......ID 0,0-0,0 #7f08001c app:id/five} during layout: running second layout pass
W/View    (  552): requestLayout() improperly called by com.android.systemui.statusbar.policy.KeyButtonView{41e31b98 V.ED..C. ......ID 0,0-0,0 #7f08001d app:id/six} during layout: running second layout pass
D/dalvikvm( 1289): Trying to load lib /data/app-lib/com.facebook.orca-2/libfb_stl_shared.so 0x41be9e88
D/PhoneStatusBar(  552): mSettingsPanelGravity = 55
W/Settings(  552): Setting bugreport_in_power_menu has moved from android.provider.Settings.Secure to android.provider.Settings.Global.
D/dalvikvm( 1289): Added shared lib /data/app-lib/com.facebook.orca-2/libfb_stl_shared.so 0x41be9e88
D/dalvikvm( 1289): No JNI_OnLoad found in /data/app-lib/com.facebook.orca-2/libfb_stl_shared.so 0x41be9e88, skipping init
D/dalvikvm( 1289): Trying to load lib /data/app-lib/com.facebook.orca-2/libfb_breakpad_client.so 0x41be9e88
D/dalvikvm( 1289): Added shared lib /data/app-lib/com.facebook.orca-2/libfb_breakpad_client.so 0x41be9e88
W/OrcaGuiceModule( 1289): Sig: ijxLJi1yGs1JpL-X1SExmchvork
V/DexLibLoader( 1289): Preparing secondary program dexes from null
V/DexLibLoader( 1289): Loaded 1 raw lines of metadata.
V/DexLibLoader( 1289): Secondary program dex metadata: secondary-1.dex.jar 084ae25d28e44b90729d619555c64d63245cff2a secondary.dex01.Canary
W/DexLibLoader( 1289): Unexpected file in program dex directory: /data/data/com.facebook.orca/app_secondary_program_dex/temp_dex_lock
V/DexLibLoader( 1289): Preparing to extract secondary-1.dex.jar to /data/data/com.facebook.orca/app_secondary_program_dex/program-084ae25d28e44b90729d619555c64d63245cff2aeff0492.dex.jar
V/DexLibLoader( 1289): Dex already copied
D/o       ( 1289): Odex verification is skipped.
V/DexLibLoader( 1289): Creating class loader
V/DexLibLoader( 1289): Finished creating class loader
V/DexLibLoader( 1289): Verifying classes from secondary dexes.
I/GAV2    ( 1163): Thread[GAThread,5,main]: No campaign data found.
D/DexLibLoader( 1289): DexLibLoader.ensureDexLoaded took 240 ms
D/SystemClock(  719): Setting time of day to sec=1406769094
W/dalvikvm( 1289): method Lcom/facebook/reflex/view/a;.invalidate incorrectly overrides package-private method with same name in Landroid/view/View;
W/dalvikvm( 1289): method Lcom/facebook/reflex/view/z;.invalidate incorrectly overrides package-private method with same name in Landroid/view/View;
W/dalvikvm( 1289): method Lcom/facebook/reflex/view/af;.invalidate incorrectly overrides package-private method with same name in Landroid/view/View;
W/dalvikvm( 1289): method Lcom/facebook/reflex/view/aj;.invalidate incorrectly overrides package-private method with same name in Landroid/view/View;
W/dalvikvm( 1289): method Lcom/facebook/reflex/view/bd;.invalidate incorrectly overrides package-private method with same name in Landroid/view/View;
W/dalvikvm( 1289): method Lcom/facebook/reflex/view/by;.invalidate incorrectly overrides package-private method with same name in Landroid/view/View;
W/dalvikvm( 1289): method Lcom/facebook/reflex/view/w;.invalidate incorrectly overrides package-private method with same name in Landroid/view/View;
D/CaptivePortalTracker(  418): DelayedCaptiveCheckState{ what=2 when=-8ms arg1=1 }
D/ConnectivityService(  418): setProvNotificationVisible: E visible=false networkType=1 extraInfo=null url=null
W/dalvikvm( 1289): method Lcom/facebook/messaging/b/y;.invalidate incorrectly overrides package-private method with same name in Landroid/view/View;
W/msgr(:<default>):bp( 1289): Verify
I/dalvikvm( 1289): Could not find method android.app.AlarmManager.setExact, referenced from method com.facebook.common.a.i.a
W/dalvikvm( 1289): VFY: unable to resolve virtual method 101: Landroid/app/AlarmManager;.setExact (IJLandroid/app/PendingIntent;)V
D/dalvikvm( 1289): VFY: replacing opcode 0x6e at 0x0003
I/ActivityManager(  418): Start proc com.facebook.katana:dash_service for broadcast com.facebook.katana/com.facebook.keyguardservice.KeyguardServiceBooter: pid=1323 uid=10100 gids={50100, 1006, 1015, 1028, 3003}
W/msgr(:<default>):c( 1289): Called user scoped provider with no viewer. ViewerContextManager was created with no ViewerContext. Using EmptyViewerContextManager to return fake logged in instance.
W/msgr(:<default>):g( 1289): User no longer logged in. Original uid: 0, viewer context: null, is_logged_in: false. Returning original viewer context.
D/CatchMeIfYouCan( 1323): Process (dash_service) ca: '/data/data/com.facebook.katana/app_cmiyc/FC3D6AF0DCAD751E9720A8A1538A89840AD3817701'
D/CatchMeIfYouCan( 1323): Process (dash_service) fc: '/data/data/com.facebook.katana/app_cmiyc/FC3D6AF0DCAD751E9720A8A1538A89840AD3817702'
D/CatchMeIfYouCan( 1323): Process (dash_service) cp: '('default', 3, 120000, silent [true], restart [false], logout [false])'
W/msgr(:<default>):c( 1289): Called user scoped provider with no viewer. ViewerContextManager was created with no ViewerContext. Using EmptyViewerContextManager to return fake logged in instance.
I/dalvikvm( 1323): Could not find method android.app.ActivityManager.isLowRamDevice, referenced from method org.acra.ErrorReporter.getConstantDeviceData
W/dalvikvm( 1323): VFY: unable to resolve virtual method 80: Landroid/app/ActivityManager;.isLowRamDevice ()Z
D/dalvikvm( 1323): VFY: replacing opcode 0x6e at 0x00c1
D/ACRA    ( 1323): ACRA is enabled for com.facebook.katana, intializing...
D/ACRA    ( 1323): Looking for error files in /data/data/com.facebook.katana/app_acra-reports
D/ACRA    ( 1323): Looking for error files in /data/data/com.facebook.katana/app_minidumps
D/dalvikvm( 1323): Trying to load lib /data/app-lib/com.facebook.katana-2/libfb_stl_shared.so 0x41be6ee8
D/dalvikvm( 1323): Added shared lib /data/app-lib/com.facebook.katana-2/libfb_stl_shared.so 0x41be6ee8
D/dalvikvm( 1323): No JNI_OnLoad found in /data/app-lib/com.facebook.katana-2/libfb_stl_shared.so 0x41be6ee8, skipping init
D/dalvikvm( 1323): Trying to load lib /data/app-lib/com.facebook.katana-2/libfb_breakpad_client.so 0x41be6ee8
D/dalvikvm( 1323): Added shared lib /data/app-lib/com.facebook.katana-2/libfb_breakpad_client.so 0x41be6ee8
W/bt-sdp  ( 1031): SDP - Rcvd conn cnf with error: 0x4  CID 0x41
D/SystemClassLoaderAdder( 1323): Marked as initialized entry corresponding to path /data/app/com.facebook.katana-2.apk
V/DexLibLoader( 1323): Preparing secondary program dexes from null
