W/NativeHelper(  418): Could not delete native binary: /data/app-lib/com.facebook.katana-1/libfb_libyuv_jni.so
W/NativeHelper(  418): Could not delete native binary: /data/app-lib/com.facebook.katana-1/libheartbleed.so
W/NativeHelper(  418): Could not delete native binary: /data/app-lib/com.facebook.katana-1/libfb.so
W/NativeHelper(  418): Could not delete native binary: /data/app-lib/com.facebook.katana-1/libfb_cpucapabilities.so
W/NativeHelper(  418): Could not delete native binary: /data/app-lib/com.facebook.katana-1/libfb_xzdecoder.so
W/NativeHelper(  418): Could not delete native binary: /data/app-lib/com.facebook.katana-1/libfbjni.so
W/NativeHelper(  418): Could not delete native binary: /data/app-lib/com.facebook.katana-1/libfb_ffmpeg_jni.so
W/NativeHelper(  418): Could not delete native binary: /data/app-lib/com.facebook.katana-1/libreflex.so
W/NativeHelper(  418): Could not delete native binary: /data/app-lib/com.facebook.katana-1/libstopmotion.so
W/NativeHelper(  418): Could not delete native binary: /data/app-lib/com.facebook.katana-1/libfb_libyuv.so
W/NativeHelper(  418): Could not delete native binary: /data/app-lib/com.facebook.katana-1/libfb_tracker.so
W/NativeHelper(  418): Could not delete native binary: /data/app-lib/com.facebook.katana-1/libridgebase.so
W/NativeHelper(  418): Could not delete native binary: /data/app-lib/com.facebook.katana-1/libqt-faststart.so
W/NativeHelper(  418): Could not delete native binary: /data/app-lib/com.facebook.katana-1/libfb_ffmpeg.so
W/NativeHelper(  418): Could not delete native binary: /data/app-lib/com.facebook.katana-1/libwebp.so
W/NativeHelper(  418): Could not delete native binary: /data/app-lib/com.facebook.katana-1/libfb_stl_shared.so
W/NativeHelper(  418): Could not delete native binary: /data/app-lib/com.facebook.katana-1/libpeanut.so
W/NativeHelper(  418): Could not delete native binary: /data/app-lib/com.facebook.katana-1/libmozgluelinker.so
W/NativeHelper(  418): Could not delete native binary: /data/app-lib/com.facebook.katana-1/libfb_imgproc.so
W/NativeHelper(  418): Could not delete native binary: /data/app-lib/com.facebook.katana-1/libfb_jpegturbo.so
W/NativeHelper(  418): Could not delete native binary: /data/app-lib/com.facebook.katana-1/libcryptox.so
W/NativeHelper(  418): Could not delete native binary: /data/app-lib/com.facebook.katana-1/libfb_dalvik-internals.so
W/NativeHelper(  418): Could not delete native binary: /data/app-lib/com.facebook.katana-1/libfb_crypto.so
W/NativeHelper(  418): Could not delete native binary: /data/app-lib/com.facebook.katana-1/libliger.so
W/NativeHelper(  418): Could not delete native binary: /data/app-lib/com.facebook.katana-1/libreflex-jni.so
W/NativeHelper(  418): Could not delete native binary: /data/app-lib/com.facebook.katana-1/libfb_qt-faststart_jni.so
W/NativeHelper(  418): Could not delete native binary: /data/app-lib/com.facebook.katana-1/libfb_filesystem.so
W/NativeHelper(  418): Could not delete native binary: /data/app-lib/com.facebook.katana-1/libgif.so
E/PackageManager(  418): Cannot rename native library directory /data/app-lib/vmdl-1612847207 to /data/app-lib/com.facebook.katana-1
D/Finsky  ( 1818): [164] 1.packageInstalled: Package install status for "com.facebook.katana" is -4
W/ActivityManager(  418): No content provider found for permission revoke: file:///data/local/tmp/MediaPlayer.apk
W/PackageManager(  418): Empty queue
D/Finsky  ( 1818): [1] InstallerTask.cancelCleanup: Cancel running installation of com.facebook.katana
D/Finsky  ( 1818): [1] PackageVerificationReceiver.onReceive: Verification requested, id = 1
D/Finsky  ( 1818): [1] WorkerTask.onPreExecute: Verification Requested for id = 1, data=file:///data/local/tmp/MediaPlayer.apk flags=114 fromVerificationActivity=false
D/Finsky  ( 1818): [1] 2.onResponse: Verification id=1 response=0
D/Finsky  ( 1818): [1] PackageVerificationReceiver.onReceive: Verification requested, id = 1
W/ActivityManager(  418): No content provider found for permission revoke: file:///data/local/tmp/MediaPlayer.apk
I/PackageManager(  418): Copying native libraries to /data/app-lib/vmdl1194669470
I/ActivityManager(  418): Force stopping package com.nagravision.mediaplayer appid=10105 user=-1
I/PackageManager(  418): Package com.nagravision.mediaplayer codePath changed from /data/app/com.nagravision.mediaplayer-1.apk to /data/app/com.nagravision.mediaplayer-2.apk; Retaining data and using new
I/SELinuxMMAC(  418): package (com.nagravision.mediaplayer) installed with  seinfo=default
I/PackageManager(  418): Running dexopt on: com.nagravision.mediaplayer
D/dalvikvm( 2742): DexOpt: load 80ms, verify+opt 252ms, 1121692 bytes
I/ActivityManager(  418): Force stopping package com.nagravision.mediaplayer appid=10105 user=-1
W/PackageManager(  418): Code path for pkg : com.nagravision.mediaplayer changing from /data/app/com.nagravision.mediaplayer-1.apk to /data/app/com.nagravision.mediaplayer-2.apk
W/PackageManager(  418): Resource path for pkg : com.nagravision.mediaplayer changing from /data/app/com.nagravision.mediaplayer-1.apk to /data/app/com.nagravision.mediaplayer-2.apk
W/PackageManager(  418): Package com.nagravision.mediaplayer has activity com.nagravision.mediaplayer.FullscreenActivity with priority > 0, forcing to 0
W/PackageManager(  418): Package com.nagravision.mediaplayer has activity com.nagravision.mediaplayer.FullscreenActivity with priority > 0, forcing to 0
W/PackageManager(  418): Package com.nagravision.mediaplayer has activity com.nagravision.mediaplayer.FullscreenActivity with priority > 0, forcing to 0
I/ActivityManager(  418): No longer want com.google.android.gms:snet (pid 2564): empty #17
I/ActivityManager(  418): Force stopping package com.nagravision.mediaplayer appid=10105 user=0
D/BackupManagerService(  418): Received broadcast Intent { act=android.intent.action.PACKAGE_REMOVED dat=package:com.nagravision.mediaplayer flg=0x8000010 (has extras) }
I/InputReader(  418): Reconfiguring input devices.  changes=0x00000010
I/InputReader(  418): Reconfiguring input devices.  changes=0x00000010
I/ThemeManager(  752): Handling replaced theme package: com.nagravision.mediaplayer
D/AndroidRuntime( 2727): Shutting down VM
D/jdwp    ( 2727): Got wake-up signal, bailing out of select
D/dalvikvm( 2727): Debugger has detached; object registry had 1 entries
D/BackupManagerService(  418): Received broadcast Intent { act=android.intent.action.PACKAGE_ADDED dat=package:com.nagravision.mediaplayer flg=0x8000010 (has extras) }
V/BackupManagerService(  418): removePackageParticipantsLocked: uid=10105 #1
V/BackupManagerService(  418): addPackageParticipantsLocked: #1
I/ActivityManager(  418): Start proc com.android.keychain for broadcast com.android.keychain/.KeyChainBroadcastReceiver: pid=2754 uid=1000 gids={41000, 1015, 1028, 3002, 3001, 3003, 3007}
D/dalvikvm( 2754): Debugger has detached; object registry had 1 entries
W/ContextImpl( 2754): Calling a method in the system process without a qualified user: android.app.ContextImpl.startService:1456 android.content.ContextWrapper.startService:473 android.content.ContextWrapper.startService:473 com.android.keychain.KeyChainBroadcastReceiver.onReceive:12 android.app.ActivityThread.handleReceiver:2552 
I/ActivityManager(  418): Start proc com.android.settings for broadcast com.android.settings/.cyanogenmod.superuser.PackageChangeReceiver: pid=2773 uid=1000 gids={41000, 1015, 1028, 3002, 3001, 3003, 3007}
I/ActivityManager(  418): No longer want com.android.mms (pid 2174): empty #17
I/ActivityManager(  418): No longer want com.cyanogenmod.lockclock (pid 2099): empty #17
D/AndroidRuntime( 2771): 
D/AndroidRuntime( 2771): >>>>>> AndroidRuntime START com.android.internal.os.RuntimeInit <<<<<<
D/AndroidRuntime( 2771): CheckJNI is OFF
D/PackageBroadcastService(  953): Received broadcast action=android.intent.action.PACKAGE_REMOVED and uri=com.nagravision.mediaplayer
D/CountryDetector(  418): No listener is left
I/ActivityManager(  418): Start proc com.google.android.gms.drive for broadcast com.google.android.gms/.drive.api.DriveSystemBroadcastReceiver: pid=2791 uid=10054 gids={50054, 3003, 1007, 1028, 1015, 1006, 3002, 3001, 2001, 3006}
D/dalvikvm( 2771): Trying to load lib libjavacore.so 0x0
D/dalvikvm( 2771): Added shared lib libjavacore.so 0x0
D/dalvikvm( 2771): Trying to load lib libnativehelper.so 0x0
D/dalvikvm( 2771): Added shared lib libnativehelper.so 0x0
D/AndroidRuntime( 2771): Calling main entry com.android.commands.am.Am
D/dalvikvm( 2771): Note: class Landroid/app/ActivityManagerNative; has 164 unimplemented (abstract) methods
I/ActivityManager(  418): START u0 {act=android.intent.action.MAIN cat=[android.intent.category.LAUNCHER] flg=0x10000000 cmp=com.nagravision.mediaplayer/.FullscreenActivity} from pid 2771
I/MultiDex( 2791): install
I/MultiDex( 2791): MultiDexExtractor.load(/data/app/com.google.android.gms-2.apk, false)
I/MultiDex( 2791): loading existing secondary dex files
I/MultiDex( 2791): load found 1 secondary dex files
I/MultiDex( 2791): install done
D/AndroidRuntime( 2771): Shutting down VM
D/dalvikvm( 2814): Late-enabling CheckJNI
I/ActivityManager(  418): Start proc com.nagravision.mediaplayer for activity com.nagravision.mediaplayer/.FullscreenActivity: pid=2814 uid=10105 gids={50105, 3003, 1028}
I/ProviderInstaller( 2791): Insert disabled by gate 'gms:security:enable_conscrypt_in_gms_application'
I/ActivityManager(  418): No longer want com.android.calendar (pid 1452): empty #17
V/JAVA(MediaPlayer)( 2814): FullscreenActivity::FullscreenActivity - Enter
V/JAVA(MediaPlayer)( 2814): FullscreenActivity::onCreate - Enter
I/dalvikvm(  765): Jit: resizing JitTable from 4096 to 8192
I/ActivityManager(  418): Start proc com.facebook.katana:dash for broadcast com.facebook.katana/com.facebook.dash.receivers.DashPackageUninstallReceiver: pid=2828 uid=10100 gids={50100, 1006, 1015, 1028, 3003}
D/dalvikvm( 2828): Debugger has detached; object registry had 1 entries
V/JAVA(MediaPlayer)( 2814): FullscreenActivity::onActivityStarted - Enter
V/JAVA(MediaPlayer)( 2814): FullscreenActivity::onStart - Enter
V/JAVA(MediaPlayer)( 2814): FullscreenActivity::onPostCreate - Enter
V/JAVA(MediaPlayer)( 2814): FullscreenActivity::readInstanceState - Enter
V/JAVA(MediaPlayer)( 2814): No SavedSTATE available ! Null Input bundle !
V/JAVA(MediaPlayer)( 2814): FullscreenActivity::delayedHide - Enter
V/JAVA(MediaPlayer)( 2814): FullscreenActivity::onActivityResumed - Enter
V/JAVA(MediaPlayer)( 2814): FullscreenActivity::onResume - Enter
D/libEGL  ( 2814): loaded /vendor/lib/egl/libEGL_POWERVR_SGX540_120.so
D/libEGL  ( 2814): loaded /vendor/lib/egl/libGLESv1_CM_POWERVR_SGX540_120.so
D/libEGL  ( 2814): loaded /vendor/lib/egl/libGLESv2_POWERVR_SGX540_120.so
D/CatchMeIfYouCan( 2828): Process (dash) ca: '/data/data/com.facebook.katana/app_cmiyc/0C66B38F48468E96F8008B6D5A2AE33B4A60265E01'
D/CatchMeIfYouCan( 2828): Process (dash) fc: '/data/data/com.facebook.katana/app_cmiyc/0C66B38F48468E96F8008B6D5A2AE33B4A60265E02'
D/CatchMeIfYouCan( 2828): Process (dash) cp: '('dash', 6, 60000, silent [true], restart [true], logout [true])'
I/dalvikvm( 2828): Could not find method android.app.ActivityManager.isLowRamDevice, referenced from method org.acra.ErrorReporter.getConstantDeviceData
W/dalvikvm( 2828): VFY: unable to resolve virtual method 80: Landroid/app/ActivityManager;.isLowRamDevice ()Z
D/dalvikvm( 2828): VFY: replacing opcode 0x6e at 0x00c1
D/ACRA    ( 2828): ACRA is enabled for com.facebook.katana, intializing...
D/OpenGLRenderer( 2814): Enabling debug mode 0
D/ACRA    ( 2828): Looking for error files in /data/data/com.facebook.katana/app_acra-reports
D/ACRA    ( 2828): Looking for error files in /data/data/com.facebook.katana/app_minidumps
I/Choreographer( 2814): Skipped 39 frames!  The application may be doing too much work on its main thread.
D/dalvikvm( 2828): Trying to load lib /data/app-lib/com.facebook.katana-2/libfb_stl_shared.so 0x41be9e58
D/dalvikvm( 2828): Added shared lib /data/app-lib/com.facebook.katana-2/libfb_stl_shared.so 0x41be9e58
D/dalvikvm( 2828): No JNI_OnLoad found in /data/app-lib/com.facebook.katana-2/libfb_stl_shared.so 0x41be9e58, skipping init
D/dalvikvm( 2828): Trying to load lib /data/app-lib/com.facebook.katana-2/libfb_breakpad_client.so 0x41be9e58
D/dalvikvm( 2828): Added shared lib /data/app-lib/com.facebook.katana-2/libfb_breakpad_client.so 0x41be9e58
D/SystemClassLoaderAdder( 2828): Marked as initialized entry corresponding to path /data/app/com.facebook.katana-2.apk
V/DexLibLoader( 2828): Preparing secondary program dexes from null
V/DexLibLoader( 2828): Loaded 4 raw lines of metadata.
V/DexLibLoader( 2828): Secondary program dex metadata: secondary-1.dex.jar.xz 67dacb695fa8d1623302e29e51f9d8d6a6eeec27 secondary.dex01.Canary
V/DexLibLoader( 2828): Secondary program dex metadata: secondary-2.dex.jar.xz 8c2369cab8de72ed296f7b3e7b8884a967ab300e secondary.dex02.Canary
V/DexLibLoader( 2828): Secondary program dex metadata: secondary-3.dex.jar.xz cff192dd14260135270b485064fec9e5dc42e243 secondary.dex03.Canary
V/DexLibLoader( 2828): Secondary program dex metadata: secondary-4.dex.jar.xz 93d535c7ed7ef87cec994f1db3d2734154cd0495 secondary.dex04.Canary
W/DexLibLoader( 2828): Unexpected file in program dex directory: /data/data/com.facebook.katana/app_secondary_program_dex/temp_dex_lock
V/DexLibLoader( 2828): Preparing to extract secondary-1.dex.jar.xz to /data/data/com.facebook.katana/app_secondary_program_dex/program-67dacb695fa8d1623302e29e51f9d8d6a6eeec27eff0492.dex.jar
V/DexLibLoader( 2828): Dex already copied
D/OdexVerifier( 2828): Odex verification is skipped.
V/DexLibLoader( 2828): Creating class loader
V/DexLibLoader( 2828): Finished creating class loader
V/DexLibLoader( 2828): Preparing to extract secondary-2.dex.jar.xz to /data/data/com.facebook.katana/app_secondary_program_dex/program-8c2369cab8de72ed296f7b3e7b8884a967ab300eeff0492.dex.jar
V/DexLibLoader( 2828): Dex already copied
D/OdexVerifier( 2828): Odex verification is skipped.
V/DexLibLoader( 2828): Creating class loader
I/ActivityManager(  418): Displayed com.nagravision.mediaplayer/.FullscreenActivity: +1s379ms
V/JAVA(MediaPlayer)( 2814): FullscreenActivity.OnVisibilityChangeListener::onVisibilityChange - Enter
V/JAVA(MediaPlayer)( 2814): FullscreenActivity.mHideRunnable.Runnable - Enter
V/DexLibLoader( 2828): Finished creating class loader
V/DexLibLoader( 2828): Preparing to extract secondary-3.dex.jar.xz to /data/data/com.facebook.katana/app_secondary_program_dex/program-cff192dd14260135270b485064fec9e5dc42e243eff0492.dex.jar
V/DexLibLoader( 2828): Dex already copied
D/OdexVerifier( 2828): Odex verification is skipped.
V/DexLibLoader( 2828): Creating class loader
V/DexLibLoader( 2828): Finished creating class loader
V/DexLibLoader( 2828): Preparing to extract secondary-4.dex.jar.xz to /data/data/com.facebook.katana/app_secondary_program_dex/program-93d535c7ed7ef87cec994f1db3d2734154cd0495eff0492.dex.jar
V/DexLibLoader( 2828): Dex already copied
D/OdexVerifier( 2828): Odex verification is skipped.
V/DexLibLoader( 2828): Creating class loader
V/DexLibLoader( 2828): Finished creating class loader
V/DexLibLoader( 2828): Verifying classes from secondary dexes.
V/JAVA(MediaPlayer)( 2814): FullscreenActivity.OnVisibilityChangeListener::onVisibilityChange - Enter
D/DexLibLoader( 2828): DexLibLoader.ensureDexLoaded took 258 ms
D/dalvikvm( 2828): Trying to load lib /data/app-lib/com.facebook.katana-2/libfb_dalvik-internals.so 0x41be9e58
D/dalvikvm( 2828): Added shared lib /data/app-lib/com.facebook.katana-2/libfb_dalvik-internals.so 0x41be9e58
I/dalvik-internals( 2828): Successfully looked up JNI_GetCreatedJavaVMs
I/dalvik-internals( 2828): Successfully looked up gDvm
E/dalvik-internals( 2828): Failed to look up ladDumpProfiles
E/dalvik-internals( 2828): Failed to look up ladResetProfiles
E/dalvik-internals( 2828): Failed to look up ladPrintHeaderInfo
I/dalvik-internals( 2828): gDvm has value 0x40a042c0.  Searching for vmList (initial offset in [704,1480]).
I/dalvik-internals( 2828): Beginning search.  Actual offset in [704,1468].
E/dalvik-internals( 2828): Failed to find vmList in gDvm.  Going to brute-force search for LinearAllocHdr.
D/dalvik-internals( 2828): Evaluating LinearAllocHdr candidate at 0x418539c8.
I/dalvik-internals( 2828): Found LinearAllocHdr (with no vmList) at offset 952.
W/dalvikvm( 2828): method Lcom/facebook/reflex/view/AbstractListView;.invalidate incorrectly overrides package-private method with same name in Landroid/view/View;
W/dalvikvm( 2828): method Lcom/facebook/reflex/view/GalleryViewAutoReflex;.invalidate incorrectly overrides package-private method with same name in Landroid/view/View;
W/dalvikvm( 2828): method Lcom/facebook/reflex/view/HorizontalScrollViewAutoReflex;.invalidate incorrectly overrides package-private method with same name in Landroid/view/View;
W/dalvikvm( 2828): method Lcom/facebook/reflex/view/ImageViewAutoReflex;.invalidate incorrectly overrides package-private method with same name in Landroid/view/View;
W/dalvikvm( 2828): method Lcom/facebook/reflex/view/ScrollViewAutoReflex;.invalidate incorrectly overrides package-private method with same name in Landroid/view/View;
W/dalvikvm( 2828): method Lcom/facebook/reflex/view/ViewPagerAutoReflex;.invalidate incorrectly overrides package-private method with same name in Landroid/view/View;
W/dalvikvm( 2828): method Lcom/facebook/reflex/view/FrameLayoutAutoReflex;.invalidate incorrectly overrides package-private method with same name in Landroid/view/View;
V/JAVA(MediaPlayer)( 2814): FullscreenActivity.OnVisibilityChangeListener::onVisibilityChange - Enter
V/JAVA(MediaPlayer)( 2814): FullscreenActivity::delayedHide - Enter
W/InputEventReceiver(  418): Attempted to finish an input event but the input event receiver has already been disposed.
W/InputEventReceiver(  418): Attempted to finish an input event but the input event receiver has already been disposed.
W/fb4a(:dash):StaticBindingVerifier( 2828): Verify
W/fb4a(:dash):BaseAnalyticsConfig( 2828): willEventBeLogged() called before shared prefs were initialized! Defaulting to true.
I/ActivityManager(  418): No longer want com.cyanogenmod.account (pid 2428): empty #17
I/ActivityManager(  418): Start proc com.svox.pico for broadcast com.svox.pico/.VoiceDataInstallerReceiver: pid=2853 uid=10037 gids={50037, 1015, 1028}
D/dalvikvm( 2853): Debugger has detached; object registry had 1 entries
I/ActivityManager(  418): No longer want com.android.providers.calendar (pid 1976): empty #17
I/ActivityManager(  418): Start proc com.google.android.partnersetup for broadcast com.google.android.partnersetup/.RlzPingBroadcastReceiver: pid=2868 uid=10062 gids={50062, 3003, 1028}
D/dalvikvm( 2828): Trying to load lib /data/app-lib/com.facebook.katana-2/libfb_stl_shared.so 0x41be9e58
D/dalvikvm( 2828): Shared lib '/data/app-lib/com.facebook.katana-2/libfb_stl_shared.so' already loaded in same CL 0x41be9e58
D/dalvikvm( 2828): Trying to load lib /data/app-lib/com.facebook.katana-2/libfb.so 0x41be9e58
D/dalvikvm( 2828): Added shared lib /data/app-lib/com.facebook.katana-2/libfb.so 0x41be9e58
D/dalvikvm( 2828): No JNI_OnLoad found in /data/app-lib/com.facebook.katana-2/libfb.so 0x41be9e58, skipping init
D/dalvikvm( 2828): Trying to load lib /data/app-lib/com.facebook.katana-2/libfb_breakpad_client.so 0x41be9e58
D/dalvikvm( 2828): Shared lib '/data/app-lib/com.facebook.katana-2/libfb_breakpad_client.so' already loaded in same CL 0x41be9e58
D/dalvikvm( 2828): Trying to load lib /data/app-lib/com.facebook.katana-2/libfbjni.so 0x41be9e58
D/dalvikvm( 2828): Added shared lib /data/app-lib/com.facebook.katana-2/libfbjni.so 0x41be9e58
D/dalvikvm( 2828): Trying to load lib /data/app-lib/com.facebook.katana-2/libheartbleed.so 0x41be9e58
D/dalvikvm( 2828): Added shared lib /data/app-lib/com.facebook.katana-2/libheartbleed.so 0x41be9e58
W/BroadcastQueue(  418): Permission Denial: broadcasting Intent { act=android.net.conn.INET_CONDITION_ACTION flg=0x8000010 (has extras) } from null (pid=-1, uid=-1) requires com.facebook.permission.prod.FB_APP_COMMUNICATION due to registered receiver BroadcastFilter{42d64b78 u0 ReceiverList{42d64af8 2828 com.facebook.katana:dash/10100/u0 remote:42b6f3a0}}
W/BroadcastQueue(  418): Permission Denial: broadcasting Intent { act=android.net.conn.CONNECTIVITY_CHANGE flg=0x8000010 (has extras) } from null (pid=-1, uid=-1) requires com.facebook.permission.prod.FB_APP_COMMUNICATION due to registered receiver BroadcastFilter{42d64b78 u0 ReceiverList{42d64af8 2828 com.facebook.katana:dash/10100/u0 remote:42b6f3a0}}
D/PackageBroadcastService(  953): Received broadcast action=android.intent.action.PACKAGE_ADDED and uri=com.nagravision.mediaplayer
I/dalvikvm( 2828): Could not find method android.app.AlarmManager.setExact, referenced from method com.facebook.common.alarm.FbAlarmManagerImpl.a
W/dalvikvm( 2828): VFY: unable to resolve virtual method 83: Landroid/app/AlarmManager;.setExact (IJLandroid/app/PendingIntent;)V
D/dalvikvm( 2828): VFY: replacing opcode 0x6e at 0x0003
I/IcingCorporaProvider( 1914): Updating corpora: APPS=com.nagravision.mediaplayer, CONTACTS=MAYBE
I/PeopleContactsSync(  953): CP2 sync disabled
I/IcingCorporaProvider( 1914): UpdateCorporaTask done [took 222 ms] updated apps [took 222 ms] 
D/PackageBroadcastService(  953): Received broadcast action=android.intent.action.PACKAGE_REPLACED and uri=com.nagravision.mediaplayer
D/GCM     (  799): GcmService start Intent { act=com.google.android.gms.INITIALIZE flg=0x10 pkg=com.google.android.gms cmp=com.google.android.gms/.gcm.GcmService } com.google.android.gms.INITIALIZE
I/PeopleContactsSync(  953): CP2 sync disabled
V/JAVA(MediaPlayer)( 2814): FullscreenActivity.onCreate.OnItemClickListener::onItemClick - Enter
V/JAVA(MediaPlayer)( 2814): FullscreenActivity::ClickItem - Enter
D/JAVA(MediaPlayer)( 2814): Starting extraction of Media Metadata
D/JAVA(MediaPlayer)( 2814): URL: file:///mnt/sdcard/movies/seg_b1000k_v.mp4
V/MPEG4Extractor( 2814): saw chunk type ftyp, size 24 @ 0
V/MPEG4Extractor( 2814): saw chunk type moov, size 951 @ 24
V/MPEG4Extractor( 2814): found metadata size: 975
V/MediaExtractor( 2814): Autodetected media content as 'video/mp4' with confidence 0.40
V/MPEG4Extractor( 2814): entering parseChunk 0/0
V/MPEG4Extractor( 2814): chunk: ftyp @ 0, 0
V/MPEG4Extractor( 2814): entering parseChunk 24/0
V/MPEG4Extractor( 2814): chunk: moov @ 24, 0
V/MPEG4Extractor( 2814): entering parseChunk 32/1
V/MPEG4Extractor( 2814): chunk: mvhd @ 32, 1
V/MPEG4Extractor( 2814): entering parseChunk 152/1
V/MPEG4Extractor( 2814): chunk: trak @ 152, 1
V/MPEG4Extractor( 2814): entering parseChunk 160/2
V/MPEG4Extractor( 2814): chunk: tkhd @ 160, 2
W/MPEG4Extractor( 2814): We only support 0,90,180,270 degree rotation matrices
V/MPEG4Extractor( 2814): entering parseChunk 264/2
V/MPEG4Extractor( 2814): chunk: mdia @ 264, 2
V/MPEG4Extractor( 2814): entering parseChunk 272/3
V/MPEG4Extractor( 2814): chunk: mdhd @ 272, 3
V/MPEG4Extractor( 2814): entering parseChunk 316/3
V/MPEG4Extractor( 2814): chunk: hdlr @ 316, 3
V/MPEG4Extractor( 2814): entering parseChunk 349/3
V/MPEG4Extractor( 2814): chunk: minf @ 349, 3
V/MPEG4Extractor( 2814): entering parseChunk 357/4
V/MPEG4Extractor( 2814): chunk: vmhd @ 357, 4
V/MPEG4Extractor( 2814): entering parseChunk 377/4
V/MPEG4Extractor( 2814): chunk: dinf @ 377, 4
V/MPEG4Extractor( 2814): entering parseChunk 385/5
V/MPEG4Extractor( 2814): chunk: dref @ 385, 5
V/MPEG4Extractor( 2814): entering parseChunk 413/4
V/MPEG4Extractor( 2814): chunk: stbl @ 413, 4
V/MPEG4Extractor( 2814): sampleTable chunk is 318 bytes long.
V/MPEG4Extractor( 2814): entering parseChunk 421/5
V/MPEG4Extractor( 2814): chunk: stsd @ 421, 5
V/MPEG4Extractor( 2814): entering parseChunk 437/6
V/MPEG4Extractor( 2814): chunk: encv @ 437, 6
V/MPEG4Extractor( 2814): entering parseChunk 523/7
V/MPEG4Extractor( 2814): chunk: avcC @ 523, 7
V/MPEG4Extractor( 2814): entering parseChunk 563/7
V/MPEG4Extractor( 2814): chunk: btrt @ 563, 7
V/MPEG4Extractor( 2814): entering parseChunk 583/7
V/MPEG4Extractor( 2814): chunk: sinf @ 583, 7
V/MPEG4Extractor( 2814): entering parseChunk 591/8
V/MPEG4Extractor( 2814): chunk: frma @ 591, 8
V/MPEG4Extractor( 2814): read original format: 1635148593
V/MPEG4Extractor( 2814): entering parseChunk 603/8
V/MPEG4Extractor( 2814): chunk: schm @ 603, 8
V/MPEG4Extractor( 2814): entering parseChunk 623/8
V/MPEG4Extractor( 2814): chunk: schi @ 623, 8
V/MPEG4Extractor( 2814): entering parseChunk 631/9
V/MPEG4Extractor( 2814): chunk: tenc @ 631, 9
V/MPEG4Extractor( 2814): entering parseChunk 663/5
V/MPEG4Extractor( 2814): chunk: stts @ 663, 5
V/MPEG4Extractor( 2814): entering parseChunk 679/5
V/MPEG4Extractor( 2814): chunk: stsc @ 679, 5
V/MPEG4Extractor( 2814): entering parseChunk 695/5
V/MPEG4Extractor( 2814): chunk: stsz @ 695, 5
V/MPEG4Extractor( 2814): entering parseChunk 715/5
V/MPEG4Extractor( 2814): chunk: stco @ 715, 5
V/MPEG4Extractor( 2814): entering parseChunk 731/1
V/MPEG4Extractor( 2814): chunk: mvex @ 731, 1
V/MPEG4Extractor( 2814): entering parseChunk 739/2
V/MPEG4Extractor( 2814): chunk: trex @ 739, 2
V/MPEG4Extractor( 2814): entering parseChunk 771/1
V/MPEG4Extractor( 2814): chunk: pssh @ 771, 1
V/MPEG4Extractor( 2814): pssh data size: 36
V/MPEG4Extractor( 2814): allocated pssh @ 0x57bea098
V/MPEG4Extractor( 2814): entering parseChunk 839/1
V/MPEG4Extractor( 2814): chunk: pssh @ 839, 1
V/MPEG4Extractor( 2814): pssh data size: 36
V/MPEG4Extractor( 2814): allocated pssh @ 0x57d49ec0
V/MPEG4Extractor( 2814): entering parseChunk 907/1
V/MPEG4Extractor( 2814): chunk: pssh @ 907, 1
V/MPEG4Extractor( 2814): pssh data size: 36
V/MPEG4Extractor( 2814): allocated pssh @ 0x57bcd700
V/MPEG4Extractor( 2814): MPEG4Extractor::countTracks: 1 tracks
V/NuMediaExtractor( 2814): track of type 'video/avc' does not publish bitrate
V/MPEG4Extractor( 2814): MPEG4Extractor::countTracks: 1 tracks
V/MPEG4Extractor( 2814): MPEG4Extractor::countTracks: 1 tracks
V/JAVA(MediaPlayer)( 2814): Number of tracks: 1
V/MPEG4Extractor( 2814): MPEG4Extractor::countTracks: 1 tracks
V/JAVA(MediaPlayer)( 2814): Track[0].mime = video/avc
V/MPEG4Extractor( 2814): MPEG4Extractor::countTracks: 1 tracks
V/MPEG4Extractor( 2814): getTrack called, pssh: 3
V/ACodec  ( 2814): Now uninitialized
V/ACodec  ( 2814): onAllocateComponent
I/OMXClient( 2814): Using client-side OMX mux.
V/OMXCodec( 2814): matchComponentName (null) 
V/OMXCodec( 2814): matching 'OMX.TI.DUCATI1.VIDEO.DECODER' quirks 0x00000028
V/OMXCodec( 2814): matchComponentName (null) 
V/OMXCodec( 2814): matching 'OMX.google.h264.decoder' quirks 0x00000000
V/ACodec  ( 2814): [OMX.TI.DUCATI1.VIDEO.DECODER] Now Loaded
V/JAVA(MediaPlayer)( 2814): PSSH for UUID: 00000000-0000-0000-0000-000000000000 has data :809a82baec0e4254bf43573eed9eac02.txt
V/Crypto  (  135): Crypto::findFactoryForScheme - Enter
V/Crypto  (  135): Crypto::findFactoryForScheme - searching plugin cache...
V/Crypto  (  135): ... for UUID 00000000-0000-0000-0000-000000000000
V/Crypto  (  135): Crypto::findFactoryForScheme - No cache entry found !
V/Crypto  (  135): Crypto::findFactoryForScheme - searching a plugin to load ...
V/Crypto  (  135): Crypto::findFactoryForScheme - ... from '/vendor/lib/mediadrm'
V/Crypto  (  135): Crypto::findFactoryForScheme - Trying file at /vendor/lib/mediadrm/.
V/Crypto  (  135): Crypto::findFactoryForScheme - Trying file at /vendor/lib/mediadrm/..
V/Crypto  (  135): Crypto::findFactoryForScheme - Trying file at /vendor/lib/mediadrm/libnvcryptoplugin.so
V/Crypto  (  135): Crypto::findFactoryForScheme - Try to load this library and matching UUID ...
V/Crypto  (  135): ... 00000000-0000-0000-0000-000000000000
V/Crypto  (  135): Crypto::loadLibraryForScheme - Enter
V/Crypto  (  135): Crypto::loadLibraryForScheme - path = '/vendor/lib/mediadrm/libnvcryptoplugin.so'
V/Crypto  (  135): Crypto::loadLibraryForScheme - UUID = '00000000-0000-0000-0000-000000000000'
V/Crypto  (  135): Crypto::loadLibraryForScheme - Found library from cache
V/Crypto  (  135): Crypto::loadLibraryForScheme - Library loaded
V/nvCryptoFactory(  135): NvCryptoFactory::NvCryptoFactory() - Enter
V/Crypto  (  135): Crypto::loadLibraryForScheme - Plugin for scheme '00000000-0000-0000-0000-000000000000' ready
V/Crypto  (  135): Crypto::findFactoryForScheme - Adding plugin at /vendor/lib/mediadrm/libnvcryptoplugin.so in cache
V/nvCryptoFactory(  135): NvCryptoFactory::createPlugin() - Enter
V/nvCryptoPlugin(  135): CryptoPlugin* create() - Enter
V/nvCryptoPlugin(  135): NvCryptoPlugin::NvCryptoPlugin() - Enter
V/nvCryptoPlugin(  135): CryptoPlugin* create() - Exit : instance=0x0x40ddf5b8
V/MediaCodec( 2814): Found 2 pieces of codec specific data.
V/ACodec  ( 2814): onConfigureComponent
V/ACodec  ( 2814): onStart
V/ACodec  ( 2814): [OMX.TI.DUCATI1.VIDEO.DECODER] Now Loaded->Idle
V/ACodec  ( 2814): [OMX.TI.DUCATI1.VIDEO.DECODER] Allocating 2 buffers of size 176640 on input port
V/MediaCodec( 2814): input buffers allocated
V/ACodec  ( 2814): [OMX.TI.DUCATI1.VIDEO.DECODER] Allocating 3 buffers from a native window of size 2850816 on output port
V/ACodec  ( 2814): [OMX.TI.DUCATI1.VIDEO.DECODER] Registered graphic buffer with ID 0x40dcf218 (pointer = 0x58e39590)
V/ACodec  ( 2814): [OMX.TI.DUCATI1.VIDEO.DECODER] Registered graphic buffer with ID 0x40dcf4b0 (pointer = 0x58e39888)
V/ACodec  ( 2814): [OMX.TI.DUCATI1.VIDEO.DECODER] Registered graphic buffer with ID 0x40dcf748 (pointer = 0x58e39b70)
V/ACodec  ( 2814): [OMX.TI.DUCATI1.VIDEO.DECODER] Calling cancelBuffer on buffer 0x40dcf4b0
V/ACodec  ( 2814): [OMX.TI.DUCATI1.VIDEO.DECODER] Calling cancelBuffer on buffer 0x40dcf748
V/MediaCodec( 2814): output buffers allocated
V/ACodec  ( 2814): [OMX.TI.DUCATI1.VIDEO.DECODER] Now Idle->Executing
V/ACodec  ( 2814): [OMX.TI.DUCATI1.VIDEO.DECODER] calling fillBuffer 0x40dcf218
V/ACodec  ( 2814): [OMX.TI.DUCATI1.VIDEO.DECODER] Now Executing
V/nvCryptoPlugin(  135): NvCryptoPlugin::decrypt() - Enter
V/ACodec  ( 2814): [OMX.TI.DUCATI1.VIDEO.DECODER] calling emptyBuffer 0x40de7640 w/ codec specific data
V/nvCryptoPlugin(  135): NvCryptoPlugin::decrypt() - Enter
V/ACodec  ( 2814): [OMX.TI.DUCATI1.VIDEO.DECODER] onOMXEmptyBufferDone 0x40de7640
V/ACodec  ( 2814): [OMX.TI.DUCATI1.VIDEO.DECODER] calling emptyBuffer 0x40de7838 w/ codec specific data
V/JAVA(MediaPlayer)( 2814): Read data from extractor (and crypto) and provide to decoder
I/OMXNodeInstance(  135): OMX_FreeBuffer for buffer header 0x40dcf748 successful
I/OMXNodeInstance(  135): OMX_FreeBuffer for buffer header 0x40dcf4b0 successful
V/ACodec  ( 2814): [OMX.TI.DUCATI1.VIDEO.DECODER] Now handling output port settings change
V/ACodec  ( 2814): [OMX.TI.DUCATI1.VIDEO.DECODER] onOMXFillBufferDone 0x40dcf218 time 0 us, flags = 0x00000000
V/ACodec  ( 2814): [OMX.TI.DUCATI1.VIDEO.DECODER] Calling cancelBuffer on buffer 0x40dcf218
I/OMXNodeInstance(  135): OMX_FreeBuffer for buffer header 0x40dcf218 successful
V/ACodec  ( 2814): [OMX.TI.DUCATI1.VIDEO.DECODER] Output port now disabled.
V/ACodec  ( 2814): [OMX.TI.DUCATI1.VIDEO.DECODER] Allocating 19 buffers from a native window of size 2850816 on output port
V/ACodec  ( 2814): [OMX.TI.DUCATI1.VIDEO.DECODER] Registered graphic buffer with ID 0x4000b590 (pointer = 0x57d92e80)
V/ACodec  ( 2814): [OMX.TI.DUCATI1.VIDEO.DECODER] Registered graphic buffer with ID 0x4000b828 (pointer = 0x57d93150)
V/ACodec  ( 2814): [OMX.TI.DUCATI1.VIDEO.DECODER] Registered graphic buffer with ID 0x4000bac0 (pointer = 0x57d8bcd0)
V/ACodec  ( 2814): [OMX.TI.DUCATI1.VIDEO.DECODER] Registered graphic buffer with ID 0x4000bd78 (pointer = 0x58e397b8)
V/ACodec  ( 2814): [OMX.TI.DUCATI1.VIDEO.DECODER] Registered graphic buffer with ID 0x40de79b0 (pointer = 0x58e39ae8)
V/ACodec  ( 2814): [OMX.TI.DUCATI1.VIDEO.DECODER] Registered graphic buffer with ID 0x40dcf200 (pointer = 0x57d91638)
V/ACodec  ( 2814): [OMX.TI.DUCATI1.VIDEO.DECODER] Registered graphic buffer with ID 0x40dcf498 (pointer = 0x57d91920)
V/ACodec  ( 2814): [OMX.TI.DUCATI1.VIDEO.DECODER] Registered graphic buffer with ID 0x40ddf078 (pointer = 0x57d91c08)
V/ACodec  ( 2814): [OMX.TI.DUCATI1.VIDEO.DECODER] Registered graphic buffer with ID 0x419950e0 (pointer = 0x57d91ef0)
V/ACodec  ( 2814): [OMX.TI.DUCATI1.VIDEO.DECODER] Registered graphic buffer with ID 0x41995378 (pointer = 0x57d922d0)
V/ACodec  ( 2814): [OMX.TI.DUCATI1.VIDEO.DECODER] Registered graphic buffer with ID 0x41995610 (pointer = 0x57d925b8)
V/ACodec  ( 2814): [OMX.TI.DUCATI1.VIDEO.DECODER] Registered graphic buffer with ID 0x419958a8 (pointer = 0x57d9d9a0)
V/ACodec  ( 2814): [OMX.TI.DUCATI1.VIDEO.DECODER] Registered graphic buffer with ID 0x41995b40 (pointer = 0x57d9dc88)
V/ACodec  ( 2814): [OMX.TI.DUCATI1.VIDEO.DECODER] Registered graphic buffer with ID 0x41995e20 (pointer = 0x57d9df70)
V/ACodec  ( 2814): [OMX.TI.DUCATI1.VIDEO.DECODER] Registered graphic buffer with ID 0x419960b8 (pointer = 0x57d9e258)
V/ACodec  ( 2814): [OMX.TI.DUCATI1.VIDEO.DECODER] Registered graphic buffer with ID 0x41996350 (pointer = 0x57d9e6c8)
V/ACodec  ( 2814): [OMX.TI.DUCATI1.VIDEO.DECODER] Registered graphic buffer with ID 0x419965e8 (pointer = 0x57d9e978)
I/ActivityManager(  418): Process com.facebook.katana:dash (pid 2828) has died.
V/ACodec  ( 2814): [OMX.TI.DUCATI1.VIDEO.DECODER] Registered graphic buffer with ID 0x41996880 (pointer = 0x57d9ec60)
V/ACodec  ( 2814): [OMX.TI.DUCATI1.VIDEO.DECODER] Registered graphic buffer with ID 0x41996b18 (pointer = 0x57d9ef48)
V/ACodec  ( 2814): [OMX.TI.DUCATI1.VIDEO.DECODER] Calling cancelBuffer on buffer 0x41996880
V/ACodec  ( 2814): [OMX.TI.DUCATI1.VIDEO.DECODER] Calling cancelBuffer on buffer 0x41996b18
V/MediaCodec( 2814): output buffers allocated
V/ACodec  ( 2814): [OMX.TI.DUCATI1.VIDEO.DECODER] Output port now reenabled.
V/ACodec  ( 2814): [OMX.TI.DUCATI1.VIDEO.DECODER] calling fillBuffer 0x4000b590
V/ACodec  ( 2814): [OMX.TI.DUCATI1.VIDEO.DECODER] calling fillBuffer 0x4000b828
V/ACodec  ( 2814): [OMX.TI.DUCATI1.VIDEO.DECODER] calling fillBuffer 0x4000bac0
V/ACodec  ( 2814): [OMX.TI.DUCATI1.VIDEO.DECODER] calling fillBuffer 0x4000bd78
V/ACodec  ( 2814): [OMX.TI.DUCATI1.VIDEO.DECODER] calling fillBuffer 0x40de79b0
V/ACodec  ( 2814): [OMX.TI.DUCATI1.VIDEO.DECODER] calling fillBuffer 0x40dcf200
V/ACodec  ( 2814): [OMX.TI.DUCATI1.VIDEO.DECODER] calling fillBuffer 0x40dcf498
V/ACodec  ( 2814): [OMX.TI.DUCATI1.VIDEO.DECODER] calling fillBuffer 0x40ddf078
V/ACodec  ( 2814): [OMX.TI.DUCATI1.VIDEO.DECODER] calling fillBuffer 0x419950e0
V/ACodec  ( 2814): [OMX.TI.DUCATI1.VIDEO.DECODER] calling fillBuffer 0x41995378
V/ACodec  ( 2814): [OMX.TI.DUCATI1.VIDEO.DECODER] calling fillBuffer 0x41995610
V/ACodec  ( 2814): [OMX.TI.DUCATI1.VIDEO.DECODER] calling fillBuffer 0x419958a8
V/ACodec  ( 2814): [OMX.TI.DUCATI1.VIDEO.DECODER] calling fillBuffer 0x41995b40
V/ACodec  ( 2814): [OMX.TI.DUCATI1.VIDEO.DECODER] calling fillBuffer 0x41995e20
V/ACodec  ( 2814): [OMX.TI.DUCATI1.VIDEO.DECODER] calling fillBuffer 0x419960b8
V/ACodec  ( 2814): [OMX.TI.DUCATI1.VIDEO.DECODER] calling fillBuffer 0x41996350
V/ACodec  ( 2814): [OMX.TI.DUCATI1.VIDEO.DECODER] calling fillBuffer 0x419965e8
V/ACodec  ( 2814): [OMX.TI.DUCATI1.VIDEO.DECODER] Now Executing
V/ACodec  ( 2814): [OMX.TI.DUCATI1.VIDEO.DECODER] onOMXEmptyBufferDone 0x40de7838
V/JAVA(MediaPlayer)( 2814): Read data from extractor (and crypto) and provide to decoder
D/Finsky  ( 1818): [1] 5.onFinished: Installation state replication succeeded.
I/dalvikvm( 2068): Total arena pages for JIT: 11
I/dalvikvm( 2068): Total arena pages for JIT: 12
I/dalvikvm( 2068): Total arena pages for JIT: 13
I/dalvikvm( 2068): Total arena pages for JIT: 14
I/dalvikvm( 2068): Total arena pages for JIT: 15
I/dalvikvm( 2068): Total arena pages for JIT: 16
I/dalvikvm( 2068): Total arena pages for JIT: 17
I/dalvikvm( 2068): Total arena pages for JIT: 18
I/dalvikvm( 2068): Total arena pages for JIT: 19
I/InputDispatcher(  418): Application is not responding: Window{41cef618 u0 com.nagravision.mediaplayer/com.nagravision.mediaplayer.FullscreenActivity}.  It has been 5005.8ms since event, 5005.5ms since wait started.  Reason: Waiting because the touched window has not finished processing the input events that were previously delivered to it.
I/WindowManager(  418): Input event dispatching timed out sending to com.nagravision.mediaplayer/com.nagravision.mediaplayer.FullscreenActivity
I/Process (  418): Sending signal. PID: 2814 SIG: 3
I/dalvikvm( 2814): threadid=3: reacting to signal 3
I/dalvikvm( 2814): Wrote stack traces to '/data/anr/traces.txt'
I/Process (  418): Sending signal. PID: 418 SIG: 3
I/dalvikvm(  418): threadid=3: reacting to signal 3
I/dalvikvm(  418): Wrote stack traces to '/data/anr/traces.txt'
I/Process (  418): Sending signal. PID: 719 SIG: 3
I/dalvikvm(  719): threadid=3: reacting to signal 3
I/dalvikvm(  719): Wrote stack traces to '/data/anr/traces.txt'
I/Process (  418): Sending signal. PID: 752 SIG: 3
I/dalvikvm(  752): threadid=3: reacting to signal 3
I/dalvikvm(  752): Wrote stack traces to '/data/anr/traces.txt'
I/Process (  418): Sending signal. PID: 552 SIG: 3
I/dalvikvm(  552): threadid=3: reacting to signal 3
I/dalvikvm(  552): Wrote stack traces to '/data/anr/traces.txt'
I/Process (  418): Sending signal. PID: 723 SIG: 3
I/dalvikvm(  723): threadid=3: reacting to signal 3
I/dalvikvm(  723): Wrote stack traces to '/data/anr/traces.txt'
I/Process (  418): Sending signal. PID: 742 SIG: 3
I/dalvikvm(  742): threadid=3: reacting to signal 3
I/dalvikvm(  742): Wrote stack traces to '/data/anr/traces.txt'
E/ActivityManager(  418): ANR in com.nagravision.mediaplayer (com.nagravision.mediaplayer/.FullscreenActivity)
E/ActivityManager(  418): Reason: keyDispatchingTimedOut
E/ActivityManager(  418): Load: 3.88 / 2.36 / 0.94
E/ActivityManager(  418): CPU usage from 5272ms to 0ms ago:
E/ActivityManager(  418):   5.8% 552/com.android.systemui: 4.9% user + 0.9% kernel / faults: 7 minor
E/ActivityManager(  418):   4.3% 418/system_server: 3.2% user + 1.1% kernel / faults: 467 minor 11 major
E/ActivityManager(  418):   3.6% 132/surfaceflinger: 1.3% user + 2.2% kernel
E/ActivityManager(  418):   0.9% 19/kworker/0:1: 0% user + 0.9% kernel
E/ActivityManager(  418):   0.9% 53/kworker/u:1: 0% user + 0.9% kernel
E/ActivityManager(  418):   0.9% 78/kworker/u:2: 0% user + 0.9% kernel
E/ActivityManager(  418):   0.9% 1430/kworker/u:5: 0% user + 0.9% kernel
E/ActivityManager(  418):   0% 111/irq/206-mms_ts: 0% user + 0% kernel
E/ActivityManager(  418):   0.5% 123/vold: 0.1% user + 0.3% kernel
E/ActivityManager(  418):   0.5% 129/netd: 0% user + 0.5% kernel
E/ActivityManager(  418):   0.5% 643/kworker/u:4: 0% user + 0.5% kernel
E/ActivityManager(  418):   0.3% 2068/com.genie9.gcloudbackup: 0.3% user + 0% kernel / faults: 27 minor
E/ActivityManager(  418):   0.3% 2814/com.nagravision.mediaplayer: 0.3% user + 0% kernel / faults: 2 minor
E/ActivityManager(  418):   0% 22/cfinteractive: 0% user + 0% kernel
E/ActivityManager(  418):   0% 69/kworker/1:1: 0% user + 0% kernel
E/ActivityManager(  418):   0.1% 86/mmcqd/0: 0% user + 0.1% kernel
E/ActivityManager(  418):   0.1% 99/ueventd: 0% user + 0.1% kernel
E/ActivityManager(  418):   0% 144/adbd: 0% user + 0% kernel
E/ActivityManager(  418):   0% 529/wpa_supplicant: 0% user + 0% kernel
E/ActivityManager(  418): 10% TOTAL: 5.5% user + 4.8% kernel + 0.3% iowait
E/ActivityManager(  418): CPU usage from 1280ms to 1802ms later:
E/ActivityManager(  418):   9.2% 418/system_server: 7.4% user + 1.8% kernel / faults: 8 minor
E/ActivityManager(  418):     5.5% 435/ActivityManager: 1.8% user + 3.7% kernel
E/ActivityManager(  418):     1.8% 431/SensorService: 1.8% user + 0% kernel
E/ActivityManager(  418):   5.4% 552/com.android.systemui: 5.4% user + 0% kernel
E/ActivityManager(  418):     5.4% 552/ndroid.systemui: 5.4% user + 0% kernel
E/ActivityManager(  418):   3.7% 132/surfaceflinger: 3.7% user + 0% kernel
E/ActivityManager(  418):     1.8% 201/SurfaceFlinger: 0% user + 1.8% kernel
E/ActivityManager(  418):     1.8% 248/EventThread: 1.8% user + 0% kernel
E/ActivityManager(  418):     1.8% 333/Binder_3: 1.8% user + 0% kernel
E/ActivityManager(  418):   1% 19/kworker/0:1: 0% user + 1% kernel
E/ActivityManager(  418):   1.1% 53/kworker/u:1: 0% user + 1.1% kernel
E/ActivityManager(  418):   1.1% 78/kworker/u:2: 0% user + 1.1% kernel
E/ActivityManager(  418):   1.3% 1430/kworker/u:5: 0% user + 1.3% kernel
E/ActivityManager(  418):   1.4% 2814/com.nagravision.mediaplayer: 1.4% user + 0% kernel
E/ActivityManager(  418): 14% TOTAL: 7.6% user + 6.6% kernel
I/Process (  418): Sending signal. PID: 2814 SIG: 6
F/libc    ( 2814): Fatal signal 6 (SIGABRT) at 0x000001a2 (code=0), thread 2814 (ion.mediaplayer)
I/DEBUG   (  130): *** *** *** *** *** *** *** *** *** *** *** *** *** *** *** ***
I/DEBUG   (  130): Build fingerprint: 'google/yakju/maguro:4.3/JWR66V/737497:user/release-keys'
I/DEBUG   (  130): Revision: '9'
I/DEBUG   (  130): pid: 2814, tid: 2814, name: ion.mediaplayer  >>> com.nagravision.mediaplayer <<<
I/DEBUG   (  130): signal 6 (SIGABRT), code -6 (SI_TKILL), fault addr --------
I/DEBUG   (  130):     r0 400f5040  r1 00000080  r2 fffffefc  r3 00000000
I/DEBUG   (  130):     r4 400f5040  r5 400f5020  r6 fffffefc  r7 000000f0
I/DEBUG   (  130):     r8 00000083  r9 be84d4ec  sl 00000000  fp be84d58c
I/DEBUG   (  130):     ip 00000001  sp be84d4a8  lr 401b5860  pc 401c373c  cpsr 600f0010
I/DEBUG   (  130):     d0  401f21486c706572  d1  0000000000000000
I/DEBUG   (  130):     d2  0000000000000000  d3  0000000000000000
I/DEBUG   (  130):     d4  0000000000000028  d5  0000000000000303
I/DEBUG   (  130):     d6  0000000000000233  d7  0000000000000078
I/DEBUG   (  130):     d8  00000000000001aa  d9  4416000043a50000
I/DEBUG   (  130):     d10 0000000043d50000  d11 0000000000000000
I/DEBUG   (  130):     d12 0000000000000000  d13 0000000000000000
I/DEBUG   (  130):     d14 0000000000000000  d15 0000000000000000
I/DEBUG   (  130):     d16 0000000000004000  d17 0000000000000001
I/DEBUG   (  130):     d18 0000000000000000  d19 0000000000000098
I/DEBUG   (  130):     d20 4010000004000000  d21 3fd99999a0000000
I/DEBUG   (  130):     d22 0000000000000000  d23 0000000000000008
I/DEBUG   (  130):     d24 00000000000001ad  d25 00000000000001b5
I/DEBUG   (  130):     d26 000000000000038b  d27 0000000000000044
I/DEBUG   (  130):     d28 0000000000000014  d29 00000000000002cb
I/DEBUG   (  130):     d30 3a1282e7a7c8eec2  d31 00000000000003cf
I/DEBUG   (  130):     scr 20000010
I/DEBUG   (  130): 
I/DEBUG   (  130): backtrace:
I/DEBUG   (  130):     #00  pc 0001c73c  /system/lib/libc.so (__futex_syscall3+8)
I/DEBUG   (  130):     #01  pc 0000e85c  /system/lib/libc.so (__pthread_cond_timedwait_relative+48)
I/DEBUG   (  130):     #02  pc 0000e8bc  /system/lib/libc.so (__pthread_cond_timedwait+64)
I/DEBUG   (  130):     #03  pc 000077d3  /system/lib/libstagefright_foundation.so (android::ALooperRoster::postAndAwaitResponse(android::sp<android::AMessage> const&, android::sp<android::AMessage>*)+78)
I/DEBUG   (  130):     #04  pc 000083ab  /system/lib/libstagefright_foundation.so (android::AMessage::postAndAwaitResponse(android::sp<android::AMessage>*)+26)
I/DEBUG   (  130):     #05  pc 00071eef  /system/lib/libstagefright.so (android::MediaCodec::PostAndAwaitResponse(android::sp<android::AMessage> const&, android::sp<android::AMessage>*)+6)
I/DEBUG   (  130):     #06  pc 00072863  /system/lib/libstagefright.so (android::MediaCodec::dequeueInputBuffer(unsigned int*, long long)+66)
I/DEBUG   (  130):     #07  pc 00012ee5  /system/lib/libmedia_jni.so
I/DEBUG   (  130):     #08  pc 0001eb0c  /system/lib/libdvm.so (dvmPlatformInvoke+112)
I/DEBUG   (  130):     #09  pc 0004f457  /system/lib/libdvm.so (dvmCallJNIMethod(unsigned int const*, JValue*, Method const*, Thread*)+398)
I/DEBUG   (  130):     #10  pc 00027fa0  /system/lib/libdvm.so
I/DEBUG   (  130):     #11  pc 0002c9d0  /system/lib/libdvm.so (dvmInterpret(Thread*, Method const*, JValue*)+184)
I/DEBUG   (  130):     #12  pc 0006176b  /system/lib/libdvm.so (dvmInvokeMethod(Object*, Method const*, ArrayObject*, ArrayObject*, ClassObject*, bool)+350)
I/DEBUG   (  130):     #13  pc 0006944b  /system/lib/libdvm.so
I/DEBUG   (  130):     #14  pc 00027fa0  /system/lib/libdvm.so
I/DEBUG   (  130):     #15  pc 0002c9d0  /system/lib/libdvm.so (dvmInterpret(Thread*, Method const*, JValue*)+184)
I/DEBUG   (  130):     #16  pc 000614ad  /system/lib/libdvm.so (dvmCallMethodV(Thread*, Method const*, Object*, bool, JValue*, std::__va_list)+292)
I/DEBUG   (  130):     #17  pc 0004b03b  /system/lib/libdvm.so
I/DEBUG   (  130):     #18  pc 0004f5e7  /system/lib/libandroid_runtime.so
I/DEBUG   (  130):     #19  pc 00050277  /system/lib/libandroid_runtime.so (android::AndroidRuntime::start(char const*, char const*)+378)
I/DEBUG   (  130):     #20  pc 0000105b  /system/bin/app_process
I/DEBUG   (  130):     #21  pc 0000dd03  /system/lib/libc.so (__libc_init+50)
I/DEBUG   (  130):     #22  pc 00000d7c  /system/bin/app_process
I/DEBUG   (  130): 
I/DEBUG   (  130): stack:
I/DEBUG   (  130):          be84d468  be84d484  [stack]
I/DEBUG   (  130):          be84d46c  57d9fce0  
I/DEBUG   (  130):          be84d470  57bea728  
I/DEBUG   (  130):          be84d474  400efc6f  /system/lib/libstagefright_foundation.so
I/DEBUG   (  130):          be84d478  be84d488  [stack]
I/DEBUG   (  130):          be84d47c  400f01c7  /system/lib/libstagefright_foundation.so (android::ALooper::post(android::sp<android::AMessage> const&, long long)+152)
I/DEBUG   (  130):          be84d480  57ce5c70  
I/DEBUG   (  130):          be84d484  57bea730  
I/DEBUG   (  130):          be84d488  0a62a340  
I/DEBUG   (  130):          be84d48c  00000000  
I/DEBUG   (  130):          be84d490  57d8aa30  
I/DEBUG   (  130):          be84d494  58e0ddc8  
I/DEBUG   (  130):          be84d498  57bea758  
I/DEBUG   (  130):          be84d49c  be84d4bc  [stack]
I/DEBUG   (  130):          be84d4a0  df0027ad  
I/DEBUG   (  130):          be84d4a4  00000000  
I/DEBUG   (  130):     #00  be84d4a8  400f5040  /system/lib/libstagefright_foundation.so
I/DEBUG   (  130):          be84d4ac  00000000  
I/DEBUG   (  130):     #01  be84d4b0  00000000  
I/DEBUG   (  130):          be84d4b4  400f5020  /system/lib/libstagefright_foundation.so
I/DEBUG   (  130):          be84d4b8  400f5040  /system/lib/libstagefright_foundation.so
I/DEBUG   (  130):          be84d4bc  00000000  
I/DEBUG   (  130):          be84d4c0  fffffffe  
I/DEBUG   (  130):          be84d4c4  401b58c0  /system/lib/libc.so (__pthread_cond_timedwait+68)
I/DEBUG   (  130):     #02  be84d4c8  57d8aa30  
I/DEBUG   (  130):          be84d4cc  00000083  
I/DEBUG   (  130):          be84d4d0  be84d4ec  [stack]
I/DEBUG   (  130):          be84d4d4  400f5020  /system/lib/libstagefright_foundation.so
I/DEBUG   (  130):          be84d4d8  be84d53c  [stack]
I/DEBUG   (  130):          be84d4dc  400f07d7  /system/lib/libstagefright_foundation.so (android::ALooperRoster::postAndAwaitResponse(android::sp<android::AMessage> const&, android::sp<android::AMessage>*)+82)
I/DEBUG   (  130): 
I/DEBUG   (  130): memory near r0:
I/DEBUG   (  130):     400f5020 00000000 400f4bb0 58e0ddb0 00000002  
I/DEBUG   (  130):     400f5030 00000000 00000014 00000003 00000084  
I/DEBUG   (  130):     400f5040 fffffefa 400f4c20 57dab890 00000001  
I/DEBUG   (  130):     400f5050 00000000 00000008 00000000 00000000  
I/DEBUG   (  130):     400f5060 00000000 00000000 00000000 00000000  
I/DEBUG   (  130):     400f5070 00000000 00000000 00000000 00000000  
I/DEBUG   (  130):     400f5080 00000000 00000000 00000000 00000000  
I/DEBUG   (  130):     400f5090 00000000 00000000 00000000 00000000  
I/DEBUG   (  130):     400f50a0 00000000 00000000 00000000 00000000  
I/DEBUG   (  130):     400f50b0 00000000 00000000 00000000 00000000  
I/DEBUG   (  130):     400f50c0 00000000 00000000 00000000 00000000  
I/DEBUG   (  130):     400f50d0 00000000 00000000 00000000 00000000  
I/DEBUG   (  130):     400f50e0 00000000 00000000 00000000 00000000  
I/DEBUG   (  130):     400f50f0 00000000 00000000 00000000 00000000  
I/DEBUG   (  130):     400f5100 00000000 00000000 00000000 00000000  
I/DEBUG   (  130):     400f5110 00000000 00000000 00000000 00000000  
I/DEBUG   (  130): 
I/DEBUG   (  130): memory near r4:
I/DEBUG   (  130):     400f5020 00000000 400f4bb0 58e0ddb0 00000002  
I/DEBUG   (  130):     400f5030 00000000 00000014 00000003 00000084  
I/DEBUG   (  130):     400f5040 fffffefa 400f4c20 57dab890 00000001  
I/DEBUG   (  130):     400f5050 00000000 00000008 00000000 00000000  
I/DEBUG   (  130):     400f5060 00000000 00000000 00000000 00000000  
I/DEBUG   (  130):     400f5070 00000000 00000000 00000000 00000000  
I/DEBUG   (  130):     400f5080 00000000 00000000 00000000 00000000  
I/DEBUG   (  130):     400f5090 00000000 00000000 00000000 00000000  
I/DEBUG   (  130):     400f50a0 00000000 00000000 00000000 00000000  
I/DEBUG   (  130):     400f50b0 00000000 00000000 00000000 00000000  
I/DEBUG   (  130):     400f50c0 00000000 00000000 00000000 00000000  
I/DEBUG   (  130):     400f50d0 00000000 00000000 00000000 00000000  
I/DEBUG   (  130):     400f50e0 00000000 00000000 00000000 00000000  
I/DEBUG   (  130):     400f50f0 00000000 00000000 00000000 00000000  
I/DEBUG   (  130):     400f5100 00000000 00000000 00000000 00000000  
I/DEBUG   (  130):     400f5110 00000000 00000000 00000000 00000000  
I/DEBUG   (  130): 
I/DEBUG   (  130): memory near r5:
I/DEBUG   (  130):     400f5000 400f5000 400f315a 00000000 400f49e8  
I/DEBUG   (  130):     400f5010 41702270 00000080 00000000 00000008  
I/DEBUG   (  130):     400f5020 00000000 400f4bb0 58e0ddb0 00000002  
I/DEBUG   (  130):     400f5030 00000000 00000014 00000003 00000084  
I/DEBUG   (  130):     400f5040 fffffefa 400f4c20 57dab890 00000001  
I/DEBUG   (  130):     400f5050 00000000 00000008 00000000 00000000  
